Archive member included to satisfy reference by file (symbol)

C:/MaximSDK/Libraries/PeriphDrivers/bin/MAX78000/softfp/libPeriphDriver_softfp.a(mxc_delay.o)
                              C:/MaximSDK/Examples/MAX78000/CNN/faceid_evkit/build/main.o (MXC_Delay)
C:/MaximSDK/Libraries/PeriphDrivers/bin/MAX78000/softfp/libPeriphDriver_softfp.a(pins_ai85.o)
                              C:/MaximSDK/Examples/MAX78000/CNN/faceid_evkit/build/camera.o (gpio_cfg_pcif_xclk)
C:/MaximSDK/Libraries/PeriphDrivers/bin/MAX78000/softfp/libPeriphDriver_softfp.a(sys_ai85.o)
                              C:/MaximSDK/Examples/MAX78000/CNN/faceid_evkit/build/state_faceID.o (MXC_SYS_ClockDisable)
C:/MaximSDK/Libraries/PeriphDrivers/bin/MAX78000/softfp/libPeriphDriver_softfp.a(nvic_table.o)
                              C:/MaximSDK/Examples/MAX78000/CNN/faceid_evkit/build/cnn.o (NVIC_SetVector)
C:/MaximSDK/Libraries/PeriphDrivers/bin/MAX78000/softfp/libPeriphDriver_softfp.a(cameraif_ai85.o)
                              C:/MaximSDK/Examples/MAX78000/CNN/faceid_evkit/build/camera.o (MXC_PCIF_Init)
C:/MaximSDK/Libraries/PeriphDrivers/bin/MAX78000/softfp/libPeriphDriver_softfp.a(cameraif_reva.o)
                              C:/MaximSDK/Libraries/PeriphDrivers/bin/MAX78000/softfp/libPeriphDriver_softfp.a(cameraif_ai85.o) (MXC_PCIF_RevA_SetDatawidth)
C:/MaximSDK/Libraries/PeriphDrivers/bin/MAX78000/softfp/libPeriphDriver_softfp.a(dma_me17.o)
                              C:/MaximSDK/Examples/MAX78000/CNN/faceid_evkit/build/main.o (MXC_DMA_Init)
C:/MaximSDK/Libraries/PeriphDrivers/bin/MAX78000/softfp/libPeriphDriver_softfp.a(dma_reva.o)
                              C:/MaximSDK/Libraries/PeriphDrivers/bin/MAX78000/softfp/libPeriphDriver_softfp.a(dma_me17.o) (MXC_DMA_RevA_Init)
C:/MaximSDK/Libraries/PeriphDrivers/bin/MAX78000/softfp/libPeriphDriver_softfp.a(lp_ai85.o)
                              C:/MaximSDK/Examples/MAX78000/CNN/faceid_evkit/build/state_faceID.o (MXC_LP_EnterSleepMode)
C:/MaximSDK/Libraries/PeriphDrivers/bin/MAX78000/softfp/libPeriphDriver_softfp.a(flc_me17.o)
                              C:/MaximSDK/Libraries/PeriphDrivers/bin/MAX78000/softfp/libPeriphDriver_softfp.a(sys_ai85.o) (MXC_FLC_UnlockInfoBlock)
C:/MaximSDK/Libraries/PeriphDrivers/bin/MAX78000/softfp/libPeriphDriver_softfp.a(flc_revb.o)
                              C:/MaximSDK/Libraries/PeriphDrivers/bin/MAX78000/softfp/libPeriphDriver_softfp.a(flc_me17.o) (MXC_FLC_RevB_Busy)
C:/MaximSDK/Libraries/PeriphDrivers/bin/MAX78000/softfp/libPeriphDriver_softfp.a(gpio_ai85.o)
                              C:/MaximSDK/Examples/MAX78000/CNN/faceid_evkit/build/cnn.o (MXC_GPIO_Config)
C:/MaximSDK/Libraries/PeriphDrivers/bin/MAX78000/softfp/libPeriphDriver_softfp.a(gpio_reva.o)
                              C:/MaximSDK/Libraries/PeriphDrivers/bin/MAX78000/softfp/libPeriphDriver_softfp.a(gpio_ai85.o) (MXC_GPIO_RevA_InGet)
C:/MaximSDK/Libraries/PeriphDrivers/bin/MAX78000/softfp/libPeriphDriver_softfp.a(i2c_me17.o)
                              C:/MaximSDK/Examples/MAX78000/CNN/faceid_evkit/build/max20303.o (MXC_I2C_Init)
C:/MaximSDK/Libraries/PeriphDrivers/bin/MAX78000/softfp/libPeriphDriver_softfp.a(i2c_reva.o)
                              C:/MaximSDK/Libraries/PeriphDrivers/bin/MAX78000/softfp/libPeriphDriver_softfp.a(i2c_me17.o) (MXC_I2C_RevA_DMACallback)
C:/MaximSDK/Libraries/PeriphDrivers/bin/MAX78000/softfp/libPeriphDriver_softfp.a(icc_me17.o)
                              C:/MaximSDK/Examples/MAX78000/CNN/faceid_evkit/build/main.o (MXC_ICC_Enable)
C:/MaximSDK/Libraries/PeriphDrivers/bin/MAX78000/softfp/libPeriphDriver_softfp.a(icc_reva.o)
                              C:/MaximSDK/Libraries/PeriphDrivers/bin/MAX78000/softfp/libPeriphDriver_softfp.a(icc_me17.o) (MXC_ICC_RevA_ID)
C:/MaximSDK/Libraries/PeriphDrivers/bin/MAX78000/softfp/libPeriphDriver_softfp.a(pt_me17.o)
                              C:/MaximSDK/Examples/MAX78000/CNN/faceid_evkit/build/camera.o (MXC_PT_Init)
C:/MaximSDK/Libraries/PeriphDrivers/bin/MAX78000/softfp/libPeriphDriver_softfp.a(pt_reva.o)
                              C:/MaximSDK/Libraries/PeriphDrivers/bin/MAX78000/softfp/libPeriphDriver_softfp.a(pt_me17.o) (MXC_PT_RevA_Init)
C:/MaximSDK/Libraries/PeriphDrivers/bin/MAX78000/softfp/libPeriphDriver_softfp.a(rtc_me17.o)
                              C:/MaximSDK/Examples/MAX78000/CNN/faceid_evkit/build/main.o (MXC_RTC_Start)
C:/MaximSDK/Libraries/PeriphDrivers/bin/MAX78000/softfp/libPeriphDriver_softfp.a(rtc_reva.o)
                              C:/MaximSDK/Libraries/PeriphDrivers/bin/MAX78000/softfp/libPeriphDriver_softfp.a(rtc_me17.o) (MXC_RTC_RevA_GetBusyFlag)
C:/MaximSDK/Libraries/PeriphDrivers/bin/MAX78000/softfp/libPeriphDriver_softfp.a(spi_me17.o)
                              C:/MaximSDK/Examples/MAX78000/CNN/faceid_evkit/build/tft_ili9341.o (MXC_SPI_Init)
C:/MaximSDK/Libraries/PeriphDrivers/bin/MAX78000/softfp/libPeriphDriver_softfp.a(spi_reva.o)
[...]
Memory Configuration

Name             Origin             Length             Attributes
ROM              0x00000000         0x00010000         xr
FLASH            0x10000000         0x00080000         xr
SRAM             0x20000000         0x00020000         xrw
*default*        0x00000000         0xffffffff

Linker script and memory map

LOAD c:/maximsdk/tools/gnutools/10.3/bin/../lib/gcc/arm-none-eabi/10.3.1/thumb/v7e-m+fp/softfp/crti.o
LOAD c:/maximsdk/tools/gnutools/10.3/bin/../lib/gcc/arm-none-eabi/10.3.1/thumb/v7e-m+fp/softfp/crtbegin.o
LOAD c:/maximsdk/tools/gnutools/10.3/bin/../lib/gcc/arm-none-eabi/10.3.1/../../../../arm-none-eabi/lib/thumb/v7e-m+fp/softfp/crt0.o
LOAD C:/MaximSDK/Examples/MAX78000/CNN/faceid_evkit/build/main.o
LOAD C:/MaximSDK/Examples/MAX78000/CNN/faceid_evkit/build/logo_rgb565.o
LOAD C:/MaximSDK/Examples/MAX78000/CNN/faceid_evkit/build/SansSerif16x16.o
LOAD C:/MaximSDK/Examples/MAX78000/CNN/faceid_evkit/build/SansSerif19x19.o
LOAD C:/MaximSDK/Examples/MAX78000/CNN/faceid_evkit/build/utils.o
LOAD C:/MaximSDK/Examples/MAX78000/CNN/faceid_evkit/build/state.o
LOAD C:/MaximSDK/Examples/MAX78000/CNN/faceid_evkit/build/state_home.o
LOAD C:/MaximSDK/Examples/MAX78000/CNN/faceid_evkit/build/state_faceID.o
LOAD C:/MaximSDK/Examples/MAX78000/CNN/faceid_evkit/build/cnn.o
LOAD C:/MaximSDK/Examples/MAX78000/CNN/faceid_evkit/build/embedding_process.o
LOAD C:/MaximSDK/Examples/MAX78000/CNN/faceid_evkit/build/board.o
LOAD C:/MaximSDK/Examples/MAX78000/CNN/faceid_evkit/build/stdio.o
LOAD C:/MaximSDK/Examples/MAX78000/CNN/faceid_evkit/build/led.o
LOAD C:/MaximSDK/Examples/MAX78000/CNN/faceid_evkit/build/pb.o
LOAD C:/MaximSDK/Examples/MAX78000/CNN/faceid_evkit/build/tft_ili9341.o
LOAD C:/MaximSDK/Examples/MAX78000/CNN/faceid_evkit/build/camera.o
LOAD C:/MaximSDK/Examples/MAX78000/CNN/faceid_evkit/build/ov7692.o
LOAD C:/MaximSDK/Examples/MAX78000/CNN/faceid_evkit/build/sccb.o
LOAD C:/MaximSDK/Examples/MAX78000/CNN/faceid_evkit/build/max20303.o
LOAD C:/MaximSDK/Examples/MAX78000/CNN/faceid_evkit/build/startup_max78000.o
LOAD C:/MaximSDK/Examples/MAX78000/CNN/faceid_evkit/build/heap.o
LOAD C:/MaximSDK/Examples/MAX78000/CNN/faceid_evkit/build/system_max78000.o
START GROUP
LOAD C:/MaximSDK/Libraries/PeriphDrivers/bin/MAX78000/softfp/libPeriphDriver_softfp.a
LOAD c:/maximsdk/tools/gnutools/10.3/bin/../lib/gcc/arm-none-eabi/10.3.1/../../../../arm-none-eabi/lib/thumb/v7e-m+fp/softfp\libc.a
LOAD c:/maximsdk/tools/gnutools/10.3/bin/../lib/gcc/arm-none-eabi/10.3.1/../../../../arm-none-eabi/lib/thumb/v7e-m+fp/softfp\libm.a
LOAD c:/maximsdk/tools/gnutools/10.3/bin/../lib/gcc/arm-none-eabi/10.3.1/../../../../arm-none-eabi/lib/thumb/v7e-m+fp/softfp\libnosys.a
END GROUP
START GROUP
LOAD c:/maximsdk/tools/gnutools/10.3/bin/../lib/gcc/arm-none-eabi/10.3.1/thumb/v7e-m+fp/softfp\libgcc.a
LOAD c:/maximsdk/tools/gnutools/10.3/bin/../lib/gcc/arm-none-eabi/10.3.1/../../../../arm-none-eabi/lib/thumb/v7e-m+fp/softfp\libc.a
END GROUP
LOAD c:/maximsdk/tools/gnutools/10.3/bin/../lib/gcc/arm-none-eabi/10.3.1/thumb/v7e-m+fp/softfp/crtend.o
LOAD c:/maximsdk/tools/gnutools/10.3/bin/../lib/gcc/arm-none-eabi/10.3.1/thumb/v7e-m+fp/softfp/crtn.o

.rom
 *(.rom_vector)
 *(.rom_handlers*)

.text           0x10000000    0x3e60c
                0x10000000                _text = .
 *(.isr_vector)
 .isr_vector    0x10000000      0x1e0 C:/MaximSDK/Examples/MAX78000/CNN/faceid_evkit/build/startup_max78000.o
                0x10000000                __isr_vector
 *(.text*)
 .text          0x100001e0       0x40 c:/maximsdk/tools/gnutools/10.3/bin/../lib/gcc/arm-none-eabi/10.3.1/thumb/v7e-m+fp/softfp/crtbegin.o
 .text.WUT_IRQHandler
                0x10000220        0x4 C:/MaximSDK/Examples/MAX78000/CNN/faceid_evkit/build/main.o
                0x10000220                WUT_IRQHandler
 .text.startup.main
                0x10000224      0x194 C:/MaximSDK/Examples/MAX78000/CNN/faceid_evkit/build/main.o
                0x10000224                main
 .text.utils_get_time_ms
                0x100003b8       0x3c C:/MaximSDK/Examples/MAX78000/CNN/faceid_evkit/build/utils.o
                0x100003b8                utils_get_time_ms
 .text.state_init
                0x100003f4       0x18 C:/MaximSDK/Examples/MAX78000/CNN/faceid_evkit/build/state.o
                0x100003f4                state_init
 .text.state_set_current
                0x1000040c       0x14 C:/MaximSDK/Examples/MAX78000/CNN/faceid_evkit/build/state.o
                0x1000040c                state_set_current
 .text.state_get_current
                0x10000420        0xc C:/MaximSDK/Examples/MAX78000/CNN/faceid_evkit/build/state.o
                0x10000420                state_get_current
 .text.init     0x1000042c        0x4 C:/MaximSDK/Examples/MAX78000/CNN/faceid_evkit/build/state_home.o
 .text.key_process
                0x10000430       0x18 C:/MaximSDK/Examples/MAX78000/CNN/faceid_evkit/build/state_home.o
 .text.get_home_state
                0x10000448        0x8 C:/MaximSDK/Examples/MAX78000/CNN/faceid_evkit/build/state_home.o
                0x10000448                get_home_state
 .text.run_cnn  0x10000450      0x1d8 C:/MaximSDK/Examples/MAX78000/CNN/faceid_evkit/build/state_faceID.o
 .text.init     0x10000628      0x140 C:/MaximSDK/Examples/MAX78000/CNN/faceid_evkit/build/state_faceID.o
 .text.key_process
                0x10000768       0x18 C:/MaximSDK/Examples/MAX78000/CNN/faceid_evkit/build/state_faceID.o
 .text.get_faceID_state
                0x10000780        0x8 C:/MaximSDK/Examples/MAX78000/CNN/faceid_evkit/build/state_faceID.o
                0x10000780                get_faceID_state
 .text.CNN_ISR  0x10000788       0x50 C:/MaximSDK/Examples/MAX78000/CNN/faceid_evkit/build/cnn.o
                0x10000788                CNN_ISR
 .text.cnn_stop
                0x100007d8       0x14 C:/MaximSDK/Examples/MAX78000/CNN/faceid_evkit/build/cnn.o
                0x100007d8                cnn_stop
 .text.cnn_load_weights
                0x100007ec      0xc9c C:/MaximSDK/Examples/MAX78000/CNN/faceid_evkit/build/cnn.o
                0x100007ec                cnn_load_weights
 .text.cnn_load_bias
                0x10001488        0x4 C:/MaximSDK/Examples/MAX78000/CNN/faceid_evkit/build/cnn.o
                0x10001488                cnn_load_bias
 .text.cnn_init
                0x1000148c       0x54 C:/MaximSDK/Examples/MAX78000/CNN/faceid_evkit/build/cnn.o
                0x1000148c                cnn_init
 .text.cnn_configure
                0x100014e0      0xaa8 C:/MaximSDK/Examples/MAX78000/CNN/faceid_evkit/build/cnn.o
                0x100014e0                cnn_configure
 .text.cnn_start
                0x10001f88       0x50 C:/MaximSDK/Examples/MAX78000/CNN/faceid_evkit/build/cnn.o
                0x10001f88                cnn_start
 .text.cnn_unload
                0x10001fd8     0x1020 C:/MaximSDK/Examples/MAX78000/CNN/faceid_evkit/build/cnn.o
                0x10001fd8                cnn_unload
 .text.cnn_enable
                0x10002ff8       0x3c C:/MaximSDK/Examples/MAX78000/CNN/faceid_evkit/build/cnn.o
                0x10002ff8                cnn_enable
 .text.init_database
                0x10003034       0x98 C:/MaximSDK/Examples/MAX78000/CNN/faceid_evkit/build/embedding_process.o
                0x10003034                init_database
 .text.get_subject
                0x100030cc       0x48 C:/MaximSDK/Examples/MAX78000/CNN/faceid_evkit/build/embedding_process.o
                0x100030cc                get_subject
 .text.get_min_dist_counter
                0x10003114       0x18 C:/MaximSDK/Examples/MAX78000/CNN/faceid_evkit/build/embedding_process.o
                0x10003114                get_min_dist_counter
 .text.calculate_minDistance
                0x1000312c      0x284 C:/MaximSDK/Examples/MAX78000/CNN/faceid_evkit/build/embedding_process.o
                0x1000312c                calculate_minDistance
 .text.mxc_assert
                0x100033b0       0x10 C:/MaximSDK/Examples/MAX78000/CNN/faceid_evkit/build/board.o
                0x100033b0                mxc_assert
 .text.Board_Init
                0x100033c0       0x6c C:/MaximSDK/Examples/MAX78000/CNN/faceid_evkit/build/board.o
                0x100033c0                Board_Init
 .text.NMI_Handler
                0x1000342c        0x4 C:/MaximSDK/Examples/MAX78000/CNN/faceid_evkit/build/board.o
                0x1000342c                NMI_Handler
 .text.Camera_Power
                0x10003430       0x1c C:/MaximSDK/Examples/MAX78000/CNN/faceid_evkit/build/board.o
                0x10003430                Camera_Power
 .text._close   0x1000344c        0x8 C:/MaximSDK/Examples/MAX78000/CNN/faceid_evkit/build/stdio.o
                0x1000344c                _close
 .text._isatty  0x10003454        0x8 C:/MaximSDK/Examples/MAX78000/CNN/faceid_evkit/build/stdio.o
                0x10003454                _isatty
 .text._lseek   0x1000345c        0x8 C:/MaximSDK/Examples/MAX78000/CNN/faceid_evkit/build/stdio.o
                0x1000345c                _lseek
 .text._fstat   0x10003464        0x8 C:/MaximSDK/Examples/MAX78000/CNN/faceid_evkit/build/stdio.o
                0x10003464                _fstat
 .text._read    0x1000346c       0x50 C:/MaximSDK/Examples/MAX78000/CNN/faceid_evkit/build/stdio.o
                0x1000346c                _read
 .text._write   0x100034bc       0x54 C:/MaximSDK/Examples/MAX78000/CNN/faceid_evkit/build/stdio.o
                0x100034bc                _write
 .text.LED_Init
                0x10003510       0x40 C:/MaximSDK/Examples/MAX78000/CNN/faceid_evkit/build/led.o
                0x10003510                LED_Init
 .text.LED_On   0x10003550       0x40 C:/MaximSDK/Examples/MAX78000/CNN/faceid_evkit/build/led.o
                0x10003550                LED_On
 .text.LED_Off  0x10003590       0x40 C:/MaximSDK/Examples/MAX78000/CNN/faceid_evkit/build/led.o
                0x10003590                LED_Off
 .text.PB_Init  0x100035d0       0x38 C:/MaximSDK/Examples/MAX78000/CNN/faceid_evkit/build/pb.o
                0x100035d0                PB_Init
 .text.GPIO0_IRQHandler
                0x10003608        0x8 C:/MaximSDK/Examples/MAX78000/CNN/faceid_evkit/build/pb.o
                0x10003608                GPIO0_IRQHandler
 .text.GPIO1_IRQHandler
                0x10003610        0x8 C:/MaximSDK/Examples/MAX78000/CNN/faceid_evkit/build/pb.o
                0x10003610                GPIO1_IRQHandler
 .text.GPIO2_IRQHandler
                0x10003618        0x8 C:/MaximSDK/Examples/MAX78000/CNN/faceid_evkit/build/pb.o
                0x10003618                GPIO2_IRQHandler
 .text.camera_irq_handler
                0x10003620      0x13c C:/MaximSDK/Examples/MAX78000/CNN/faceid_evkit/build/camera.o
                0x10003620                camera_irq_handler
 .text.stream_callback
                0x1000375c       0xbc C:/MaximSDK/Examples/MAX78000/CNN/faceid_evkit/build/camera.o
 .text.setup_dma
                0x10003818       0x90 C:/MaximSDK/Examples/MAX78000/CNN/faceid_evkit/build/camera.o
 .text.stream_irq_handler
                0x100038a8        0x4 C:/MaximSDK/Examples/MAX78000/CNN/faceid_evkit/build/camera.o
                0x100038a8                stream_irq_handler
 .text.camera_init
                0x100038ac      0x138 C:/MaximSDK/Examples/MAX78000/CNN/faceid_evkit/build/camera.o
                0x100038ac                camera_init
 .text.camera_setup
                0x100039e4      0x1d8 C:/MaximSDK/Examples/MAX78000/CNN/faceid_evkit/build/camera.o
                0x100039e4                camera_setup
 .text.camera_get_slave_address
                0x10003bbc        0xc C:/MaximSDK/Examples/MAX78000/CNN/faceid_evkit/build/camera.o
                0x10003bbc                camera_get_slave_address
 .text.camera_get_product_id
                0x10003bc8        0xc C:/MaximSDK/Examples/MAX78000/CNN/faceid_evkit/build/camera.o
                0x10003bc8                camera_get_product_id
 .text.camera_get_manufacture_id
                0x10003bd4        0xc C:/MaximSDK/Examples/MAX78000/CNN/faceid_evkit/build/camera.o
                0x10003bd4                camera_get_manufacture_id
 .text.camera_start_capture_image
                0x10003be0       0x3c C:/MaximSDK/Examples/MAX78000/CNN/faceid_evkit/build/camera.o
                0x10003be0                camera_start_capture_image
 .text.camera_is_image_rcv
                0x10003c1c       0x10 C:/MaximSDK/Examples/MAX78000/CNN/faceid_evkit/build/camera.o
                0x10003c1c                camera_is_image_rcv
 .text.camera_get_image
                0x10003c2c       0x3c C:/MaximSDK/Examples/MAX78000/CNN/faceid_evkit/build/camera.o
                0x10003c2c                camera_get_image
 .text.init     0x10003c68       0x10 C:/MaximSDK/Examples/MAX78000/CNN/faceid_evkit/build/ov7692.o
 .text.get_slave_address
                0x10003c78        0xc C:/MaximSDK/Examples/MAX78000/CNN/faceid_evkit/build/ov7692.o
 .text.get_pixformat
                0x10003c84       0x10 C:/MaximSDK/Examples/MAX78000/CNN/faceid_evkit/build/ov7692.o
 .text.set_saturation
                0x10003c94        0x4 C:/MaximSDK/Examples/MAX78000/CNN/faceid_evkit/build/ov7692.o
 .text.get_luminance
                0x10003c98       0x60 C:/MaximSDK/Examples/MAX78000/CNN/faceid_evkit/build/ov7692.o
 .text.read_reg
                0x10003cf8       0x20 C:/MaximSDK/Examples/MAX78000/CNN/faceid_evkit/build/ov7692.o
 .text.get_manufacture_id
                0x10003d18       0x3c C:/MaximSDK/Examples/MAX78000/CNN/faceid_evkit/build/ov7692.o
 .text.get_product_id
                0x10003d54       0x3c C:/MaximSDK/Examples/MAX78000/CNN/faceid_evkit/build/ov7692.o
 .text.set_negateimage
                0x10003d90       0x90 C:/MaximSDK/Examples/MAX78000/CNN/faceid_evkit/build/ov7692.o
 .text.set_vflip
                0x10003e20       0x3c C:/MaximSDK/Examples/MAX78000/CNN/faceid_evkit/build/ov7692.o
 .text.set_hmirror
                0x10003e5c       0x3c C:/MaximSDK/Examples/MAX78000/CNN/faceid_evkit/build/ov7692.o
 .text.set_colorbar
                0x10003e98       0x3c C:/MaximSDK/Examples/MAX78000/CNN/faceid_evkit/build/ov7692.o
 .text.set_gainceiling
                0x10003ed4       0xa0 C:/MaximSDK/Examples/MAX78000/CNN/faceid_evkit/build/ov7692.o
 .text.set_brightness
                0x10003f74       0xa8 C:/MaximSDK/Examples/MAX78000/CNN/faceid_evkit/build/ov7692.o
 .text.set_contrast
                0x1000401c       0xa0 C:/MaximSDK/Examples/MAX78000/CNN/faceid_evkit/build/ov7692.o
 .text.set_windowing
                0x100040bc      0x120 C:/MaximSDK/Examples/MAX78000/CNN/faceid_evkit/build/ov7692.o
 .text.set_framesize
                0x100041dc       0xc0 C:/MaximSDK/Examples/MAX78000/CNN/faceid_evkit/build/ov7692.o
 .text.set_pixformat
                0x1000429c       0x54 C:/MaximSDK/Examples/MAX78000/CNN/faceid_evkit/build/ov7692.o
 .text.write_reg
                0x100042f0       0x18 C:/MaximSDK/Examples/MAX78000/CNN/faceid_evkit/build/ov7692.o
 .text.sleep    0x10004308       0x3c C:/MaximSDK/Examples/MAX78000/CNN/faceid_evkit/build/ov7692.o
 .text.reset    0x10004344       0x64 C:/MaximSDK/Examples/MAX78000/CNN/faceid_evkit/build/ov7692.o
 .text.dump_registers
                0x100043a8       0xa4 C:/MaximSDK/Examples/MAX78000/CNN/faceid_evkit/build/ov7692.o
 .text.sensor_register
                0x1000444c       0xbc C:/MaximSDK/Examples/MAX78000/CNN/faceid_evkit/build/ov7692.o
                0x1000444c                sensor_register
 .text.send_byte
                0x10004508       0x68 C:/MaximSDK/Examples/MAX78000/CNN/faceid_evkit/build/sccb.o
 .text.get_byte
                0x10004570       0x50 C:/MaximSDK/Examples/MAX78000/CNN/faceid_evkit/build/sccb.o
 .text.sccb_init
                0x100045c0       0x2c C:/MaximSDK/Examples/MAX78000/CNN/faceid_evkit/build/sccb.o
                0x100045c0                sccb_init
 .text.sccb_read_byt
                0x100045ec      0x11c C:/MaximSDK/Examples/MAX78000/CNN/faceid_evkit/build/sccb.o
                0x100045ec                sccb_read_byt
 .text.sccb_write_byt
                0x10004708       0xa4 C:/MaximSDK/Examples/MAX78000/CNN/faceid_evkit/build/sccb.o
                0x10004708                sccb_write_byt
 .text.reg_read
                0x100047ac       0x78 C:/MaximSDK/Examples/MAX78000/CNN/faceid_evkit/build/max20303.o
 .text.reg_write
                0x10004824       0x60 C:/MaximSDK/Examples/MAX78000/CNN/faceid_evkit/build/max20303.o
 .text.reg_write_buf.constprop.0
                0x10004884       0x70 C:/MaximSDK/Examples/MAX78000/CNN/faceid_evkit/build/max20303.o
 .text.max20303_camera_power
                0x100048f4       0x68 C:/MaximSDK/Examples/MAX78000/CNN/faceid_evkit/build/max20303.o
                0x100048f4                max20303_camera_power
 .text.max20303_init
                0x1000495c       0x68 C:/MaximSDK/Examples/MAX78000/CNN/faceid_evkit/build/max20303.o
                0x1000495c                max20303_init
 .text          0x100049c4      0x148 C:/MaximSDK/Examples/MAX78000/CNN/faceid_evkit/build/startup_max78000.o
                0x100049c4                Reset_Handler
                0x10004a02                HardFault_Handler
                0x10004a04                MemManage_Handler
                0x10004a06                BusFault_Handler
                0x10004a08                UsageFault_Handler
                0x10004a0a                SVC_Handler
                0x10004a0c                DebugMon_Handler
                0x10004a0e                PendSV_Handler
                0x10004a10                SysTick_Handler
                0x10004a12                Default_Handler
                0x10004a14                PF_IRQHandler
                0x10004a16                WDT0_IRQHandler
                0x10004a18                RSV02_IRQHandler
                0x10004a1a                RTC_IRQHandler
                0x10004a1c                TRNG_IRQHandler
                0x10004a1e                TMR0_IRQHandler
                0x10004a20                TMR1_IRQHandler
                0x10004a22                TMR2_IRQHandler
                0x10004a24                TMR3_IRQHandler
                0x10004a26                TMR4_IRQHandler
                0x10004a28                TMR5_IRQHandler
                0x10004a2a                RSV11_IRQHandler
                0x10004a2c                RSV12_IRQHandler
                0x10004a2e                I2C0_IRQHandler
                0x10004a30                UART0_IRQHandler
                0x10004a32                UART1_IRQHandler
                0x10004a34                SPI1_IRQHandler
                0x10004a36                RSV17_IRQHandler
                0x10004a38                RSV18_IRQHandler
                0x10004a3a                RSV19_IRQHandler
                0x10004a3c                ADC_IRQHandler
                0x10004a3e                RSV21_IRQHandler
                0x10004a40                RSV22_IRQHandler
                0x10004a42                FLC0_IRQHandler
                0x10004a4a                RSV27_IRQHandler
                0x10004a4c                DMA0_IRQHandler
                0x10004a4e                DMA1_IRQHandler
                0x10004a50                DMA2_IRQHandler
                0x10004a52                DMA3_IRQHandler
                0x10004a54                RSV32_IRQHandler
                0x10004a56                RSV33_IRQHandler
                0x10004a58                UART2_IRQHandler
                0x10004a5a                RSV35_IRQHandler
                0x10004a5c                I2C1_IRQHandler
                0x10004a5e                RSV37_IRQHandler
                0x10004a60                RSV38_IRQHandler
                0x10004a62                RSV39_IRQHandler
                0x10004a64                RSV40_IRQHandler
                0x10004a66                RSV41_IRQHandler
                0x10004a68                RSV42_IRQHandler
                0x10004a6a                RSV43_IRQHandler
                0x10004a6c                RSV44_IRQHandler
                0x10004a6e                RSV45_IRQHandler
                0x10004a70                RSV46_IRQHandler
                0x10004a72                RSV47_IRQHandler
                0x10004a74                RSV48_IRQHandler
                0x10004a76                RSV49_IRQHandler
                0x10004a78                RSV50_IRQHandler
                0x10004a7a                RSV51_IRQHandler
                0x10004a7c                RSV52_IRQHandler
                0x10004a80                GPIOWAKE_IRQHandler
                0x10004a82                RSV55_IRQHandler
                0x10004a84                SPI0_IRQHandler
                0x10004a86                WDT1_IRQHandler
                0x10004a88                RSV58_IRQHandler
                0x10004a8a                PT_IRQHandler
                0x10004a8c                RSV60_IRQHandler
                0x10004a8e                RSV61_IRQHandler
                0x10004a90                I2C2_IRQHandler
                0x10004a92                RISCV_IRQHandler
                0x10004a94                RSV64_IRQHandler
                0x10004a96                RSV65_IRQHandler
                0x10004a98                RSV66_IRQHandler
                0x10004a9a                OWM_IRQHandler
                0x10004a9c                RSV68_IRQHandler
                0x10004a9e                RSV69_IRQHandler
                0x10004aa0                RSV70_IRQHandler
                0x10004aa2                RSV71_IRQHandler
                0x10004aa4                RSV72_IRQHandler
                0x10004aa6                RSV73_IRQHandler
                0x10004aa8                RSV74_IRQHandler
                0x10004aaa                RSV75_IRQHandler
                0x10004aac                RSV76_IRQHandler
                0x10004aae                RSV77_IRQHandler
                0x10004ab0                RSV78_IRQHandler
                0x10004ab2                RSV79_IRQHandler
                0x10004ab4                RSV80_IRQHandler
                0x10004ab6                RSV81_IRQHandler
                0x10004ab8                ECC_IRQHandler
                0x10004aba                DVS_IRQHandler
                0x10004abc                SIMO_IRQHandler
                0x10004abe                RSV85_IRQHandler
                0x10004ac0                RSV86_IRQHandler
                0x10004ac2                RSV87_IRQHandler
                0x10004ac4                UART3_IRQHandler
                0x10004ac6                RSV89_IRQHandler
                0x10004ac8                RSV90_IRQHandler
                0x10004aca                PCIF_IRQHandler
                0x10004acc                RSV92_IRQHandler
                0x10004ace                RSV93_IRQHandler
                0x10004ad0                RSV94_IRQHandler
                0x10004ad2                RSV95_IRQHandler
                0x10004ad4                RSV96_IRQHandler
                0x10004ad6                AES_IRQHandler
                0x10004ad8                RSV98_IRQHandler
                0x10004ada                I2S_IRQHandler
                0x10004adc                CNN_FIFO_IRQHandler
                0x10004ade                CNN_IRQHandler
                0x10004ae0                RSV102_IRQHandler
                0x10004ae2                LPCMP_IRQHandler
 .text._sbrk    0x10004b0c       0x3c C:/MaximSDK/Examples/MAX78000/CNN/faceid_evkit/build/heap.o
                0x10004b0c                _sbrk
 .text.SystemCoreClockUpdate
                0x10004b48       0x68 C:/MaximSDK/Examples/MAX78000/CNN/faceid_evkit/build/system_max78000.o
                0x10004b48                SystemCoreClockUpdate
 .text.PreInit  0x10004bb0        0x4 C:/MaximSDK/Examples/MAX78000/CNN/faceid_evkit/build/system_max78000.o
                0x10004bb0                PreInit
 .text.SystemInit
                0x10004bb4       0x38 C:/MaximSDK/Examples/MAX78000/CNN/faceid_evkit/build/system_max78000.o
                0x10004bb4                SystemInit
 .text.MXC_DelayInit
                0x10004bec       0x7c C:/MaximSDK/Libraries/PeriphDrivers/bin/MAX78000/softfp/libPeriphDriver_softfp.a(mxc_delay.o)
 .text.MXC_DelayAsync
                0x10004c68       0x3c C:/MaximSDK/Libraries/PeriphDrivers/bin/MAX78000/softfp/libPeriphDriver_softfp.a(mxc_delay.o)
                0x10004c68                MXC_DelayAsync
 .text.MXC_DelayCheck
                0x10004ca4       0x70 C:/MaximSDK/Libraries/PeriphDrivers/bin/MAX78000/softfp/libPeriphDriver_softfp.a(mxc_delay.o)
                0x10004ca4                MXC_DelayCheck
 .text.MXC_DelayAbort
                0x10004d14       0x34 C:/MaximSDK/Libraries/PeriphDrivers/bin/MAX78000/softfp/libPeriphDriver_softfp.a(mxc_delay.o)
                0x10004d14                MXC_DelayAbort
 .text.MXC_Delay
                0x10004d48       0x74 C:/MaximSDK/Libraries/PeriphDrivers/bin/MAX78000/softfp/libPeriphDriver_softfp.a(mxc_delay.o)
                0x10004d48                MXC_Delay
 .text.MXC_SYS_IsClockEnabled
                0x10004dbc       0x44 C:/MaximSDK/Libraries/PeriphDrivers/bin/MAX78000/softfp/libPeriphDriver_softfp.a(sys_ai85.o)
                0x10004dbc                MXC_SYS_IsClockEnabled
 .text.MXC_SYS_ClockDisable
                0x10004e00       0x44 C:/MaximSDK/Libraries/PeriphDrivers/bin/MAX78000/softfp/libPeriphDriver_softfp.a(sys_ai85.o)
                0x10004e00                MXC_SYS_ClockDisable
 .text.MXC_SYS_ClockEnable
                0x10004e44       0x4c C:/MaximSDK/Libraries/PeriphDrivers/bin/MAX78000/softfp/libPeriphDriver_softfp.a(sys_ai85.o)
                0x10004e44                MXC_SYS_ClockEnable
 .text.MXC_SYS_ClockSourceEnable
                0x10004e90       0xec C:/MaximSDK/Libraries/PeriphDrivers/bin/MAX78000/softfp/libPeriphDriver_softfp.a(sys_ai85.o)
                0x10004e90                MXC_SYS_ClockSourceEnable
 .text.MXC_SYS_Clock_Select
                0x10004f7c      0x17c C:/MaximSDK/Libraries/PeriphDrivers/bin/MAX78000/softfp/libPeriphDriver_softfp.a(sys_ai85.o)
                0x10004f7c                MXC_SYS_Clock_Select
 .text.MXC_SYS_Reset_Periph
                0x100050f8       0x50 C:/MaximSDK/Libraries/PeriphDrivers/bin/MAX78000/softfp/libPeriphDriver_softfp.a(sys_ai85.o)
                0x100050f8                MXC_SYS_Reset_Periph
 .text.NVIC_SetVector
                0x10005148       0x4c C:/MaximSDK/Libraries/PeriphDrivers/bin/MAX78000/softfp/libPeriphDriver_softfp.a(nvic_table.o)
                0x10005148                NVIC_SetVector
 .text.MXC_PCIF_Init
                0x10005194       0x6c C:/MaximSDK/Libraries/PeriphDrivers/bin/MAX78000/softfp/libPeriphDriver_softfp.a(cameraif_ai85.o)
                0x10005194                MXC_PCIF_Init
 .text.MXC_PCIF_SetDataWidth
                0x10005200        0xc C:/MaximSDK/Libraries/PeriphDrivers/bin/MAX78000/softfp/libPeriphDriver_softfp.a(cameraif_ai85.o)
                0x10005200                MXC_PCIF_SetDataWidth
 .text.MXC_PCIF_SetTimingSel
                0x1000520c        0xc C:/MaximSDK/Libraries/PeriphDrivers/bin/MAX78000/softfp/libPeriphDriver_softfp.a(cameraif_ai85.o)
                0x1000520c                MXC_PCIF_SetTimingSel
 .text.MXC_PCIF_SetThreshold
                0x10005218        0xc C:/MaximSDK/Libraries/PeriphDrivers/bin/MAX78000/softfp/libPeriphDriver_softfp.a(cameraif_ai85.o)
                0x10005218                MXC_PCIF_SetThreshold
 .text.MXC_PCIF_EnableInt
                0x10005224        0xc C:/MaximSDK/Libraries/PeriphDrivers/bin/MAX78000/softfp/libPeriphDriver_softfp.a(cameraif_ai85.o)
                0x10005224                MXC_PCIF_EnableInt
 .text.MXC_PCIF_DisableInt
                0x10005230        0xc C:/MaximSDK/Libraries/PeriphDrivers/bin/MAX78000/softfp/libPeriphDriver_softfp.a(cameraif_ai85.o)
                0x10005230                MXC_PCIF_DisableInt
 .text.MXC_PCIF_Start
                0x1000523c        0xc C:/MaximSDK/Libraries/PeriphDrivers/bin/MAX78000/softfp/libPeriphDriver_softfp.a(cameraif_ai85.o)
                0x1000523c                MXC_PCIF_Start
 .text.MXC_PCIF_RevA_SetDatawidth
                0x10005248       0x14 C:/MaximSDK/Libraries/PeriphDrivers/bin/MAX78000/softfp/libPeriphDriver_softfp.a(cameraif_reva.o)
                0x10005248                MXC_PCIF_RevA_SetDatawidth
 .text.MXC_PCIF_RevA_SetTimingSel
                0x1000525c       0x14 C:/MaximSDK/Libraries/PeriphDrivers/bin/MAX78000/softfp/libPeriphDriver_softfp.a(cameraif_reva.o)
                0x1000525c                MXC_PCIF_RevA_SetTimingSel
 .text.MXC_PCIF_RevA_SetThreshold
                0x10005270       0x18 C:/MaximSDK/Libraries/PeriphDrivers/bin/MAX78000/softfp/libPeriphDriver_softfp.a(cameraif_reva.o)
                0x10005270                MXC_PCIF_RevA_SetThreshold
 .text.MXC_PCIF_RevA_EnableInt
                0x10005288        0xc C:/MaximSDK/Libraries/PeriphDrivers/bin/MAX78000/softfp/libPeriphDriver_softfp.a(cameraif_reva.o)
                0x10005288                MXC_PCIF_RevA_EnableInt
 .text.MXC_PCIF_RevA_DisableInt
                0x10005294       0x10 C:/MaximSDK/Libraries/PeriphDrivers/bin/MAX78000/softfp/libPeriphDriver_softfp.a(cameraif_reva.o)
                0x10005294                MXC_PCIF_RevA_DisableInt
 .text.MXC_PCIF_RevA_Start
                0x100052a4       0x14 C:/MaximSDK/Libraries/PeriphDrivers/bin/MAX78000/softfp/libPeriphDriver_softfp.a(cameraif_reva.o)
                0x100052a4                MXC_PCIF_RevA_Start
 .text.MXC_DMA_Init
                0x100052b8       0x30 C:/MaximSDK/Libraries/PeriphDrivers/bin/MAX78000/softfp/libPeriphDriver_softfp.a(dma_me17.o)
                0x100052b8                MXC_DMA_Init
 .text.MXC_DMA_AcquireChannel
                0x100052e8        0xc C:/MaximSDK/Libraries/PeriphDrivers/bin/MAX78000/softfp/libPeriphDriver_softfp.a(dma_me17.o)
                0x100052e8                MXC_DMA_AcquireChannel
 .text.MXC_DMA_SetCallback
                0x100052f4        0x4 C:/MaximSDK/Libraries/PeriphDrivers/bin/MAX78000/softfp/libPeriphDriver_softfp.a(dma_me17.o)
                0x100052f4                MXC_DMA_SetCallback
 .text.MXC_DMA_ChannelClearFlags
                0x100052f8        0x4 C:/MaximSDK/Libraries/PeriphDrivers/bin/MAX78000/softfp/libPeriphDriver_softfp.a(dma_me17.o)
                0x100052f8                MXC_DMA_ChannelClearFlags
 .text.MXC_DMA_Handler
                0x100052fc        0xc C:/MaximSDK/Libraries/PeriphDrivers/bin/MAX78000/softfp/libPeriphDriver_softfp.a(dma_me17.o)
                0x100052fc                MXC_DMA_Handler
 .text.MXC_DMA_RevA_Init
                0x10005308       0x94 C:/MaximSDK/Libraries/PeriphDrivers/bin/MAX78000/softfp/libPeriphDriver_softfp.a(dma_reva.o)
                0x10005308                MXC_DMA_RevA_Init
 .text.MXC_DMA_RevA_AcquireChannel
                0x1000539c       0x74 C:/MaximSDK/Libraries/PeriphDrivers/bin/MAX78000/softfp/libPeriphDriver_softfp.a(dma_reva.o)
                0x1000539c                MXC_DMA_RevA_AcquireChannel
 .text.MXC_DMA_RevA_SetCallback
                0x10005410       0x24 C:/MaximSDK/Libraries/PeriphDrivers/bin/MAX78000/softfp/libPeriphDriver_softfp.a(dma_reva.o)
                0x10005410                MXC_DMA_RevA_SetCallback
 .text.MXC_DMA_RevA_ChannelClearFlags
                0x10005434       0x2c C:/MaximSDK/Libraries/PeriphDrivers/bin/MAX78000/softfp/libPeriphDriver_softfp.a(dma_reva.o)
                0x10005434                MXC_DMA_RevA_ChannelClearFlags
 .text.MXC_DMA_RevA_Handler
                0x10005460       0x80 C:/MaximSDK/Libraries/PeriphDrivers/bin/MAX78000/softfp/libPeriphDriver_softfp.a(dma_reva.o)
                0x10005460                MXC_DMA_RevA_Handler
 .text.MXC_LP_EnterSleepMode
                0x100054e0       0x28 C:/MaximSDK/Libraries/PeriphDrivers/bin/MAX78000/softfp/libPeriphDriver_softfp.a(lp_ai85.o)
                0x100054e0                MXC_LP_EnterSleepMode
 .text.MXC_LP_EnterLowPowerMode
                0x10005508       0x40 C:/MaximSDK/Libraries/PeriphDrivers/bin/MAX78000/softfp/libPeriphDriver_softfp.a(lp_ai85.o)
                0x10005508                MXC_LP_EnterLowPowerMode
 .text.MXC_LP_EnableWUTAlarmWakeup
                0x10005548       0x10 C:/MaximSDK/Libraries/PeriphDrivers/bin/MAX78000/softfp/libPeriphDriver_softfp.a(lp_ai85.o)
                0x10005548                MXC_LP_EnableWUTAlarmWakeup
 .text.MXC_GPIO_Config
                0x10005558      0x204 C:/MaximSDK/Libraries/PeriphDrivers/bin/MAX78000/softfp/libPeriphDriver_softfp.a(gpio_ai85.o)
                0x10005558                MXC_GPIO_Config
 .text.MXC_GPIO_OutSet
                0x1000575c       0x34 C:/MaximSDK/Libraries/PeriphDrivers/bin/MAX78000/softfp/libPeriphDriver_softfp.a(gpio_ai85.o)
                0x1000575c                MXC_GPIO_OutSet
 .text.MXC_GPIO_OutClr
                0x10005790       0x34 C:/MaximSDK/Libraries/PeriphDrivers/bin/MAX78000/softfp/libPeriphDriver_softfp.a(gpio_ai85.o)
                0x10005790                MXC_GPIO_OutClr
 .text.MXC_GPIO_Handler
                0x100057c4        0x4 C:/MaximSDK/Libraries/PeriphDrivers/bin/MAX78000/softfp/libPeriphDriver_softfp.a(gpio_ai85.o)
                0x100057c4                MXC_GPIO_Handler
 .text.MXC_GPIO_ClearFlags
                0x100057c8        0x4 C:/MaximSDK/Libraries/PeriphDrivers/bin/MAX78000/softfp/libPeriphDriver_softfp.a(gpio_ai85.o)
                0x100057c8                MXC_GPIO_ClearFlags
 .text.MXC_GPIO_GetFlags
                0x100057cc        0x4 C:/MaximSDK/Libraries/PeriphDrivers/bin/MAX78000/softfp/libPeriphDriver_softfp.a(gpio_ai85.o)
                0x100057cc                MXC_GPIO_GetFlags
 .text.MXC_GPIO_SetVSSEL
                0x100057d0        0x4 C:/MaximSDK/Libraries/PeriphDrivers/bin/MAX78000/softfp/libPeriphDriver_softfp.a(gpio_ai85.o)
                0x100057d0                MXC_GPIO_SetVSSEL
 .text.MXC_GPIO_RevA_OutSet
                0x100057d4        0x4 C:/MaximSDK/Libraries/PeriphDrivers/bin/MAX78000/softfp/libPeriphDriver_softfp.a(gpio_reva.o)
                0x100057d4                MXC_GPIO_RevA_OutSet
 .text.MXC_GPIO_RevA_OutClr
                0x100057d8        0x4 C:/MaximSDK/Libraries/PeriphDrivers/bin/MAX78000/softfp/libPeriphDriver_softfp.a(gpio_reva.o)
                0x100057d8                MXC_GPIO_RevA_OutClr
 .text.MXC_GPIO_RevA_ClearFlags
                0x100057dc        0x4 C:/MaximSDK/Libraries/PeriphDrivers/bin/MAX78000/softfp/libPeriphDriver_softfp.a(gpio_reva.o)
                0x100057dc                MXC_GPIO_RevA_ClearFlags
 .text.MXC_GPIO_RevA_GetFlags
                0x100057e0        0x4 C:/MaximSDK/Libraries/PeriphDrivers/bin/MAX78000/softfp/libPeriphDriver_softfp.a(gpio_reva.o)
                0x100057e0                MXC_GPIO_RevA_GetFlags
 .text.MXC_GPIO_RevA_SetVSSEL
                0x100057e4       0x30 C:/MaximSDK/Libraries/PeriphDrivers/bin/MAX78000/softfp/libPeriphDriver_softfp.a(gpio_reva.o)
                0x100057e4                MXC_GPIO_RevA_SetVSSEL
 .text.MXC_GPIO_RevA_SetAF
                0x10005814       0x5c C:/MaximSDK/Libraries/PeriphDrivers/bin/MAX78000/softfp/libPeriphDriver_softfp.a(gpio_reva.o)
                0x10005814                MXC_GPIO_RevA_SetAF
 .text.MXC_I2C_SetSlaveAddr
                0x10005870        0x4 C:/MaximSDK/Libraries/PeriphDrivers/bin/MAX78000/softfp/libPeriphDriver_softfp.a(i2c_me17.o)
                0x10005870                MXC_I2C_SetSlaveAddr
 .text.MXC_I2C_Shutdown
                0x10005874       0x58 C:/MaximSDK/Libraries/PeriphDrivers/bin/MAX78000/softfp/libPeriphDriver_softfp.a(i2c_me17.o)
                0x10005874                MXC_I2C_Shutdown
 .text.MXC_I2C_Init
                0x100058cc       0x94 C:/MaximSDK/Libraries/PeriphDrivers/bin/MAX78000/softfp/libPeriphDriver_softfp.a(i2c_me17.o)
                0x100058cc                MXC_I2C_Init
 .text.MXC_I2C_SetFrequency
                0x10005960       0x14 C:/MaximSDK/Libraries/PeriphDrivers/bin/MAX78000/softfp/libPeriphDriver_softfp.a(i2c_me17.o)
                0x10005960                MXC_I2C_SetFrequency
 .text.MXC_I2C_GetFrequency
                0x10005974        0x4 C:/MaximSDK/Libraries/PeriphDrivers/bin/MAX78000/softfp/libPeriphDriver_softfp.a(i2c_me17.o)
                0x10005974                MXC_I2C_GetFrequency
 .text.MXC_I2C_ClearRXFIFO
                0x10005978        0x4 C:/MaximSDK/Libraries/PeriphDrivers/bin/MAX78000/softfp/libPeriphDriver_softfp.a(i2c_me17.o)
                0x10005978                MXC_I2C_ClearRXFIFO
 .text.MXC_I2C_ClearTXFIFO
                0x1000597c        0x4 C:/MaximSDK/Libraries/PeriphDrivers/bin/MAX78000/softfp/libPeriphDriver_softfp.a(i2c_me17.o)
                0x1000597c                MXC_I2C_ClearTXFIFO
 .text.MXC_I2C_Recover
                0x10005980        0x4 C:/MaximSDK/Libraries/PeriphDrivers/bin/MAX78000/softfp/libPeriphDriver_softfp.a(i2c_me17.o)
                0x10005980                MXC_I2C_Recover
 .text.MXC_I2C_SetRXThreshold
                0x10005984        0x4 C:/MaximSDK/Libraries/PeriphDrivers/bin/MAX78000/softfp/libPeriphDriver_softfp.a(i2c_me17.o)
                0x10005984                MXC_I2C_SetRXThreshold
 .text.MXC_I2C_SetTXThreshold
                0x10005988        0x4 C:/MaximSDK/Libraries/PeriphDrivers/bin/MAX78000/softfp/libPeriphDriver_softfp.a(i2c_me17.o)
                0x10005988                MXC_I2C_SetTXThreshold
 .text.MXC_I2C_RevA_Init
                0x1000598c       0xd0 C:/MaximSDK/Libraries/PeriphDrivers/bin/MAX78000/softfp/libPeriphDriver_softfp.a(i2c_reva.o)
                0x1000598c                MXC_I2C_RevA_Init
 .text.MXC_I2C_RevA_SetSlaveAddr
                0x10005a5c       0x34 C:/MaximSDK/Libraries/PeriphDrivers/bin/MAX78000/softfp/libPeriphDriver_softfp.a(i2c_reva.o)
                0x10005a5c                MXC_I2C_RevA_SetSlaveAddr
 .text.MXC_I2C_RevA_SetFrequency
                0x10005a90       0x78 C:/MaximSDK/Libraries/PeriphDrivers/bin/MAX78000/softfp/libPeriphDriver_softfp.a(i2c_reva.o)
                0x10005a90                MXC_I2C_RevA_SetFrequency
 .text.MXC_I2C_RevA_GetFrequency
                0x10005b08       0x20 C:/MaximSDK/Libraries/PeriphDrivers/bin/MAX78000/softfp/libPeriphDriver_softfp.a(i2c_reva.o)
                0x10005b08                MXC_I2C_RevA_GetFrequency
 .text.MXC_I2C_RevA_ClearRXFIFO
                0x10005b28       0x10 C:/MaximSDK/Libraries/PeriphDrivers/bin/MAX78000/softfp/libPeriphDriver_softfp.a(i2c_reva.o)
                0x10005b28                MXC_I2C_RevA_ClearRXFIFO
 .text.MXC_I2C_RevA_ClearTXFIFO
                0x10005b38       0x10 C:/MaximSDK/Libraries/PeriphDrivers/bin/MAX78000/softfp/libPeriphDriver_softfp.a(i2c_reva.o)
                0x10005b38                MXC_I2C_RevA_ClearTXFIFO
 .text.MXC_I2C_RevA_Recover
                0x10005b48       0xd8 C:/MaximSDK/Libraries/PeriphDrivers/bin/MAX78000/softfp/libPeriphDriver_softfp.a(i2c_reva.o)
                0x10005b48                MXC_I2C_RevA_Recover
 .text.MXC_I2C_RevA_SetRXThreshold
                0x10005c20       0x20 C:/MaximSDK/Libraries/PeriphDrivers/bin/MAX78000/softfp/libPeriphDriver_softfp.a(i2c_reva.o)
                0x10005c20                MXC_I2C_RevA_SetRXThreshold
 .text.MXC_I2C_RevA_SetTXThreshold
                0x10005c40       0x24 C:/MaximSDK/Libraries/PeriphDrivers/bin/MAX78000/softfp/libPeriphDriver_softfp.a(i2c_reva.o)
                0x10005c40                MXC_I2C_RevA_SetTXThreshold
 .text.MXC_ICC_Enable
                0x10005c64        0x4 C:/MaximSDK/Libraries/PeriphDrivers/bin/MAX78000/softfp/libPeriphDriver_softfp.a(icc_me17.o)
                0x10005c64                MXC_ICC_Enable
 .text.MXC_ICC_RevA_Enable
                0x10005c68       0x30 C:/MaximSDK/Libraries/PeriphDrivers/bin/MAX78000/softfp/libPeriphDriver_softfp.a(icc_reva.o)
                0x10005c68                MXC_ICC_RevA_Enable
 .text.MXC_PT_Init
                0x10005c98      0x128 C:/MaximSDK/Libraries/PeriphDrivers/bin/MAX78000/softfp/libPeriphDriver_softfp.a(pt_me17.o)
                0x10005c98                MXC_PT_Init
 .text.MXC_PT_Config
                0x10005dc0       0x5c C:/MaximSDK/Libraries/PeriphDrivers/bin/MAX78000/softfp/libPeriphDriver_softfp.a(pt_me17.o)
                0x10005dc0                MXC_PT_Config
 .text.MXC_PT_SqrWaveConfig
                0x10005e1c       0x20 C:/MaximSDK/Libraries/PeriphDrivers/bin/MAX78000/softfp/libPeriphDriver_softfp.a(pt_me17.o)
                0x10005e1c                MXC_PT_SqrWaveConfig
 .text.MXC_PT_Start
                0x10005e3c        0xc C:/MaximSDK/Libraries/PeriphDrivers/bin/MAX78000/softfp/libPeriphDriver_softfp.a(pt_me17.o)
                0x10005e3c                MXC_PT_Start
 .text.MXC_PT_IsActive
                0x10005e48        0xc C:/MaximSDK/Libraries/PeriphDrivers/bin/MAX78000/softfp/libPeriphDriver_softfp.a(pt_me17.o)
                0x10005e48                MXC_PT_IsActive
 .text.MXC_PT_RevA_Init
                0x10005e54        0xc C:/MaximSDK/Libraries/PeriphDrivers/bin/MAX78000/softfp/libPeriphDriver_softfp.a(pt_reva.o)
                0x10005e54                MXC_PT_RevA_Init
 .text.MXC_PT_RevA_Config
                0x10005e60       0xc4 C:/MaximSDK/Libraries/PeriphDrivers/bin/MAX78000/softfp/libPeriphDriver_softfp.a(pt_reva.o)
                0x10005e60                MXC_PT_RevA_Config
 .text.MXC_PT_RevA_SqrWaveConfig
                0x10005f24       0x18 C:/MaximSDK/Libraries/PeriphDrivers/bin/MAX78000/softfp/libPeriphDriver_softfp.a(pt_reva.o)
                0x10005f24                MXC_PT_RevA_SqrWaveConfig
 .text.MXC_PT_RevA_Start
                0x10005f3c       0x10 C:/MaximSDK/Libraries/PeriphDrivers/bin/MAX78000/softfp/libPeriphDriver_softfp.a(pt_reva.o)
                0x10005f3c                MXC_PT_RevA_Start
 .text.MXC_PT_RevA_IsActive
                0x10005f4c        0xc C:/MaximSDK/Libraries/PeriphDrivers/bin/MAX78000/softfp/libPeriphDriver_softfp.a(pt_reva.o)
                0x10005f4c                MXC_PT_RevA_IsActive
 .text.MXC_RTC_Start
                0x10005f58        0xc C:/MaximSDK/Libraries/PeriphDrivers/bin/MAX78000/softfp/libPeriphDriver_softfp.a(rtc_me17.o)
                0x10005f58                MXC_RTC_Start
 .text.MXC_RTC_Init
                0x10005f64       0x28 C:/MaximSDK/Libraries/PeriphDrivers/bin/MAX78000/softfp/libPeriphDriver_softfp.a(rtc_me17.o)
                0x10005f64                MXC_RTC_Init
 .text.MXC_RTC_GetSubSecond
                0x10005f8c        0x4 C:/MaximSDK/Libraries/PeriphDrivers/bin/MAX78000/softfp/libPeriphDriver_softfp.a(rtc_me17.o)
                0x10005f8c                MXC_RTC_GetSubSecond
 .text.MXC_RTC_GetSecond
                0x10005f90        0x4 C:/MaximSDK/Libraries/PeriphDrivers/bin/MAX78000/softfp/libPeriphDriver_softfp.a(rtc_me17.o)
                0x10005f90                MXC_RTC_GetSecond
 .text.MXC_RTC_RevA_Start
                0x10005f94       0x40 C:/MaximSDK/Libraries/PeriphDrivers/bin/MAX78000/softfp/libPeriphDriver_softfp.a(rtc_reva.o)
                0x10005f94                MXC_RTC_RevA_Start
 .text.MXC_RTC_RevA_Init
                0x10005fd4       0x64 C:/MaximSDK/Libraries/PeriphDrivers/bin/MAX78000/softfp/libPeriphDriver_softfp.a(rtc_reva.o)
                0x10005fd4                MXC_RTC_RevA_Init
 .text.MXC_RTC_RevA_GetSubSecond
                0x10006038       0x14 C:/MaximSDK/Libraries/PeriphDrivers/bin/MAX78000/softfp/libPeriphDriver_softfp.a(rtc_reva.o)
                0x10006038                MXC_RTC_RevA_GetSubSecond
 .text.MXC_RTC_RevA_GetSecond
                0x1000604c       0x14 C:/MaximSDK/Libraries/PeriphDrivers/bin/MAX78000/softfp/libPeriphDriver_softfp.a(rtc_reva.o)
                0x1000604c                MXC_RTC_RevA_GetSecond
 .text.MXC_TMR_Init
                0x10006060      0x344 C:/MaximSDK/Libraries/PeriphDrivers/bin/MAX78000/softfp/libPeriphDriver_softfp.a(tmr_ai85.o)
                0x10006060                MXC_TMR_Init
 .text.MXC_TMR_Start
                0x100063a4        0x4 C:/MaximSDK/Libraries/PeriphDrivers/bin/MAX78000/softfp/libPeriphDriver_softfp.a(tmr_ai85.o)
                0x100063a4                MXC_TMR_Start
 .text.MXC_TMR_Stop
                0x100063a8        0x4 C:/MaximSDK/Libraries/PeriphDrivers/bin/MAX78000/softfp/libPeriphDriver_softfp.a(tmr_ai85.o)
                0x100063a8                MXC_TMR_Stop
 .text.MXC_TMR_ClearFlags
                0x100063ac        0x4 C:/MaximSDK/Libraries/PeriphDrivers/bin/MAX78000/softfp/libPeriphDriver_softfp.a(tmr_ai85.o)
                0x100063ac                MXC_TMR_ClearFlags
 .text.MXC_TMR_SetCount
                0x100063b0        0x4 C:/MaximSDK/Libraries/PeriphDrivers/bin/MAX78000/softfp/libPeriphDriver_softfp.a(tmr_ai85.o)
                0x100063b0                MXC_TMR_SetCount
 .text.MXC_TMR_TO_Start
                0x100063b4        0x4 C:/MaximSDK/Libraries/PeriphDrivers/bin/MAX78000/softfp/libPeriphDriver_softfp.a(tmr_ai85.o)
                0x100063b4                MXC_TMR_TO_Start
 .text.MXC_TMR_TO_Stop
                0x100063b8        0x4 C:/MaximSDK/Libraries/PeriphDrivers/bin/MAX78000/softfp/libPeriphDriver_softfp.a(tmr_ai85.o)
                0x100063b8                MXC_TMR_TO_Stop
 .text.MXC_TMR_TO_Elapsed
                0x100063bc        0x4 C:/MaximSDK/Libraries/PeriphDrivers/bin/MAX78000/softfp/libPeriphDriver_softfp.a(tmr_ai85.o)
                0x100063bc                MXC_TMR_TO_Elapsed
 .text.MXC_TMR_SW_Start
                0x100063c0        0x4 C:/MaximSDK/Libraries/PeriphDrivers/bin/MAX78000/softfp/libPeriphDriver_softfp.a(tmr_ai85.o)
                0x100063c0                MXC_TMR_SW_Start
 .text.MXC_TMR_SW_Stop
                0x100063c4        0x4 C:/MaximSDK/Libraries/PeriphDrivers/bin/MAX78000/softfp/libPeriphDriver_softfp.a(tmr_ai85.o)
                0x100063c4                MXC_TMR_SW_Stop
 .text.MXC_TMR_GetTime
                0x100063c8        0x4 C:/MaximSDK/Libraries/PeriphDrivers/bin/MAX78000/softfp/libPeriphDriver_softfp.a(tmr_ai85.o)
                0x100063c8                MXC_TMR_GetTime
 .text.MXC_TMR_RevB_ConfigGeneric
                0x100063cc       0xe8 C:/MaximSDK/Libraries/PeriphDrivers/bin/MAX78000/softfp/libPeriphDriver_softfp.a(tmr_revb.o)
                0x100063cc                MXC_TMR_RevB_ConfigGeneric
 .text.MXC_TMR_RevB_Init
                0x100064b4       0xc8 C:/MaximSDK/Libraries/PeriphDrivers/bin/MAX78000/softfp/libPeriphDriver_softfp.a(tmr_revb.o)
                0x100064b4                MXC_TMR_RevB_Init
 .text.MXC_TMR_RevB_Start
                0x1000657c       0x5c C:/MaximSDK/Libraries/PeriphDrivers/bin/MAX78000/softfp/libPeriphDriver_softfp.a(tmr_revb.o)
                0x1000657c                MXC_TMR_RevB_Start
 .text.MXC_TMR_RevB_Stop
                0x100065d8       0x58 C:/MaximSDK/Libraries/PeriphDrivers/bin/MAX78000/softfp/libPeriphDriver_softfp.a(tmr_revb.o)
                0x100065d8                MXC_TMR_RevB_Stop
 .text.MXC_TMR_RevB_ClearFlags
                0x10006630       0x58 C:/MaximSDK/Libraries/PeriphDrivers/bin/MAX78000/softfp/libPeriphDriver_softfp.a(tmr_revb.o)
                0x10006630                MXC_TMR_RevB_ClearFlags
 .text.MXC_TMR_RevB_SetCount
                0x10006688       0x5c C:/MaximSDK/Libraries/PeriphDrivers/bin/MAX78000/softfp/libPeriphDriver_softfp.a(tmr_revb.o)
                0x10006688                MXC_TMR_RevB_SetCount
 .text.MXC_TMR_RevB_TO_Start
                0x100066e4       0xe4 C:/MaximSDK/Libraries/PeriphDrivers/bin/MAX78000/softfp/libPeriphDriver_softfp.a(tmr_revb.o)
                0x100066e4                MXC_TMR_RevB_TO_Start
 .text.MXC_TMR_RevB_GetTime
                0x100067c8      0x138 C:/MaximSDK/Libraries/PeriphDrivers/bin/MAX78000/softfp/libPeriphDriver_softfp.a(tmr_revb.o)
                0x100067c8                MXC_TMR_RevB_GetTime
 .text.MXC_UART_GetFrequency.part.0
                0x10006900       0x64 C:/MaximSDK/Libraries/PeriphDrivers/bin/MAX78000/softfp/libPeriphDriver_softfp.a(uart_ai85.o)
 .text.MXC_UART_Shutdown
                0x10006964       0x70 C:/MaximSDK/Libraries/PeriphDrivers/bin/MAX78000/softfp/libPeriphDriver_softfp.a(uart_ai85.o)
                0x10006964                MXC_UART_Shutdown
 .text.MXC_UART_Init
                0x100069d4       0xb8 C:/MaximSDK/Libraries/PeriphDrivers/bin/MAX78000/softfp/libPeriphDriver_softfp.a(uart_ai85.o)
                0x100069d4                MXC_UART_Init
 .text.MXC_UART_SetFrequency
                0x10006a8c       0xc4 C:/MaximSDK/Libraries/PeriphDrivers/bin/MAX78000/softfp/libPeriphDriver_softfp.a(uart_ai85.o)
                0x10006a8c                MXC_UART_SetFrequency
 .text.MXC_UART_GetFrequency
                0x10006b50       0x30 C:/MaximSDK/Libraries/PeriphDrivers/bin/MAX78000/softfp/libPeriphDriver_softfp.a(uart_ai85.o)
                0x10006b50                MXC_UART_GetFrequency
 .text.MXC_UART_SetDataSize
                0x10006b80        0x4 C:/MaximSDK/Libraries/PeriphDrivers/bin/MAX78000/softfp/libPeriphDriver_softfp.a(uart_ai85.o)
                0x10006b80                MXC_UART_SetDataSize
 .text.MXC_UART_SetStopBits
                0x10006b84        0x4 C:/MaximSDK/Libraries/PeriphDrivers/bin/MAX78000/softfp/libPeriphDriver_softfp.a(uart_ai85.o)
                0x10006b84                MXC_UART_SetStopBits
 .text.MXC_UART_SetParity
                0x10006b88        0x4 C:/MaximSDK/Libraries/PeriphDrivers/bin/MAX78000/softfp/libPeriphDriver_softfp.a(uart_ai85.o)
                0x10006b88                MXC_UART_SetParity
 .text.MXC_UART_ReadCharacterRaw
                0x10006b8c        0x4 C:/MaximSDK/Libraries/PeriphDrivers/bin/MAX78000/softfp/libPeriphDriver_softfp.a(uart_ai85.o)
                0x10006b8c                MXC_UART_ReadCharacterRaw
 .text.MXC_UART_WriteCharacterRaw
                0x10006b90        0x4 C:/MaximSDK/Libraries/PeriphDrivers/bin/MAX78000/softfp/libPeriphDriver_softfp.a(uart_ai85.o)
                0x10006b90                MXC_UART_WriteCharacterRaw
 .text.MXC_UART_ReadCharacter
                0x10006b94        0x4 C:/MaximSDK/Libraries/PeriphDrivers/bin/MAX78000/softfp/libPeriphDriver_softfp.a(uart_ai85.o)
                0x10006b94                MXC_UART_ReadCharacter
 .text.MXC_UART_WriteCharacter
                0x10006b98        0x4 C:/MaximSDK/Libraries/PeriphDrivers/bin/MAX78000/softfp/libPeriphDriver_softfp.a(uart_ai85.o)
                0x10006b98                MXC_UART_WriteCharacter
 .text.MXC_UART_GetRXFIFOAvailable
                0x10006b9c        0x4 C:/MaximSDK/Libraries/PeriphDrivers/bin/MAX78000/softfp/libPeriphDriver_softfp.a(uart_ai85.o)
                0x10006b9c                MXC_UART_GetRXFIFOAvailable
 .text.MXC_UART_GetTXFIFOAvailable
                0x10006ba0        0x4 C:/MaximSDK/Libraries/PeriphDrivers/bin/MAX78000/softfp/libPeriphDriver_softfp.a(uart_ai85.o)
                0x10006ba0                MXC_UART_GetTXFIFOAvailable
 .text.MXC_UART_SetRXThreshold
                0x10006ba4        0x4 C:/MaximSDK/Libraries/PeriphDrivers/bin/MAX78000/softfp/libPeriphDriver_softfp.a(uart_ai85.o)
                0x10006ba4                MXC_UART_SetRXThreshold
 .text.MXC_UART_Common_ReadCharacter
                0x10006ba8       0x18 C:/MaximSDK/Libraries/PeriphDrivers/bin/MAX78000/softfp/libPeriphDriver_softfp.a(uart_common.o)
                0x10006ba8                MXC_UART_Common_ReadCharacter
 .text.MXC_UART_Common_WriteCharacter
                0x10006bc0       0x1c C:/MaximSDK/Libraries/PeriphDrivers/bin/MAX78000/softfp/libPeriphDriver_softfp.a(uart_common.o)
                0x10006bc0                MXC_UART_Common_WriteCharacter
 .text.MXC_UART_RevB_Init
                0x10006bdc       0x70 C:/MaximSDK/Libraries/PeriphDrivers/bin/MAX78000/softfp/libPeriphDriver_softfp.a(uart_revb.o)
                0x10006bdc                MXC_UART_RevB_Init
 .text.MXC_UART_RevB_SetFrequency
                0x10006c4c       0x9c C:/MaximSDK/Libraries/PeriphDrivers/bin/MAX78000/softfp/libPeriphDriver_softfp.a(uart_revb.o)
                0x10006c4c                MXC_UART_RevB_SetFrequency
 .text.MXC_UART_RevB_GetFrequency
                0x10006ce8       0x74 C:/MaximSDK/Libraries/PeriphDrivers/bin/MAX78000/softfp/libPeriphDriver_softfp.a(uart_revb.o)
                0x10006ce8                MXC_UART_RevB_GetFrequency
 .text.MXC_UART_RevB_SetDataSize
                0x10006d5c       0x40 C:/MaximSDK/Libraries/PeriphDrivers/bin/MAX78000/softfp/libPeriphDriver_softfp.a(uart_revb.o)
                0x10006d5c                MXC_UART_RevB_SetDataSize
 .text.MXC_UART_RevB_SetStopBits
                0x10006d9c       0x4c C:/MaximSDK/Libraries/PeriphDrivers/bin/MAX78000/softfp/libPeriphDriver_softfp.a(uart_revb.o)
                0x10006d9c                MXC_UART_RevB_SetStopBits
 .text.MXC_UART_RevB_SetParity
                0x10006de8       0xb4 C:/MaximSDK/Libraries/PeriphDrivers/bin/MAX78000/softfp/libPeriphDriver_softfp.a(uart_revb.o)
                0x10006de8                MXC_UART_RevB_SetParity
 .text.MXC_UART_RevB_ReadCharacterRaw
                0x10006e9c       0x38 C:/MaximSDK/Libraries/PeriphDrivers/bin/MAX78000/softfp/libPeriphDriver_softfp.a(uart_revb.o)
                0x10006e9c                MXC_UART_RevB_ReadCharacterRaw
 .text.MXC_UART_RevB_WriteCharacterRaw
                0x10006ed4       0x3c C:/MaximSDK/Libraries/PeriphDrivers/bin/MAX78000/softfp/libPeriphDriver_softfp.a(uart_revb.o)
                0x10006ed4                MXC_UART_RevB_WriteCharacterRaw
 .text.MXC_UART_RevB_GetRXFIFOAvailable
                0x10006f10        0x8 C:/MaximSDK/Libraries/PeriphDrivers/bin/MAX78000/softfp/libPeriphDriver_softfp.a(uart_revb.o)
                0x10006f10                MXC_UART_RevB_GetRXFIFOAvailable
 .text.MXC_UART_RevB_GetTXFIFOAvailable
                0x10006f18        0xc C:/MaximSDK/Libraries/PeriphDrivers/bin/MAX78000/softfp/libPeriphDriver_softfp.a(uart_revb.o)
                0x10006f18                MXC_UART_RevB_GetTXFIFOAvailable
 .text.MXC_UART_RevB_SetRXThreshold
                0x10006f24       0x40 C:/MaximSDK/Libraries/PeriphDrivers/bin/MAX78000/softfp/libPeriphDriver_softfp.a(uart_revb.o)
                0x10006f24                MXC_UART_RevB_SetRXThreshold
 .text.MXC_WUT_Init
                0x10006f64       0x20 C:/MaximSDK/Libraries/PeriphDrivers/bin/MAX78000/softfp/libPeriphDriver_softfp.a(wut_me17.o)
                0x10006f64                MXC_WUT_Init
 .text.MXC_WUT_Enable
                0x10006f84        0xc C:/MaximSDK/Libraries/PeriphDrivers/bin/MAX78000/softfp/libPeriphDriver_softfp.a(wut_me17.o)
                0x10006f84                MXC_WUT_Enable
 .text.MXC_WUT_Config
                0x10006f90        0xc C:/MaximSDK/Libraries/PeriphDrivers/bin/MAX78000/softfp/libPeriphDriver_softfp.a(wut_me17.o)
                0x10006f90                MXC_WUT_Config
 .text.MXC_WUT_IntClear
                0x10006f9c        0xc C:/MaximSDK/Libraries/PeriphDrivers/bin/MAX78000/softfp/libPeriphDriver_softfp.a(wut_me17.o)
                0x10006f9c                MXC_WUT_IntClear
 .text.MXC_WUT_GetTicks
                0x10006fa8       0x20 C:/MaximSDK/Libraries/PeriphDrivers/bin/MAX78000/softfp/libPeriphDriver_softfp.a(wut_me17.o)
                0x10006fa8                MXC_WUT_GetTicks
 .text.MXC_WUT_RevA_Init
                0x10006fc8       0x2c C:/MaximSDK/Libraries/PeriphDrivers/bin/MAX78000/softfp/libPeriphDriver_softfp.a(wut_reva.o)
                0x10006fc8                MXC_WUT_RevA_Init
 .text.MXC_WUT_RevA_Enable
                0x10006ff4        0xc C:/MaximSDK/Libraries/PeriphDrivers/bin/MAX78000/softfp/libPeriphDriver_softfp.a(wut_reva.o)
                0x10006ff4                MXC_WUT_RevA_Enable
 .text.MXC_WUT_RevA_Config
                0x10007000       0x24 C:/MaximSDK/Libraries/PeriphDrivers/bin/MAX78000/softfp/libPeriphDriver_softfp.a(wut_reva.o)
                0x10007000                MXC_WUT_RevA_Config
 .text.MXC_WUT_RevA_IntClear
                0x10007024        0x8 C:/MaximSDK/Libraries/PeriphDrivers/bin/MAX78000/softfp/libPeriphDriver_softfp.a(wut_reva.o)
                0x10007024                MXC_WUT_RevA_IntClear
 .text.MXC_WUT_RevA_GetTicks
                0x1000702c       0x64 C:/MaximSDK/Libraries/PeriphDrivers/bin/MAX78000/softfp/libPeriphDriver_softfp.a(wut_reva.o)
                0x1000702c                MXC_WUT_RevA_GetTicks
 .text.MXC_GetLock
                0x10007090       0x1c C:/MaximSDK/Libraries/PeriphDrivers/bin/MAX78000/softfp/libPeriphDriver_softfp.a(mxc_lock.o)
                0x10007090                MXC_GetLock
 .text.MXC_FreeLock
                0x100070ac        0xc C:/MaximSDK/Libraries/PeriphDrivers/bin/MAX78000/softfp/libPeriphDriver_softfp.a(mxc_lock.o)
                0x100070ac                MXC_FreeLock
 .text.MXC_GPIO_Common_Init
                0x100070b8       0x24 C:/MaximSDK/Libraries/PeriphDrivers/bin/MAX78000/softfp/libPeriphDriver_softfp.a(gpio_common.o)
                0x100070b8                MXC_GPIO_Common_Init
 .text.MXC_GPIO_Common_Handler
                0x100070dc       0x88 C:/MaximSDK/Libraries/PeriphDrivers/bin/MAX78000/softfp/libPeriphDriver_softfp.a(gpio_common.o)
                0x100070dc                MXC_GPIO_Common_Handler
 .text.MXC_TMR_Common_TO_Stop
                0x10007164       0x14 C:/MaximSDK/Libraries/PeriphDrivers/bin/MAX78000/softfp/libPeriphDriver_softfp.a(tmr_common.o)
                0x10007164                MXC_TMR_Common_TO_Stop
 .text.MXC_TMR_Common_SW_Start
                0x10007178        0x8 C:/MaximSDK/Libraries/PeriphDrivers/bin/MAX78000/softfp/libPeriphDriver_softfp.a(tmr_common.o)
                0x10007178                MXC_TMR_Common_SW_Start
 .text.MXC_TMR_Common_SW_Stop
                0x10007180       0x14 C:/MaximSDK/Libraries/PeriphDrivers/bin/MAX78000/softfp/libPeriphDriver_softfp.a(tmr_common.o)
                0x10007180                MXC_TMR_Common_SW_Stop
 .text.MXC_TMR_Common_TO_Elapsed
                0x10007194       0x54 C:/MaximSDK/Libraries/PeriphDrivers/bin/MAX78000/softfp/libPeriphDriver_softfp.a(tmr_common.o)
                0x10007194                MXC_TMR_Common_TO_Elapsed
 .text.__errno  0x100071e8        0xc c:/maximsdk/tools/gnutools/10.3/bin/../lib/gcc/arm-none-eabi/10.3.1/../../../../arm-none-eabi/lib/thumb/v7e-m+fp/softfp\libc.a(lib_a-errno.o)
                0x100071e8                __errno
 .text.__libc_init_array
                0x100071f4       0x48 c:/maximsdk/tools/gnutools/10.3/bin/../lib/gcc/arm-none-eabi/10.3.1/../../../../arm-none-eabi/lib/thumb/v7e-m+fp/softfp\libc.a(lib_a-init.o)
                0x100071f4                __libc_init_array
 .text.malloc   0x1000723c       0x10 c:/maximsdk/tools/gnutools/10.3/bin/../lib/gcc/arm-none-eabi/10.3.1/../../../../arm-none-eabi/lib/thumb/v7e-m+fp/softfp\libc.a(lib_a-malloc.o)
                0x1000723c                malloc
 .text.free     0x1000724c       0x10 c:/maximsdk/tools/gnutools/10.3/bin/../lib/gcc/arm-none-eabi/10.3.1/../../../../arm-none-eabi/lib/thumb/v7e-m+fp/softfp\libc.a(lib_a-malloc.o)
                0x1000724c                free
 .text._malloc_r
                0x1000725c      0x560 c:/maximsdk/tools/gnutools/10.3/bin/../lib/gcc/arm-none-eabi/10.3.1/../../../../arm-none-eabi/lib/thumb/v7e-m+fp/softfp\libc.a(lib_a-mallocr.o)
                0x1000725c                _malloc_r
 .text          0x100077bc      0x134 c:/maximsdk/tools/gnutools/10.3/bin/../lib/gcc/arm-none-eabi/10.3.1/../../../../arm-none-eabi/lib/thumb/v7e-m+fp/softfp\libc.a(lib_a-memcpy.o)
                0x100077bc                memcpy
 .text.memset   0x100078f0       0xa4 c:/maximsdk/tools/gnutools/10.3/bin/../lib/gcc/arm-none-eabi/10.3.1/../../../../arm-none-eabi/lib/thumb/v7e-m+fp/softfp\libc.a(lib_a-memset.o)
                0x100078f0                memset
 .text.__malloc_lock
                0x10007994        0xc c:/maximsdk/tools/gnutools/10.3/bin/../lib/gcc/arm-none-eabi/10.3.1/../../../../arm-none-eabi/lib/thumb/v7e-m+fp/softfp\libc.a(lib_a-mlock.o)
                0x10007994                __malloc_lock
 .text.__malloc_unlock
                0x100079a0        0xc c:/maximsdk/tools/gnutools/10.3/bin/../lib/gcc/arm-none-eabi/10.3.1/../../../../arm-none-eabi/lib/thumb/v7e-m+fp/softfp\libc.a(lib_a-mlock.o)
                0x100079a0                __malloc_unlock
 .text.printf   0x100079ac       0x28 c:/maximsdk/tools/gnutools/10.3/bin/../lib/gcc/arm-none-eabi/10.3.1/../../../../arm-none-eabi/lib/thumb/v7e-m+fp/softfp\libc.a(lib_a-printf.o)
                0x100079ac                printf
 .text.putchar  0x100079d4       0x10 c:/maximsdk/tools/gnutools/10.3/bin/../lib/gcc/arm-none-eabi/10.3.1/../../../../arm-none-eabi/lib/thumb/v7e-m+fp/softfp\libc.a(lib_a-putchar.o)
                0x100079d4                putchar
 .text._puts_r  0x100079e4       0x9c c:/maximsdk/tools/gnutools/10.3/bin/../lib/gcc/arm-none-eabi/10.3.1/../../../../arm-none-eabi/lib/thumb/v7e-m+fp/softfp\libc.a(lib_a-puts.o)
                0x100079e4                _puts_r
 .text.puts     0x10007a80       0x10 c:/maximsdk/tools/gnutools/10.3/bin/../lib/gcc/arm-none-eabi/10.3.1/../../../../arm-none-eabi/lib/thumb/v7e-m+fp/softfp\libc.a(lib_a-puts.o)
                0x10007a80                puts
 .text._sbrk_r  0x10007a90       0x24 c:/maximsdk/tools/gnutools/10.3/bin/../lib/gcc/arm-none-eabi/10.3.1/../../../../arm-none-eabi/lib/thumb/v7e-m+fp/softfp\libc.a(lib_a-sbrkr.o)
                0x10007a90                _sbrk_r
 .text.sprintf  0x10007ab4       0x40 c:/maximsdk/tools/gnutools/10.3/bin/../lib/gcc/arm-none-eabi/10.3.1/../../../../arm-none-eabi/lib/thumb/v7e-m+fp/softfp\libc.a(lib_a-sprintf.o)
                0x10007ab4                sprintf
 *fill*         0x10007af4        0xc 
 .text          0x10007b00       0xdc c:/maximsdk/tools/gnutools/10.3/bin/../lib/gcc/arm-none-eabi/10.3.1/../../../../arm-none-eabi/lib/thumb/v7e-m+fp/softfp\libc.a(lib_a-strlen.o)
                0x10007b00                strlen
 *fill*         0x10007bdc        0x4 
 .text._svfprintf_r
                0x10007be0     0x1ac8 c:/maximsdk/tools/gnutools/10.3/bin/../lib/gcc/arm-none-eabi/10.3.1/../../../../arm-none-eabi/lib/thumb/v7e-m+fp/softfp\libc.a(lib_a-svfprintf.o)
                0x10007be0                _svfprintf_r
 .text._vfprintf_r
                0x100096a8     0x1b8c c:/maximsdk/tools/gnutools/10.3/bin/../lib/gcc/arm-none-eabi/10.3.1/../../../../arm-none-eabi/lib/thumb/v7e-m+fp/softfp\libc.a(lib_a-vfprintf.o)
                0x100096a8                _vfprintf_r
 .text.__sbprintf
                0x1000b234       0x80 c:/maximsdk/tools/gnutools/10.3/bin/../lib/gcc/arm-none-eabi/10.3.1/../../../../arm-none-eabi/lib/thumb/v7e-m+fp/softfp\libc.a(lib_a-vfprintf.o)
 .text.__swsetup_r
                0x1000b2b4       0xd4 c:/maximsdk/tools/gnutools/10.3/bin/../lib/gcc/arm-none-eabi/10.3.1/../../../../arm-none-eabi/lib/thumb/v7e-m+fp/softfp\libc.a(lib_a-wsetup.o)
                0x1000b2b4                __swsetup_r
 .text.startup.register_fini
                0x1000b388       0x14 c:/maximsdk/tools/gnutools/10.3/bin/../lib/gcc/arm-none-eabi/10.3.1/../../../../arm-none-eabi/lib/thumb/v7e-m+fp/softfp\libc.a(lib_a-__call_atexit.o)
 .text.atexit   0x1000b39c        0xc c:/maximsdk/tools/gnutools/10.3/bin/../lib/gcc/arm-none-eabi/10.3.1/../../../../arm-none-eabi/lib/thumb/v7e-m+fp/softfp\libc.a(lib_a-atexit.o)
                0x1000b39c                atexit
 .text.quorem   0x1000b3a8      0x128 c:/maximsdk/tools/gnutools/10.3/bin/../lib/gcc/arm-none-eabi/10.3.1/../../../../arm-none-eabi/lib/thumb/v7e-m+fp/softfp\libc.a(lib_a-dtoa.o)
 .text._dtoa_r  0x1000b4d0      0xf34 c:/maximsdk/tools/gnutools/10.3/bin/../lib/gcc/arm-none-eabi/10.3.1/../../../../arm-none-eabi/lib/thumb/v7e-m+fp/softfp\libc.a(lib_a-dtoa.o)
                0x1000b4d0                _dtoa_r
 .text.__sflush_r
                0x1000c404      0x130 c:/maximsdk/tools/gnutools/10.3/bin/../lib/gcc/arm-none-eabi/10.3.1/../../../../arm-none-eabi/lib/thumb/v7e-m+fp/softfp\libc.a(lib_a-fflush.o)
                0x1000c404                __sflush_r
 .text._fflush_r
                0x1000c534       0x5c c:/maximsdk/tools/gnutools/10.3/bin/../lib/gcc/arm-none-eabi/10.3.1/../../../../arm-none-eabi/lib/thumb/v7e-m+fp/softfp\libc.a(lib_a-fflush.o)
                0x1000c534                _fflush_r
 .text._cleanup_r
                0x1000c590        0xc c:/maximsdk/tools/gnutools/10.3/bin/../lib/gcc/arm-none-eabi/10.3.1/../../../../arm-none-eabi/lib/thumb/v7e-m+fp/softfp\libc.a(lib_a-findfp.o)
                0x1000c590                _cleanup_r
 .text.__sinit  0x1000c59c      0x10c c:/maximsdk/tools/gnutools/10.3/bin/../lib/gcc/arm-none-eabi/10.3.1/../../../../arm-none-eabi/lib/thumb/v7e-m+fp/softfp\libc.a(lib_a-findfp.o)
                0x1000c59c                __sinit
 .text.__sfp_lock_acquire
                0x1000c6a8        0xc c:/maximsdk/tools/gnutools/10.3/bin/../lib/gcc/arm-none-eabi/10.3.1/../../../../arm-none-eabi/lib/thumb/v7e-m+fp/softfp\libc.a(lib_a-findfp.o)
                0x1000c6a8                __sfp_lock_acquire
 .text.__sfp_lock_release
                0x1000c6b4        0xc c:/maximsdk/tools/gnutools/10.3/bin/../lib/gcc/arm-none-eabi/10.3.1/../../../../arm-none-eabi/lib/thumb/v7e-m+fp/softfp\libc.a(lib_a-findfp.o)
                0x1000c6b4                __sfp_lock_release
 .text.__libc_fini_array
                0x1000c6c0       0x2c c:/maximsdk/tools/gnutools/10.3/bin/../lib/gcc/arm-none-eabi/10.3.1/../../../../arm-none-eabi/lib/thumb/v7e-m+fp/softfp\libc.a(lib_a-fini.o)
                0x1000c6c0                __libc_fini_array
 .text._malloc_trim_r
                0x1000c6ec       0xa0 c:/maximsdk/tools/gnutools/10.3/bin/../lib/gcc/arm-none-eabi/10.3.1/../../../../arm-none-eabi/lib/thumb/v7e-m+fp/softfp\libc.a(lib_a-freer.o)
                0x1000c6ec                _malloc_trim_r
 .text._free_r  0x1000c78c      0x20c c:/maximsdk/tools/gnutools/10.3/bin/../lib/gcc/arm-none-eabi/10.3.1/../../../../arm-none-eabi/lib/thumb/v7e-m+fp/softfp\libc.a(lib_a-freer.o)
                0x1000c78c                _free_r
 .text.__sfvwrite_r
                0x1000c998      0x2f0 c:/maximsdk/tools/gnutools/10.3/bin/../lib/gcc/arm-none-eabi/10.3.1/../../../../arm-none-eabi/lib/thumb/v7e-m+fp/softfp\libc.a(lib_a-fvwrite.o)
                0x1000c998                __sfvwrite_r
 .text._fwalk_reent
                0x1000cc88       0x48 c:/maximsdk/tools/gnutools/10.3/bin/../lib/gcc/arm-none-eabi/10.3.1/../../../../arm-none-eabi/lib/thumb/v7e-m+fp/softfp\libc.a(lib_a-fwalk.o)
                0x1000cc88                _fwalk_reent
 .text._localeconv_r
                0x1000ccd0        0x8 c:/maximsdk/tools/gnutools/10.3/bin/../lib/gcc/arm-none-eabi/10.3.1/../../../../arm-none-eabi/lib/thumb/v7e-m+fp/softfp\libc.a(lib_a-localeconv.o)
                0x1000ccd0                _localeconv_r
 .text.__retarget_lock_init_recursive
                0x1000ccd8        0x4 c:/maximsdk/tools/gnutools/10.3/bin/../lib/gcc/arm-none-eabi/10.3.1/../../../../arm-none-eabi/lib/thumb/v7e-m+fp/softfp\libc.a(lib_a-lock.o)
                0x1000ccd8                __retarget_lock_init_recursive
 .text.__retarget_lock_close_recursive
                0x1000ccdc        0x4 c:/maximsdk/tools/gnutools/10.3/bin/../lib/gcc/arm-none-eabi/10.3.1/../../../../arm-none-eabi/lib/thumb/v7e-m+fp/softfp\libc.a(lib_a-lock.o)
                0x1000ccdc                __retarget_lock_close_recursive
 .text.__retarget_lock_acquire_recursive
                0x1000cce0        0x4 c:/maximsdk/tools/gnutools/10.3/bin/../lib/gcc/arm-none-eabi/10.3.1/../../../../arm-none-eabi/lib/thumb/v7e-m+fp/softfp\libc.a(lib_a-lock.o)
                0x1000cce0                __retarget_lock_acquire_recursive
 .text.__retarget_lock_release_recursive
                0x1000cce4        0x4 c:/maximsdk/tools/gnutools/10.3/bin/../lib/gcc/arm-none-eabi/10.3.1/../../../../arm-none-eabi/lib/thumb/v7e-m+fp/softfp\libc.a(lib_a-lock.o)
                0x1000cce4                __retarget_lock_release_recursive
 .text.__smakebuf_r
                0x1000cce8       0xe0 c:/maximsdk/tools/gnutools/10.3/bin/../lib/gcc/arm-none-eabi/10.3.1/../../../../arm-none-eabi/lib/thumb/v7e-m+fp/softfp\libc.a(lib_a-makebuf.o)
                0x1000cce8                __smakebuf_r
 *fill*         0x1000cdc8        0x8 
 .text          0x1000cdd0       0xa0 c:/maximsdk/tools/gnutools/10.3/bin/../lib/gcc/arm-none-eabi/10.3.1/../../../../arm-none-eabi/lib/thumb/v7e-m+fp/softfp\libc.a(lib_a-memchr.o)
                0x1000cdd0                memchr
 .text.memmove  0x1000ce70       0xf8 c:/maximsdk/tools/gnutools/10.3/bin/../lib/gcc/arm-none-eabi/10.3.1/../../../../arm-none-eabi/lib/thumb/v7e-m+fp/softfp\libc.a(lib_a-memmove.o)
                0x1000ce70                memmove
 .text._Balloc  0x1000cf68       0x4c c:/maximsdk/tools/gnutools/10.3/bin/../lib/gcc/arm-none-eabi/10.3.1/../../../../arm-none-eabi/lib/thumb/v7e-m+fp/softfp\libc.a(lib_a-mprec.o)
                0x1000cf68                _Balloc
 .text._Bfree   0x1000cfb4       0x14 c:/maximsdk/tools/gnutools/10.3/bin/../lib/gcc/arm-none-eabi/10.3.1/../../../../arm-none-eabi/lib/thumb/v7e-m+fp/softfp\libc.a(lib_a-mprec.o)
                0x1000cfb4                _Bfree
 .text.__multadd
                0x1000cfc8       0xa8 c:/maximsdk/tools/gnutools/10.3/bin/../lib/gcc/arm-none-eabi/10.3.1/../../../../arm-none-eabi/lib/thumb/v7e-m+fp/softfp\libc.a(lib_a-mprec.o)
                0x1000cfc8                __multadd
 .text.__hi0bits
                0x1000d070       0x40 c:/maximsdk/tools/gnutools/10.3/bin/../lib/gcc/arm-none-eabi/10.3.1/../../../../arm-none-eabi/lib/thumb/v7e-m+fp/softfp\libc.a(lib_a-mprec.o)
                0x1000d070                __hi0bits
 .text.__lo0bits
                0x1000d0b0       0x60 c:/maximsdk/tools/gnutools/10.3/bin/../lib/gcc/arm-none-eabi/10.3.1/../../../../arm-none-eabi/lib/thumb/v7e-m+fp/softfp\libc.a(lib_a-mprec.o)
                0x1000d0b0                __lo0bits
 .text.__i2b    0x1000d110       0x5c c:/maximsdk/tools/gnutools/10.3/bin/../lib/gcc/arm-none-eabi/10.3.1/../../../../arm-none-eabi/lib/thumb/v7e-m+fp/softfp\libc.a(lib_a-mprec.o)
                0x1000d110                __i2b
 .text.__multiply
                0x1000d16c      0x15c c:/maximsdk/tools/gnutools/10.3/bin/../lib/gcc/arm-none-eabi/10.3.1/../../../../arm-none-eabi/lib/thumb/v7e-m+fp/softfp\libc.a(lib_a-mprec.o)
                0x1000d16c                __multiply
 .text.__pow5mult
                0x1000d2c8       0xc0 c:/maximsdk/tools/gnutools/10.3/bin/../lib/gcc/arm-none-eabi/10.3.1/../../../../arm-none-eabi/lib/thumb/v7e-m+fp/softfp\libc.a(lib_a-mprec.o)
                0x1000d2c8                __pow5mult
 .text.__lshift
                0x1000d388       0xf0 c:/maximsdk/tools/gnutools/10.3/bin/../lib/gcc/arm-none-eabi/10.3.1/../../../../arm-none-eabi/lib/thumb/v7e-m+fp/softfp\libc.a(lib_a-mprec.o)
                0x1000d388                __lshift
 .text.__mcmp   0x1000d478       0x44 c:/maximsdk/tools/gnutools/10.3/bin/../lib/gcc/arm-none-eabi/10.3.1/../../../../arm-none-eabi/lib/thumb/v7e-m+fp/softfp\libc.a(lib_a-mprec.o)
                0x1000d478                __mcmp
 .text.__mdiff  0x1000d4bc      0x14c c:/maximsdk/tools/gnutools/10.3/bin/../lib/gcc/arm-none-eabi/10.3.1/../../../../arm-none-eabi/lib/thumb/v7e-m+fp/softfp\libc.a(lib_a-mprec.o)
                0x1000d4bc                __mdiff
 .text.__d2b    0x1000d608       0xc4 c:/maximsdk/tools/gnutools/10.3/bin/../lib/gcc/arm-none-eabi/10.3.1/../../../../arm-none-eabi/lib/thumb/v7e-m+fp/softfp\libc.a(lib_a-mprec.o)
                0x1000d608                __d2b
 .text._putc_r  0x1000d6cc       0x74 c:/maximsdk/tools/gnutools/10.3/bin/../lib/gcc/arm-none-eabi/10.3.1/../../../../arm-none-eabi/lib/thumb/v7e-m+fp/softfp\libc.a(lib_a-putc.o)
                0x1000d6cc                _putc_r
 .text._realloc_r
                0x1000d740      0x3d8 c:/maximsdk/tools/gnutools/10.3/bin/../lib/gcc/arm-none-eabi/10.3.1/../../../../arm-none-eabi/lib/thumb/v7e-m+fp/softfp\libc.a(lib_a-reallocr.o)
                0x1000d740                _realloc_r
 .text.frexp    0x1000db18       0x70 c:/maximsdk/tools/gnutools/10.3/bin/../lib/gcc/arm-none-eabi/10.3.1/../../../../arm-none-eabi/lib/thumb/v7e-m+fp/softfp\libc.a(lib_a-s_frexp.o)
                0x1000db18                frexp
 .text.__sread  0x1000db88       0x24 c:/maximsdk/tools/gnutools/10.3/bin/../lib/gcc/arm-none-eabi/10.3.1/../../../../arm-none-eabi/lib/thumb/v7e-m+fp/softfp\libc.a(lib_a-stdio.o)
                0x1000db88                __sread
 .text.__swrite
                0x1000dbac       0x40 c:/maximsdk/tools/gnutools/10.3/bin/../lib/gcc/arm-none-eabi/10.3.1/../../../../arm-none-eabi/lib/thumb/v7e-m+fp/softfp\libc.a(lib_a-stdio.o)
                0x1000dbac                __swrite
 .text.__sseek  0x1000dbec       0x20 c:/maximsdk/tools/gnutools/10.3/bin/../lib/gcc/arm-none-eabi/10.3.1/../../../../arm-none-eabi/lib/thumb/v7e-m+fp/softfp\libc.a(lib_a-stdio.o)
                0x1000dbec                __sseek
 .text.__sclose
                0x1000dc0c        0x8 c:/maximsdk/tools/gnutools/10.3/bin/../lib/gcc/arm-none-eabi/10.3.1/../../../../arm-none-eabi/lib/thumb/v7e-m+fp/softfp\libc.a(lib_a-stdio.o)
                0x1000dc0c                __sclose
 .text.strncpy  0x1000dc14       0x64 c:/maximsdk/tools/gnutools/10.3/bin/../lib/gcc/arm-none-eabi/10.3.1/../../../../arm-none-eabi/lib/thumb/v7e-m+fp/softfp\libc.a(lib_a-strncpy.o)
                0x1000dc14                strncpy
 .text.__ssprint_r
                0x1000dc78       0xf8 c:/maximsdk/tools/gnutools/10.3/bin/../lib/gcc/arm-none-eabi/10.3.1/../../../../arm-none-eabi/lib/thumb/v7e-m+fp/softfp\libc.a(lib_a-svfiprintf.o)
                0x1000dc78                __ssprint_r
 .text.__sprint_r.part.0
                0x1000dd70       0x78 c:/maximsdk/tools/gnutools/10.3/bin/../lib/gcc/arm-none-eabi/10.3.1/../../../../arm-none-eabi/lib/thumb/v7e-m+fp/softfp\libc.a(lib_a-vfiprintf.o)
 .text.__sprint_r
                0x1000dde8       0x18 c:/maximsdk/tools/gnutools/10.3/bin/../lib/gcc/arm-none-eabi/10.3.1/../../../../arm-none-eabi/lib/thumb/v7e-m+fp/softfp\libc.a(lib_a-vfiprintf.o)
                0x1000dde8                __sprint_r
 .text._vfiprintf_r
                0x1000de00      0xdfc c:/maximsdk/tools/gnutools/10.3/bin/../lib/gcc/arm-none-eabi/10.3.1/../../../../arm-none-eabi/lib/thumb/v7e-m+fp/softfp\libc.a(lib_a-vfiprintf.o)
                0x1000de00                _vfiprintf_r
 .text.__sbprintf
                0x1000ebfc       0x80 c:/maximsdk/tools/gnutools/10.3/bin/../lib/gcc/arm-none-eabi/10.3.1/../../../../arm-none-eabi/lib/thumb/v7e-m+fp/softfp\libc.a(lib_a-vfiprintf.o)
 .text.__swbuf_r
                0x1000ec7c       0xb0 c:/maximsdk/tools/gnutools/10.3/bin/../lib/gcc/arm-none-eabi/10.3.1/../../../../arm-none-eabi/lib/thumb/v7e-m+fp/softfp\libc.a(lib_a-wbuf.o)
                0x1000ec7c                __swbuf_r
 .text._write_r
                0x1000ed2c       0x2c c:/maximsdk/tools/gnutools/10.3/bin/../lib/gcc/arm-none-eabi/10.3.1/../../../../arm-none-eabi/lib/thumb/v7e-m+fp/softfp\libc.a(lib_a-writer.o)
                0x1000ed2c                _write_r
 .text.__register_exitproc
                0x1000ed58       0x8c c:/maximsdk/tools/gnutools/10.3/bin/../lib/gcc/arm-none-eabi/10.3.1/../../../../arm-none-eabi/lib/thumb/v7e-m+fp/softfp\libc.a(lib_a-__atexit.o)
                0x1000ed58                __register_exitproc
 .text.__assert_func
                0x1000ede4       0x40 c:/maximsdk/tools/gnutools/10.3/bin/../lib/gcc/arm-none-eabi/10.3.1/../../../../arm-none-eabi/lib/thumb/v7e-m+fp/softfp\libc.a(lib_a-assert.o)
                0x1000ede4                __assert_func
 .text._calloc_r
                0x1000ee24       0x78 c:/maximsdk/tools/gnutools/10.3/bin/../lib/gcc/arm-none-eabi/10.3.1/../../../../arm-none-eabi/lib/thumb/v7e-m+fp/softfp\libc.a(lib_a-callocr.o)
                0x1000ee24                _calloc_r
 .text._close_r
                0x1000ee9c       0x24 c:/maximsdk/tools/gnutools/10.3/bin/../lib/gcc/arm-none-eabi/10.3.1/../../../../arm-none-eabi/lib/thumb/v7e-m+fp/softfp\libc.a(lib_a-closer.o)
                0x1000ee9c                _close_r
 .text._fclose_r
                0x1000eec0       0xcc c:/maximsdk/tools/gnutools/10.3/bin/../lib/gcc/arm-none-eabi/10.3.1/../../../../arm-none-eabi/lib/thumb/v7e-m+fp/softfp\libc.a(lib_a-fclose.o)
                0x1000eec0                _fclose_r
 .text.fiprintf
                0x1000ef8c       0x28 c:/maximsdk/tools/gnutools/10.3/bin/../lib/gcc/arm-none-eabi/10.3.1/../../../../arm-none-eabi/lib/thumb/v7e-m+fp/softfp\libc.a(lib_a-fiprintf.o)
                0x1000ef8c                fiprintf
 .text.__fputwc
                0x1000efb4       0xa8 c:/maximsdk/tools/gnutools/10.3/bin/../lib/gcc/arm-none-eabi/10.3.1/../../../../arm-none-eabi/lib/thumb/v7e-m+fp/softfp\libc.a(lib_a-fputwc.o)
                0x1000efb4                __fputwc
 .text._fputwc_r
                0x1000f05c       0x68 c:/maximsdk/tools/gnutools/10.3/bin/../lib/gcc/arm-none-eabi/10.3.1/../../../../arm-none-eabi/lib/thumb/v7e-m+fp/softfp\libc.a(lib_a-fputwc.o)
                0x1000f05c                _fputwc_r
 .text._fstat_r
                0x1000f0c4       0x2c c:/maximsdk/tools/gnutools/10.3/bin/../lib/gcc/arm-none-eabi/10.3.1/../../../../arm-none-eabi/lib/thumb/v7e-m+fp/softfp\libc.a(lib_a-fstatr.o)
                0x1000f0c4                _fstat_r
 .text._isatty_r
                0x1000f0f0       0x24 c:/maximsdk/tools/gnutools/10.3/bin/../lib/gcc/arm-none-eabi/10.3.1/../../../../arm-none-eabi/lib/thumb/v7e-m+fp/softfp\libc.a(lib_a-isattyr.o)
                0x1000f0f0                _isatty_r
 .text.__locale_mb_cur_max
                0x1000f114        0xc c:/maximsdk/tools/gnutools/10.3/bin/../lib/gcc/arm-none-eabi/10.3.1/../../../../arm-none-eabi/lib/thumb/v7e-m+fp/softfp\libc.a(lib_a-locale.o)
                0x1000f114                __locale_mb_cur_max
 .text._lseek_r
                0x1000f120       0x2c c:/maximsdk/tools/gnutools/10.3/bin/../lib/gcc/arm-none-eabi/10.3.1/../../../../arm-none-eabi/lib/thumb/v7e-m+fp/softfp\libc.a(lib_a-lseekr.o)
                0x1000f120                _lseek_r
 .text.__ascii_mbtowc
                0x1000f14c       0x2c c:/maximsdk/tools/gnutools/10.3/bin/../lib/gcc/arm-none-eabi/10.3.1/../../../../arm-none-eabi/lib/thumb/v7e-m+fp/softfp\libc.a(lib_a-mbtowc_r.o)
                0x1000f14c                __ascii_mbtowc
 .text._read_r  0x1000f178       0x2c c:/maximsdk/tools/gnutools/10.3/bin/../lib/gcc/arm-none-eabi/10.3.1/../../../../arm-none-eabi/lib/thumb/v7e-m+fp/softfp\libc.a(lib_a-readr.o)
                0x1000f178                _read_r
 .text._wcrtomb_r
                0x1000f1a4       0x3c c:/maximsdk/tools/gnutools/10.3/bin/../lib/gcc/arm-none-eabi/10.3.1/../../../../arm-none-eabi/lib/thumb/v7e-m+fp/softfp\libc.a(lib_a-wcrtomb.o)
                0x1000f1a4                _wcrtomb_r
 .text.__ascii_wctomb
                0x1000f1e0       0x1c c:/maximsdk/tools/gnutools/10.3/bin/../lib/gcc/arm-none-eabi/10.3.1/../../../../arm-none-eabi/lib/thumb/v7e-m+fp/softfp\libc.a(lib_a-wctomb_r.o)
                0x1000f1e0                __ascii_wctomb
 .text.abort    0x1000f1fc       0x10 c:/maximsdk/tools/gnutools/10.3/bin/../lib/gcc/arm-none-eabi/10.3.1/../../../../arm-none-eabi/lib/thumb/v7e-m+fp/softfp\libc.a(lib_a-abort.o)
                0x1000f1fc                abort
 .text.raise    0x1000f20c       0x5c c:/maximsdk/tools/gnutools/10.3/bin/../lib/gcc/arm-none-eabi/10.3.1/../../../../arm-none-eabi/lib/thumb/v7e-m+fp/softfp\libc.a(lib_a-signal.o)
                0x1000f20c                raise
 .text._kill_r  0x1000f268       0x2c c:/maximsdk/tools/gnutools/10.3/bin/../lib/gcc/arm-none-eabi/10.3.1/../../../../arm-none-eabi/lib/thumb/v7e-m+fp/softfp\libc.a(lib_a-signalr.o)
                0x1000f268                _kill_r
 .text._getpid_r
                0x1000f294        0x4 c:/maximsdk/tools/gnutools/10.3/bin/../lib/gcc/arm-none-eabi/10.3.1/../../../../arm-none-eabi/lib/thumb/v7e-m+fp/softfp\libc.a(lib_a-signalr.o)
                0x1000f294                _getpid_r
 .text._getpid  0x1000f298       0x10 c:/maximsdk/tools/gnutools/10.3/bin/../lib/gcc/arm-none-eabi/10.3.1/../../../../arm-none-eabi/lib/thumb/v7e-m+fp/softfp\libnosys.a(getpid.o)
                0x1000f298                _getpid
 .text._kill    0x1000f2a8       0x10 c:/maximsdk/tools/gnutools/10.3/bin/../lib/gcc/arm-none-eabi/10.3.1/../../../../arm-none-eabi/lib/thumb/v7e-m+fp/softfp\libnosys.a(kill.o)
                0x1000f2a8                _kill
 .text._exit    0x1000f2b8        0x4 c:/maximsdk/tools/gnutools/10.3/bin/../lib/gcc/arm-none-eabi/10.3.1/../../../../arm-none-eabi/lib/thumb/v7e-m+fp/softfp\libnosys.a(_exit.o)
                0x1000f2b8                _exit
 .text          0x1000f2bc      0x378 c:/maximsdk/tools/gnutools/10.3/bin/../lib/gcc/arm-none-eabi/10.3.1/thumb/v7e-m+fp/softfp\libgcc.a(_arm_addsubdf3.o)
                0x1000f2bc                __aeabi_drsub
                0x1000f2c4                __aeabi_dsub
                0x1000f2c4                __subdf3
                0x1000f2c8                __aeabi_dadd
                0x1000f2c8                __adddf3
                0x1000f540                __floatunsidf
                0x1000f540                __aeabi_ui2d
                0x1000f560                __floatsidf
                0x1000f560                __aeabi_i2d
                0x1000f584                __aeabi_f2d
                0x1000f584                __extendsfdf2
                0x1000f5c8                __floatundidf
                0x1000f5c8                __aeabi_ul2d
                0x1000f5d8                __floatdidf
                0x1000f5d8                __aeabi_l2d
 .text          0x1000f634      0x424 c:/maximsdk/tools/gnutools/10.3/bin/../lib/gcc/arm-none-eabi/10.3.1/thumb/v7e-m+fp/softfp\libgcc.a(_arm_muldivdf3.o)
                0x1000f634                __aeabi_dmul
                0x1000f634                __muldf3
                0x1000f888                __divdf3
                0x1000f888                __aeabi_ddiv
 .text          0x1000fa58      0x110 c:/maximsdk/tools/gnutools/10.3/bin/../lib/gcc/arm-none-eabi/10.3.1/thumb/v7e-m+fp/softfp\libgcc.a(_arm_cmpdf2.o)
                0x1000fa58                __gtdf2
                0x1000fa58                __gedf2
                0x1000fa60                __ltdf2
                0x1000fa60                __ledf2
                0x1000fa68                __nedf2
                0x1000fa68                __eqdf2
                0x1000fa68                __cmpdf2
                0x1000fae4                __aeabi_cdrcmple
                0x1000faf4                __aeabi_cdcmpeq
                0x1000faf4                __aeabi_cdcmple
                0x1000fb04                __aeabi_dcmpeq
                0x1000fb18                __aeabi_dcmplt
                0x1000fb2c                __aeabi_dcmple
                0x1000fb40                __aeabi_dcmpge
                0x1000fb54                __aeabi_dcmpgt
 .text          0x1000fb68       0x2c c:/maximsdk/tools/gnutools/10.3/bin/../lib/gcc/arm-none-eabi/10.3.1/thumb/v7e-m+fp/softfp\libgcc.a(_arm_unorddf2.o)
                0x1000fb68                __unorddf2
                0x1000fb68                __aeabi_dcmpun
 .text          0x1000fb94       0x50 c:/maximsdk/tools/gnutools/10.3/bin/../lib/gcc/arm-none-eabi/10.3.1/thumb/v7e-m+fp/softfp\libgcc.a(_arm_fixdfsi.o)
                0x1000fb94                __aeabi_d2iz
                0x1000fb94                __fixdfsi
 .text          0x1000fbe4       0x30 c:/maximsdk/tools/gnutools/10.3/bin/../lib/gcc/arm-none-eabi/10.3.1/thumb/v7e-m+fp/softfp\libgcc.a(_aeabi_uldivmod.o)
                0x1000fbe4                __aeabi_uldivmod
 .text          0x1000fc14      0x2d0 c:/maximsdk/tools/gnutools/10.3/bin/../lib/gcc/arm-none-eabi/10.3.1/thumb/v7e-m+fp/softfp\libgcc.a(_udivmoddi4.o)
                0x1000fc14                __udivmoddi4
 .text          0x1000fee4        0x4 c:/maximsdk/tools/gnutools/10.3/bin/../lib/gcc/arm-none-eabi/10.3.1/thumb/v7e-m+fp/softfp\libgcc.a(_dvmd_tls.o)
                0x1000fee4                __aeabi_idiv0
                0x1000fee4                __aeabi_ldiv0
 *(.rodata*)
 .rodata.main.str1.4
                0x1000fee8      0x174 C:/MaximSDK/Examples/MAX78000/CNN/faceid_evkit/build/main.o
 .rodata.str1.4
                0x1001005c        0xc C:/MaximSDK/Examples/MAX78000/CNN/faceid_evkit/build/state_home.o
 .rodata.run_cnn.str1.4
                0x10010068       0x1c C:/MaximSDK/Examples/MAX78000/CNN/faceid_evkit/build/state_faceID.o
                                 0x20 (size before relaxing)
 .rodata.str1.4
                0x10010084        0x7 C:/MaximSDK/Examples/MAX78000/CNN/faceid_evkit/build/state_faceID.o
 *fill*         0x1001008b        0x1 
 .rodata.kernels_0
                0x1001008c      0xb04 C:/MaximSDK/Examples/MAX78000/CNN/faceid_evkit/build/cnn.o
 .rodata.kernels_1
                0x10010b90      0xb04 C:/MaximSDK/Examples/MAX78000/CNN/faceid_evkit/build/cnn.o
 .rodata.kernels_10
                0x10011694      0xb04 C:/MaximSDK/Examples/MAX78000/CNN/faceid_evkit/build/cnn.o
 .rodata.kernels_11
                0x10012198      0xb04 C:/MaximSDK/Examples/MAX78000/CNN/faceid_evkit/build/cnn.o
 .rodata.kernels_12
                0x10012c9c      0xb04 C:/MaximSDK/Examples/MAX78000/CNN/faceid_evkit/build/cnn.o
 .rodata.kernels_13
                0x100137a0      0xb04 C:/MaximSDK/Examples/MAX78000/CNN/faceid_evkit/build/cnn.o
 .rodata.kernels_14
                0x100142a4      0xb04 C:/MaximSDK/Examples/MAX78000/CNN/faceid_evkit/build/cnn.o
 .rodata.kernels_15
                0x10014da8      0xb04 C:/MaximSDK/Examples/MAX78000/CNN/faceid_evkit/build/cnn.o
 .rodata.kernels_16
                0x100158ac      0xb04 C:/MaximSDK/Examples/MAX78000/CNN/faceid_evkit/build/cnn.o
 .rodata.kernels_17
                0x100163b0      0xb04 C:/MaximSDK/Examples/MAX78000/CNN/faceid_evkit/build/cnn.o
 .rodata.kernels_18
                0x10016eb4      0xb04 C:/MaximSDK/Examples/MAX78000/CNN/faceid_evkit/build/cnn.o
 .rodata.kernels_19
                0x100179b8      0xb04 C:/MaximSDK/Examples/MAX78000/CNN/faceid_evkit/build/cnn.o
 .rodata.kernels_2
                0x100184bc      0xb04 C:/MaximSDK/Examples/MAX78000/CNN/faceid_evkit/build/cnn.o
 .rodata.kernels_20
                0x10018fc0      0x9e4 C:/MaximSDK/Examples/MAX78000/CNN/faceid_evkit/build/cnn.o
 .rodata.kernels_21
                0x100199a4      0x9e4 C:/MaximSDK/Examples/MAX78000/CNN/faceid_evkit/build/cnn.o
 .rodata.kernels_22
                0x1001a388      0x9e4 C:/MaximSDK/Examples/MAX78000/CNN/faceid_evkit/build/cnn.o
 .rodata.kernels_23
                0x1001ad6c      0x9e4 C:/MaximSDK/Examples/MAX78000/CNN/faceid_evkit/build/cnn.o
 .rodata.kernels_24
                0x1001b750      0x9e4 C:/MaximSDK/Examples/MAX78000/CNN/faceid_evkit/build/cnn.o
 .rodata.kernels_25
                0x1001c134      0x9e4 C:/MaximSDK/Examples/MAX78000/CNN/faceid_evkit/build/cnn.o
 .rodata.kernels_26
                0x1001cb18      0x9e4 C:/MaximSDK/Examples/MAX78000/CNN/faceid_evkit/build/cnn.o
 .rodata.kernels_27
                0x1001d4fc      0x9e4 C:/MaximSDK/Examples/MAX78000/CNN/faceid_evkit/build/cnn.o
 .rodata.kernels_28
                0x1001dee0      0x9e4 C:/MaximSDK/Examples/MAX78000/CNN/faceid_evkit/build/cnn.o
 .rodata.kernels_29
                0x1001e8c4      0x9e4 C:/MaximSDK/Examples/MAX78000/CNN/faceid_evkit/build/cnn.o
 .rodata.kernels_3
                0x1001f2a8      0x9e4 C:/MaximSDK/Examples/MAX78000/CNN/faceid_evkit/build/cnn.o
 .rodata.kernels_30
                0x1001fc8c      0x9e4 C:/MaximSDK/Examples/MAX78000/CNN/faceid_evkit/build/cnn.o
 .rodata.kernels_31
                0x10020670      0x9e4 C:/MaximSDK/Examples/MAX78000/CNN/faceid_evkit/build/cnn.o
 .rodata.kernels_32
                0x10021054      0xb04 C:/MaximSDK/Examples/MAX78000/CNN/faceid_evkit/build/cnn.o
 .rodata.kernels_33
                0x10021b58      0xb04 C:/MaximSDK/Examples/MAX78000/CNN/faceid_evkit/build/cnn.o
 .rodata.kernels_34
                0x1002265c      0xb04 C:/MaximSDK/Examples/MAX78000/CNN/faceid_evkit/build/cnn.o
 .rodata.kernels_35
                0x10023160      0xb04 C:/MaximSDK/Examples/MAX78000/CNN/faceid_evkit/build/cnn.o
 .rodata.kernels_36
                0x10023c64      0xb04 C:/MaximSDK/Examples/MAX78000/CNN/faceid_evkit/build/cnn.o
 .rodata.kernels_37
                0x10024768      0xb04 C:/MaximSDK/Examples/MAX78000/CNN/faceid_evkit/build/cnn.o
 .rodata.kernels_38
                0x1002526c      0xb04 C:/MaximSDK/Examples/MAX78000/CNN/faceid_evkit/build/cnn.o
 .rodata.kernels_39
                0x10025d70      0xb04 C:/MaximSDK/Examples/MAX78000/CNN/faceid_evkit/build/cnn.o
 .rodata.kernels_4
                0x10026874      0xb04 C:/MaximSDK/Examples/MAX78000/CNN/faceid_evkit/build/cnn.o
 .rodata.kernels_40
                0x10027378      0xb04 C:/MaximSDK/Examples/MAX78000/CNN/faceid_evkit/build/cnn.o
 .rodata.kernels_41
                0x10027e7c      0xb04 C:/MaximSDK/Examples/MAX78000/CNN/faceid_evkit/build/cnn.o
 .rodata.kernels_42
                0x10028980      0xb04 C:/MaximSDK/Examples/MAX78000/CNN/faceid_evkit/build/cnn.o
 .rodata.kernels_43
                0x10029484      0xb04 C:/MaximSDK/Examples/MAX78000/CNN/faceid_evkit/build/cnn.o
 .rodata.kernels_44
                0x10029f88      0xb04 C:/MaximSDK/Examples/MAX78000/CNN/faceid_evkit/build/cnn.o
 .rodata.kernels_45
                0x1002aa8c      0xb04 C:/MaximSDK/Examples/MAX78000/CNN/faceid_evkit/build/cnn.o
 .rodata.kernels_46
                0x1002b590      0xb04 C:/MaximSDK/Examples/MAX78000/CNN/faceid_evkit/build/cnn.o
 .rodata.kernels_47
                0x1002c094      0xb04 C:/MaximSDK/Examples/MAX78000/CNN/faceid_evkit/build/cnn.o
 .rodata.kernels_48
                0x1002cb98      0xb04 C:/MaximSDK/Examples/MAX78000/CNN/faceid_evkit/build/cnn.o
 .rodata.kernels_49
                0x1002d69c      0xb04 C:/MaximSDK/Examples/MAX78000/CNN/faceid_evkit/build/cnn.o
 .rodata.kernels_5
                0x1002e1a0      0xb04 C:/MaximSDK/Examples/MAX78000/CNN/faceid_evkit/build/cnn.o
 .rodata.kernels_50
                0x1002eca4      0xb04 C:/MaximSDK/Examples/MAX78000/CNN/faceid_evkit/build/cnn.o
 .rodata.kernels_51
                0x1002f7a8      0xb04 C:/MaximSDK/Examples/MAX78000/CNN/faceid_evkit/build/cnn.o
 .rodata.kernels_52
                0x100302ac      0xb04 C:/MaximSDK/Examples/MAX78000/CNN/faceid_evkit/build/cnn.o
 .rodata.kernels_53
                0x10030db0      0xb04 C:/MaximSDK/Examples/MAX78000/CNN/faceid_evkit/build/cnn.o
 .rodata.kernels_54
                0x100318b4      0xb04 C:/MaximSDK/Examples/MAX78000/CNN/faceid_evkit/build/cnn.o
 .rodata.kernels_55
                0x100323b8      0xb04 C:/MaximSDK/Examples/MAX78000/CNN/faceid_evkit/build/cnn.o
 .rodata.kernels_56
                0x10032ebc      0xb04 C:/MaximSDK/Examples/MAX78000/CNN/faceid_evkit/build/cnn.o
 .rodata.kernels_57
                0x100339c0      0xb04 C:/MaximSDK/Examples/MAX78000/CNN/faceid_evkit/build/cnn.o
 .rodata.kernels_58
                0x100344c4      0xb04 C:/MaximSDK/Examples/MAX78000/CNN/faceid_evkit/build/cnn.o
 .rodata.kernels_59
                0x10034fc8      0xb04 C:/MaximSDK/Examples/MAX78000/CNN/faceid_evkit/build/cnn.o
 .rodata.kernels_6
                0x10035acc      0xb04 C:/MaximSDK/Examples/MAX78000/CNN/faceid_evkit/build/cnn.o
 .rodata.kernels_60
                0x100365d0      0xb04 C:/MaximSDK/Examples/MAX78000/CNN/faceid_evkit/build/cnn.o
 .rodata.kernels_61
                0x100370d4      0xb04 C:/MaximSDK/Examples/MAX78000/CNN/faceid_evkit/build/cnn.o
 .rodata.kernels_62
                0x10037bd8      0xb04 C:/MaximSDK/Examples/MAX78000/CNN/faceid_evkit/build/cnn.o
 .rodata.kernels_63
                0x100386dc      0xb04 C:/MaximSDK/Examples/MAX78000/CNN/faceid_evkit/build/cnn.o
 .rodata.kernels_7
                0x100391e0      0xb04 C:/MaximSDK/Examples/MAX78000/CNN/faceid_evkit/build/cnn.o
 .rodata.kernels_8
                0x10039ce4      0xb04 C:/MaximSDK/Examples/MAX78000/CNN/faceid_evkit/build/cnn.o
 .rodata.kernels_9
                0x1003a7e8      0xb04 C:/MaximSDK/Examples/MAX78000/CNN/faceid_evkit/build/cnn.o
 .rodata.embeddings
                0x1003b2ec     0x2a28 C:/MaximSDK/Examples/MAX78000/CNN/faceid_evkit/build/embedding_process.o
 .rodata.mxc_assert.str1.4
                0x1003dd14       0x19 C:/MaximSDK/Examples/MAX78000/CNN/faceid_evkit/build/board.o
 *fill*         0x1003dd2d        0x3 
 .rodata.Board_Init.str1.4
                0x1003dd30       0x45 C:/MaximSDK/Examples/MAX78000/CNN/faceid_evkit/build/board.o
 *fill*         0x1003dd75        0x3 
 .rodata.led_pin
                0x1003dd78       0x24 C:/MaximSDK/Examples/MAX78000/CNN/faceid_evkit/build/board.o
                0x1003dd78                led_pin
 .rodata.num_leds
                0x1003dd9c        0x4 C:/MaximSDK/Examples/MAX78000/CNN/faceid_evkit/build/board.o
                0x1003dd9c                num_leds
 .rodata.num_pbs
                0x1003dda0        0x4 C:/MaximSDK/Examples/MAX78000/CNN/faceid_evkit/build/board.o
                0x1003dda0                num_pbs
 .rodata.pb_pin
                0x1003dda4       0x18 C:/MaximSDK/Examples/MAX78000/CNN/faceid_evkit/build/board.o
                0x1003dda4                pb_pin
 .rodata.LED_On.str1.4
                0x1003ddbc       0x5f C:/MaximSDK/Examples/MAX78000/CNN/faceid_evkit/build/led.o
 *fill*         0x1003de1b        0x1 
 .rodata.camera_setup.str1.4
                0x1003de1c       0x1b C:/MaximSDK/Examples/MAX78000/CNN/faceid_evkit/build/camera.o
 *fill*         0x1003de37        0x1 
 .rodata.dump_registers.str1.4
                0x1003de38       0x12 C:/MaximSDK/Examples/MAX78000/CNN/faceid_evkit/build/ov7692.o
 *fill*         0x1003de4a        0x2 
 .rodata.default_regs
                0x1003de4c       0x5e C:/MaximSDK/Examples/MAX78000/CNN/faceid_evkit/build/ov7692.o
 *fill*         0x1003deaa        0x2 
 .rodata.gpio_cfg_scl
                0x1003deac        0xc C:/MaximSDK/Examples/MAX78000/CNN/faceid_evkit/build/sccb.o
 .rodata.gpio_cfg_sda