Archive member included to satisfy reference by file (symbol)

C:/MaximSDK/Libraries/PeriphDrivers/bin/MAX78000/softfp/libPeriphDriver_softfp.a(mxc_delay.o)
                              C:/MaximSDK/Examples/MAX78000/CNN/faceid_evkit/build/main.o (MXC_Delay)
C:/MaximSDK/Libraries/PeriphDrivers/bin/MAX78000/softfp/libPeriphDriver_softfp.a(pins_ai85.o)
                              C:/MaximSDK/Examples/MAX78000/CNN/faceid_evkit/build/camera.o (gpio_cfg_pcif_xclk)
C:/MaximSDK/Libraries/PeriphDrivers/bin/MAX78000/softfp/libPeriphDriver_softfp.a(sys_ai85.o)
                              C:/MaximSDK/Examples/MAX78000/CNN/faceid_evkit/build/state_faceID.o (MXC_SYS_ClockDisable)
C:/MaximSDK/Libraries/PeriphDrivers/bin/MAX78000/softfp/libPeriphDriver_softfp.a(nvic_table.o)
                              C:/MaximSDK/Examples/MAX78000/CNN/faceid_evkit/build/cnn.o (NVIC_SetVector)
C:/MaximSDK/Libraries/PeriphDrivers/bin/MAX78000/softfp/libPeriphDriver_softfp.a(cameraif_ai85.o)
                              C:/MaximSDK/Examples/MAX78000/CNN/faceid_evkit/build/camera.o (MXC_PCIF_Init)
C:/MaximSDK/Libraries/PeriphDrivers/bin/MAX78000/softfp/libPeriphDriver_softfp.a(cameraif_reva.o)
                              C:/MaximSDK/Libraries/PeriphDrivers/bin/MAX78000/softfp/libPeriphDriver_softfp.a(cameraif_ai85.o) (MXC_PCIF_RevA_SetDatawidth)
C:/MaximSDK/Libraries/PeriphDrivers/bin/MAX78000/softfp/libPeriphDriver_softfp.a(dma_me17.o)
                              C:/MaximSDK/Examples/MAX78000/CNN/faceid_evkit/build/main.o (MXC_DMA_Init)
C:/MaximSDK/Libraries/PeriphDrivers/bin/MAX78000/softfp/libPeriphDriver_softfp.a(dma_reva.o)
                              C:/MaximSDK/Libraries/PeriphDrivers/bin/MAX78000/softfp/libPeriphDriver_softfp.a(dma_me17.o) (MXC_DMA_RevA_Init)
C:/MaximSDK/Libraries/PeriphDrivers/bin/MAX78000/softfp/libPeriphDriver_softfp.a(lp_ai85.o)
                              C:/MaximSDK/Examples/MAX78000/CNN/faceid_evkit/build/state_faceID.o (MXC_LP_EnterSleepMode)
C:/MaximSDK/Libraries/PeriphDrivers/bin/MAX78000/softfp/libPeriphDriver_softfp.a(flc_me17.o)
                              C:/MaximSDK/Libraries/PeriphDrivers/bin/MAX78000/softfp/libPeriphDriver_softfp.a(sys_ai85.o) (MXC_FLC_UnlockInfoBlock)
C:/MaximSDK/Libraries/PeriphDrivers/bin/MAX78000/softfp/libPeriphDriver_softfp.a(flc_revb.o)
                              C:/MaximSDK/Libraries/PeriphDrivers/bin/MAX78000/softfp/libPeriphDriver_softfp.a(flc_me17.o) (MXC_FLC_RevB_Busy)
C:/MaximSDK/Libraries/PeriphDrivers/bin/MAX78000/softfp/libPeriphDriver_softfp.a(gpio_ai85.o)
                              C:/MaximSDK/Examples/MAX78000/CNN/faceid_evkit/build/cnn.o (MXC_GPIO_Config)
C:/MaximSDK/Libraries/PeriphDrivers/bin/MAX78000/softfp/libPeriphDriver_softfp.a(gpio_reva.o)
                              C:/MaximSDK/Libraries/PeriphDrivers/bin/MAX78000/softfp/libPeriphDriver_softfp.a(gpio_ai85.o) (MXC_GPIO_RevA_InGet)
C:/MaximSDK/Libraries/PeriphDrivers/bin/MAX78000/softfp/libPeriphDriver_softfp.a(i2c_me17.o)
                              C:/MaximSDK/Examples/MAX78000/CNN/faceid_evkit/build/max20303.o (MXC_I2C_Init)
C:/MaximSDK/Libraries/PeriphDrivers/bin/MAX78000/softfp/libPeriphDriver_softfp.a(i2c_reva.o)
                              C:/MaximSDK/Libraries/PeriphDrivers/bin/MAX78000/softfp/libPeriphDriver_softfp.a(i2c_me17.o) (MXC_I2C_RevA_DMACallback)
C:/MaximSDK/Libraries/PeriphDrivers/bin/MAX78000/softfp/libPeriphDriver_softfp.a(icc_me17.o)
                              C:/MaximSDK/Examples/MAX78000/CNN/faceid_evkit/build/main.o (MXC_ICC_Enable)
C:/MaximSDK/Libraries/PeriphDrivers/bin/MAX78000/softfp/libPeriphDriver_softfp.a(icc_reva.o)
                              C:/MaximSDK/Libraries/PeriphDrivers/bin/MAX78000/softfp/libPeriphDriver_softfp.a(icc_me17.o) (MXC_ICC_RevA_ID)
C:/MaximSDK/Libraries/PeriphDrivers/bin/MAX78000/softfp/libPeriphDriver_softfp.a(pt_me17.o)
                              C:/MaximSDK/Examples/MAX78000/CNN/faceid_evkit/build/camera.o (MXC_PT_Init)
C:/MaximSDK/Libraries/PeriphDrivers/bin/MAX78000/softfp/libPeriphDriver_softfp.a(pt_reva.o)
                              C:/MaximSDK/Libraries/PeriphDrivers/bin/MAX78000/softfp/libPeriphDriver_softfp.a(pt_me17.o) (MXC_PT_RevA_Init)
C:/MaximSDK/Libraries/PeriphDrivers/bin/MAX78000/softfp/libPeriphDriver_softfp.a(rtc_me17.o)
                              C:/MaximSDK/Examples/MAX78000/CNN/faceid_evkit/build/main.o (MXC_RTC_Start)
C:/MaximSDK/Libraries/PeriphDrivers/bin/MAX78000/softfp/libPeriphDriver_softfp.a(rtc_reva.o)
                              C:/MaximSDK/Libraries/PeriphDrivers/bin/MAX78000/softfp/libPeriphDriver_softfp.a(rtc_me17.o) (MXC_RTC_RevA_GetBusyFlag)
C:/MaximSDK/Libraries/PeriphDrivers/bin/MAX78000/softfp/libPeriphDriver_softfp.a(spi_me17.o)
                              C:/MaximSDK/Examples/MAX78000/CNN/faceid_evkit/build/tft_ili9341.o (MXC_SPI_Init)
C:/MaximSDK/Libraries/PeriphDrivers/bin/MAX78000/softfp/libPeriphDriver_softfp.a(spi_reva.o)
[...]
Memory Configuration

Name             Origin             Length             Attributes
ROM              0x00000000         0x00010000         xr
FLASH            0x10000000         0x00080000         xr
SRAM             0x20000000         0x00020000         xrw
*default*        0x00000000         0xffffffff

Linker script and memory map

LOAD c:/maximsdk/tools/gnutools/10.3/bin/../lib/gcc/arm-none-eabi/10.3.1/thumb/v7e-m+fp/softfp/crti.o
LOAD c:/maximsdk/tools/gnutools/10.3/bin/../lib/gcc/arm-none-eabi/10.3.1/thumb/v7e-m+fp/softfp/crtbegin.o
LOAD c:/maximsdk/tools/gnutools/10.3/bin/../lib/gcc/arm-none-eabi/10.3.1/../../../../arm-none-eabi/lib/thumb/v7e-m+fp/softfp/crt0.o
LOAD C:/MaximSDK/Examples/MAX78000/CNN/faceid_evkit/build/main.o
LOAD C:/MaximSDK/Examples/MAX78000/CNN/faceid_evkit/build/logo_rgb565.o
LOAD C:/MaximSDK/Examples/MAX78000/CNN/faceid_evkit/build/SansSerif16x16.o
LOAD C:/MaximSDK/Examples/MAX78000/CNN/faceid_evkit/build/SansSerif19x19.o
LOAD C:/MaximSDK/Examples/MAX78000/CNN/faceid_evkit/build/utils.o
LOAD C:/MaximSDK/Examples/MAX78000/CNN/faceid_evkit/build/state.o
LOAD C:/MaximSDK/Examples/MAX78000/CNN/faceid_evkit/build/state_home.o
LOAD C:/MaximSDK/Examples/MAX78000/CNN/faceid_evkit/build/state_faceID.o
LOAD C:/MaximSDK/Examples/MAX78000/CNN/faceid_evkit/build/cnn.o
LOAD C:/MaximSDK/Examples/MAX78000/CNN/faceid_evkit/build/embedding_process.o
LOAD C:/MaximSDK/Examples/MAX78000/CNN/faceid_evkit/build/board.o
LOAD C:/MaximSDK/Examples/MAX78000/CNN/faceid_evkit/build/stdio.o
LOAD C:/MaximSDK/Examples/MAX78000/CNN/faceid_evkit/build/led.o
LOAD C:/MaximSDK/Examples/MAX78000/CNN/faceid_evkit/build/pb.o
LOAD C:/MaximSDK/Examples/MAX78000/CNN/faceid_evkit/build/tft_ili9341.o
LOAD C:/MaximSDK/Examples/MAX78000/CNN/faceid_evkit/build/camera.o
LOAD C:/MaximSDK/Examples/MAX78000/CNN/faceid_evkit/build/ov7692.o
LOAD C:/MaximSDK/Examples/MAX78000/CNN/faceid_evkit/build/sccb.o
LOAD C:/MaximSDK/Examples/MAX78000/CNN/faceid_evkit/build/max20303.o
LOAD C:/MaximSDK/Examples/MAX78000/CNN/faceid_evkit/build/startup_max78000.o
LOAD C:/MaximSDK/Examples/MAX78000/CNN/faceid_evkit/build/heap.o
LOAD C:/MaximSDK/Examples/MAX78000/CNN/faceid_evkit/build/system_max78000.o
START GROUP
LOAD C:/MaximSDK/Libraries/PeriphDrivers/bin/MAX78000/softfp/libPeriphDriver_softfp.a
LOAD c:/maximsdk/tools/gnutools/10.3/bin/../lib/gcc/arm-none-eabi/10.3.1/../../../../arm-none-eabi/lib/thumb/v7e-m+fp/softfp\libc.a
LOAD c:/maximsdk/tools/gnutools/10.3/bin/../lib/gcc/arm-none-eabi/10.3.1/../../../../arm-none-eabi/lib/thumb/v7e-m+fp/softfp\libm.a
LOAD c:/maximsdk/tools/gnutools/10.3/bin/../lib/gcc/arm-none-eabi/10.3.1/../../../../arm-none-eabi/lib/thumb/v7e-m+fp/softfp\libnosys.a
END GROUP
START GROUP
LOAD c:/maximsdk/tools/gnutools/10.3/bin/../lib/gcc/arm-none-eabi/10.3.1/thumb/v7e-m+fp/softfp\libgcc.a
LOAD c:/maximsdk/tools/gnutools/10.3/bin/../lib/gcc/arm-none-eabi/10.3.1/../../../../arm-none-eabi/lib/thumb/v7e-m+fp/softfp\libc.a
END GROUP
LOAD c:/maximsdk/tools/gnutools/10.3/bin/../lib/gcc/arm-none-eabi/10.3.1/thumb/v7e-m+fp/softfp/crtend.o
LOAD c:/maximsdk/tools/gnutools/10.3/bin/../lib/gcc/arm-none-eabi/10.3.1/thumb/v7e-m+fp/softfp/crtn.o

.rom
 *(.rom_vector)
 *(.rom_handlers*)

.text           0x10000000    0x3e714
                0x10000000                _text = .
 *(.isr_vector)
 .isr_vector    0x10000000      0x1e0 C:/MaximSDK/Examples/MAX78000/CNN/faceid_evkit/build/startup_max78000.o
                0x10000000                __isr_vector
 *(.text*)
 .text          0x100001e0       0x40 c:/maximsdk/tools/gnutools/10.3/bin/../lib/gcc/arm-none-eabi/10.3.1/thumb/v7e-m+fp/softfp/crtbegin.o
 .text.WUT_IRQHandler
                0x10000220        0x4 C:/MaximSDK/Examples/MAX78000/CNN/faceid_evkit/build/main.o
                0x10000220                WUT_IRQHandler
 .text.startup.main
                0x10000224      0x194 C:/MaximSDK/Examples/MAX78000/CNN/faceid_evkit/build/main.o
                0x10000224                main
 .text.utils_get_time_ms
                0x100003b8       0x3c C:/MaximSDK/Examples/MAX78000/CNN/faceid_evkit/build/utils.o
                0x100003b8                utils_get_time_ms
 .text.state_init
                0x100003f4       0x18 C:/MaximSDK/Examples/MAX78000/CNN/faceid_evkit/build/state.o
                0x100003f4                state_init
 .text.state_set_current
                0x1000040c       0x14 C:/MaximSDK/Examples/MAX78000/CNN/faceid_evkit/build/state.o
                0x1000040c                state_set_current
 .text.state_get_current
                0x10000420        0xc C:/MaximSDK/Examples/MAX78000/CNN/faceid_evkit/build/state.o
                0x10000420                state_get_current
 .text.init     0x1000042c        0x4 C:/MaximSDK/Examples/MAX78000/CNN/faceid_evkit/build/state_home.o
 .text.key_process
                0x10000430       0x18 C:/MaximSDK/Examples/MAX78000/CNN/faceid_evkit/build/state_home.o
 .text.get_home_state
                0x10000448        0x8 C:/MaximSDK/Examples/MAX78000/CNN/faceid_evkit/build/state_home.o
                0x10000448                get_home_state
 .text.run_cnn  0x10000450      0x21c C:/MaximSDK/Examples/MAX78000/CNN/faceid_evkit/build/state_faceID.o
 .text.key_process
                0x1000066c       0x18 C:/MaximSDK/Examples/MAX78000/CNN/faceid_evkit/build/state_faceID.o
 .text.init     0x10000684      0x184 C:/MaximSDK/Examples/MAX78000/CNN/faceid_evkit/build/state_faceID.o
 .text.get_faceID_state
                0x10000808        0x8 C:/MaximSDK/Examples/MAX78000/CNN/faceid_evkit/build/state_faceID.o
                0x10000808                get_faceID_state
 .text.CNN_ISR  0x10000810       0x50 C:/MaximSDK/Examples/MAX78000/CNN/faceid_evkit/build/cnn.o
                0x10000810                CNN_ISR
 .text.cnn_stop
                0x10000860       0x14 C:/MaximSDK/Examples/MAX78000/CNN/faceid_evkit/build/cnn.o
                0x10000860                cnn_stop
 .text.cnn_load_weights
                0x10000874      0xc9c C:/MaximSDK/Examples/MAX78000/CNN/faceid_evkit/build/cnn.o
                0x10000874                cnn_load_weights
 .text.cnn_load_bias
                0x10001510        0x4 C:/MaximSDK/Examples/MAX78000/CNN/faceid_evkit/build/cnn.o
                0x10001510                cnn_load_bias
 .text.cnn_init
                0x10001514       0x54 C:/MaximSDK/Examples/MAX78000/CNN/faceid_evkit/build/cnn.o
                0x10001514                cnn_init
 .text.cnn_configure
                0x10001568      0xaa8 C:/MaximSDK/Examples/MAX78000/CNN/faceid_evkit/build/cnn.o
                0x10001568                cnn_configure
 .text.cnn_start
                0x10002010       0x50 C:/MaximSDK/Examples/MAX78000/CNN/faceid_evkit/build/cnn.o
                0x10002010                cnn_start
 .text.cnn_unload
                0x10002060     0x1020 C:/MaximSDK/Examples/MAX78000/CNN/faceid_evkit/build/cnn.o
                0x10002060                cnn_unload
 .text.cnn_enable
                0x10003080       0x3c C:/MaximSDK/Examples/MAX78000/CNN/faceid_evkit/build/cnn.o
                0x10003080                cnn_enable
 .text.init_database
                0x100030bc       0x98 C:/MaximSDK/Examples/MAX78000/CNN/faceid_evkit/build/embedding_process.o
                0x100030bc                init_database
 .text.get_subject
                0x10003154       0x48 C:/MaximSDK/Examples/MAX78000/CNN/faceid_evkit/build/embedding_process.o
                0x10003154                get_subject
 .text.get_min_dist_counter
                0x1000319c       0x18 C:/MaximSDK/Examples/MAX78000/CNN/faceid_evkit/build/embedding_process.o
                0x1000319c                get_min_dist_counter
 .text.calculate_minDistance
                0x100031b4      0x284 C:/MaximSDK/Examples/MAX78000/CNN/faceid_evkit/build/embedding_process.o
                0x100031b4                calculate_minDistance
 .text.mxc_assert
                0x10003438       0x10 C:/MaximSDK/Examples/MAX78000/CNN/faceid_evkit/build/board.o
                0x10003438                mxc_assert
 .text.Board_Init
                0x10003448       0x6c C:/MaximSDK/Examples/MAX78000/CNN/faceid_evkit/build/board.o
                0x10003448                Board_Init
 .text.NMI_Handler
                0x100034b4        0x4 C:/MaximSDK/Examples/MAX78000/CNN/faceid_evkit/build/board.o
                0x100034b4                NMI_Handler
 .text.Camera_Power
                0x100034b8       0x1c C:/MaximSDK/Examples/MAX78000/CNN/faceid_evkit/build/board.o
                0x100034b8                Camera_Power
 .text._close   0x100034d4        0x8 C:/MaximSDK/Examples/MAX78000/CNN/faceid_evkit/build/stdio.o
                0x100034d4                _close
 .text._isatty  0x100034dc        0x8 C:/MaximSDK/Examples/MAX78000/CNN/faceid_evkit/build/stdio.o
                0x100034dc                _isatty
 .text._lseek   0x100034e4        0x8 C:/MaximSDK/Examples/MAX78000/CNN/faceid_evkit/build/stdio.o
                0x100034e4                _lseek
 .text._fstat   0x100034ec        0x8 C:/MaximSDK/Examples/MAX78000/CNN/faceid_evkit/build/stdio.o
                0x100034ec                _fstat
 .text._read    0x100034f4       0x50 C:/MaximSDK/Examples/MAX78000/CNN/faceid_evkit/build/stdio.o
                0x100034f4                _read
 .text._write   0x10003544       0x54 C:/MaximSDK/Examples/MAX78000/CNN/faceid_evkit/build/stdio.o
                0x10003544                _write
 .text.LED_Init
                0x10003598       0x40 C:/MaximSDK/Examples/MAX78000/CNN/faceid_evkit/build/led.o
                0x10003598                LED_Init
 .text.LED_On   0x100035d8       0x40 C:/MaximSDK/Examples/MAX78000/CNN/faceid_evkit/build/led.o
                0x100035d8                LED_On
 .text.LED_Off  0x10003618       0x40 C:/MaximSDK/Examples/MAX78000/CNN/faceid_evkit/build/led.o
                0x10003618                LED_Off
 .text.PB_Init  0x10003658       0x38 C:/MaximSDK/Examples/MAX78000/CNN/faceid_evkit/build/pb.o
                0x10003658                PB_Init
 .text.GPIO0_IRQHandler
                0x10003690        0x8 C:/MaximSDK/Examples/MAX78000/CNN/faceid_evkit/build/pb.o
                0x10003690                GPIO0_IRQHandler
 .text.GPIO1_IRQHandler
                0x10003698        0x8 C:/MaximSDK/Examples/MAX78000/CNN/faceid_evkit/build/pb.o
                0x10003698                GPIO1_IRQHandler
 .text.GPIO2_IRQHandler
                0x100036a0        0x8 C:/MaximSDK/Examples/MAX78000/CNN/faceid_evkit/build/pb.o
                0x100036a0                GPIO2_IRQHandler
 .text.camera_irq_handler
                0x100036a8      0x13c C:/MaximSDK/Examples/MAX78000/CNN/faceid_evkit/build/camera.o
                0x100036a8                camera_irq_handler
 .text.stream_callback
                0x100037e4       0xbc C:/MaximSDK/Examples/MAX78000/CNN/faceid_evkit/build/camera.o
 .text.setup_dma
                0x100038a0       0x90 C:/MaximSDK/Examples/MAX78000/CNN/faceid_evkit/build/camera.o
 .text.stream_irq_handler
                0x10003930        0x4 C:/MaximSDK/Examples/MAX78000/CNN/faceid_evkit/build/camera.o
                0x10003930                stream_irq_handler
 .text.camera_init
                0x10003934      0x138 C:/MaximSDK/Examples/MAX78000/CNN/faceid_evkit/build/camera.o
                0x10003934                camera_init
 .text.camera_setup
                0x10003a6c      0x1d8 C:/MaximSDK/Examples/MAX78000/CNN/faceid_evkit/build/camera.o
                0x10003a6c                camera_setup
 .text.camera_get_slave_address
                0x10003c44        0xc C:/MaximSDK/Examples/MAX78000/CNN/faceid_evkit/build/camera.o
                0x10003c44                camera_get_slave_address
 .text.camera_get_product_id
                0x10003c50        0xc C:/MaximSDK/Examples/MAX78000/CNN/faceid_evkit/build/camera.o
                0x10003c50                camera_get_product_id
 .text.camera_get_manufacture_id
                0x10003c5c        0xc C:/MaximSDK/Examples/MAX78000/CNN/faceid_evkit/build/camera.o
                0x10003c5c                camera_get_manufacture_id
 .text.camera_start_capture_image
                0x10003c68       0x3c C:/MaximSDK/Examples/MAX78000/CNN/faceid_evkit/build/camera.o
                0x10003c68                camera_start_capture_image
 .text.camera_is_image_rcv
                0x10003ca4       0x10 C:/MaximSDK/Examples/MAX78000/CNN/faceid_evkit/build/camera.o
                0x10003ca4                camera_is_image_rcv
 .text.camera_get_image
                0x10003cb4       0x3c C:/MaximSDK/Examples/MAX78000/CNN/faceid_evkit/build/camera.o
                0x10003cb4                camera_get_image
 .text.init     0x10003cf0       0x10 C:/MaximSDK/Examples/MAX78000/CNN/faceid_evkit/build/ov7692.o
 .text.get_slave_address
                0x10003d00        0xc C:/MaximSDK/Examples/MAX78000/CNN/faceid_evkit/build/ov7692.o
 .text.get_pixformat
                0x10003d0c       0x10 C:/MaximSDK/Examples/MAX78000/CNN/faceid_evkit/build/ov7692.o
 .text.set_saturation
                0x10003d1c        0x4 C:/MaximSDK/Examples/MAX78000/CNN/faceid_evkit/build/ov7692.o
 .text.get_luminance
                0x10003d20       0x60 C:/MaximSDK/Examples/MAX78000/CNN/faceid_evkit/build/ov7692.o
 .text.read_reg
                0x10003d80       0x20 C:/MaximSDK/Examples/MAX78000/CNN/faceid_evkit/build/ov7692.o
 .text.get_manufacture_id
                0x10003da0       0x3c C:/MaximSDK/Examples/MAX78000/CNN/faceid_evkit/build/ov7692.o
 .text.get_product_id
                0x10003ddc       0x3c C:/MaximSDK/Examples/MAX78000/CNN/faceid_evkit/build/ov7692.o
 .text.set_negateimage
                0x10003e18       0x90 C:/MaximSDK/Examples/MAX78000/CNN/faceid_evkit/build/ov7692.o
 .text.set_vflip
                0x10003ea8       0x3c C:/MaximSDK/Examples/MAX78000/CNN/faceid_evkit/build/ov7692.o
 .text.set_hmirror
                0x10003ee4       0x3c C:/MaximSDK/Examples/MAX78000/CNN/faceid_evkit/build/ov7692.o
 .text.set_colorbar
                0x10003f20       0x3c C:/MaximSDK/Examples/MAX78000/CNN/faceid_evkit/build/ov7692.o
 .text.set_gainceiling
                0x10003f5c       0xa0 C:/MaximSDK/Examples/MAX78000/CNN/faceid_evkit/build/ov7692.o
 .text.set_brightness
                0x10003ffc       0xa8 C:/MaximSDK/Examples/MAX78000/CNN/faceid_evkit/build/ov7692.o
 .text.set_contrast
                0x100040a4       0xa0 C:/MaximSDK/Examples/MAX78000/CNN/faceid_evkit/build/ov7692.o
 .text.set_windowing
                0x10004144      0x120 C:/MaximSDK/Examples/MAX78000/CNN/faceid_evkit/build/ov7692.o
 .text.set_framesize
                0x10004264       0xc0 C:/MaximSDK/Examples/MAX78000/CNN/faceid_evkit/build/ov7692.o
 .text.set_pixformat
                0x10004324       0x54 C:/MaximSDK/Examples/MAX78000/CNN/faceid_evkit/build/ov7692.o
 .text.write_reg
                0x10004378       0x18 C:/MaximSDK/Examples/MAX78000/CNN/faceid_evkit/build/ov7692.o
 .text.sleep    0x10004390       0x3c C:/MaximSDK/Examples/MAX78000/CNN/faceid_evkit/build/ov7692.o
 .text.reset    0x100043cc       0x64 C:/MaximSDK/Examples/MAX78000/CNN/faceid_evkit/build/ov7692.o
 .text.dump_registers
                0x10004430       0xa4 C:/MaximSDK/Examples/MAX78000/CNN/faceid_evkit/build/ov7692.o
 .text.sensor_register
                0x100044d4       0xbc C:/MaximSDK/Examples/MAX78000/CNN/faceid_evkit/build/ov7692.o
                0x100044d4                sensor_register
 .text.send_byte
                0x10004590       0x68 C:/MaximSDK/Examples/MAX78000/CNN/faceid_evkit/build/sccb.o
 .text.get_byte
                0x100045f8       0x50 C:/MaximSDK/Examples/MAX78000/CNN/faceid_evkit/build/sccb.o
 .text.sccb_init
                0x10004648       0x2c C:/MaximSDK/Examples/MAX78000/CNN/faceid_evkit/build/sccb.o
                0x10004648                sccb_init
 .text.sccb_read_byt
                0x10004674      0x11c C:/MaximSDK/Examples/MAX78000/CNN/faceid_evkit/build/sccb.o
                0x10004674                sccb_read_byt
 .text.sccb_write_byt
                0x10004790       0xa4 C:/MaximSDK/Examples/MAX78000/CNN/faceid_evkit/build/sccb.o
                0x10004790                sccb_write_byt
 .text.reg_read
                0x10004834       0x78 C:/MaximSDK/Examples/MAX78000/CNN/faceid_evkit/build/max20303.o
 .text.reg_write
                0x100048ac       0x60 C:/MaximSDK/Examples/MAX78000/CNN/faceid_evkit/build/max20303.o
 .text.reg_write_buf.constprop.0
                0x1000490c       0x70 C:/MaximSDK/Examples/MAX78000/CNN/faceid_evkit/build/max20303.o
 .text.max20303_camera_power
                0x1000497c       0x68 C:/MaximSDK/Examples/MAX78000/CNN/faceid_evkit/build/max20303.o
                0x1000497c                max20303_camera_power
 .text.max20303_init
                0x100049e4       0x68 C:/MaximSDK/Examples/MAX78000/CNN/faceid_evkit/build/max20303.o
                0x100049e4                max20303_init
 .text          0x10004a4c      0x148 C:/MaximSDK/Examples/MAX78000/CNN/faceid_evkit/build/startup_max78000.o
                0x10004a4c                Reset_Handler
                0x10004a8a                HardFault_Handler
                0x10004a8c                MemManage_Handler
                0x10004a8e                BusFault_Handler
                0x10004a90                UsageFault_Handler
                0x10004a92                SVC_Handler
                0x10004a94                DebugMon_Handler
                0x10004a96                PendSV_Handler
                0x10004a98                SysTick_Handler
                0x10004a9a                Default_Handler
                0x10004a9c                PF_IRQHandler
                0x10004a9e                WDT0_IRQHandler
                0x10004aa0                RSV02_IRQHandler
                0x10004aa2                RTC_IRQHandler
                0x10004aa4                TRNG_IRQHandler
                0x10004aa6                TMR0_IRQHandler
                0x10004aa8                TMR1_IRQHandler
                0x10004aaa                TMR2_IRQHandler
                0x10004aac                TMR3_IRQHandler
                0x10004aae                TMR4_IRQHandler
                0x10004ab0                TMR5_IRQHandler
                0x10004ab2                RSV11_IRQHandler
                0x10004ab4                RSV12_IRQHandler
                0x10004ab6                I2C0_IRQHandler
                0x10004ab8                UART0_IRQHandler
                0x10004aba                UART1_IRQHandler
                0x10004abc                SPI1_IRQHandler
                0x10004abe                RSV17_IRQHandler
                0x10004ac0                RSV18_IRQHandler
                0x10004ac2                RSV19_IRQHandler
                0x10004ac4                ADC_IRQHandler
                0x10004ac6                RSV21_IRQHandler
                0x10004ac8                RSV22_IRQHandler
                0x10004aca                FLC0_IRQHandler
                0x10004ad2                RSV27_IRQHandler
                0x10004ad4                DMA0_IRQHandler
                0x10004ad6                DMA1_IRQHandler
                0x10004ad8                DMA2_IRQHandler
                0x10004ada                DMA3_IRQHandler
                0x10004adc                RSV32_IRQHandler
                0x10004ade                RSV33_IRQHandler
                0x10004ae0                UART2_IRQHandler
                0x10004ae2                RSV35_IRQHandler
                0x10004ae4                I2C1_IRQHandler
                0x10004ae6                RSV37_IRQHandler
                0x10004ae8                RSV38_IRQHandler
                0x10004aea                RSV39_IRQHandler
                0x10004aec                RSV40_IRQHandler
                0x10004aee                RSV41_IRQHandler
                0x10004af0                RSV42_IRQHandler
                0x10004af2                RSV43_IRQHandler
                0x10004af4                RSV44_IRQHandler
                0x10004af6                RSV45_IRQHandler
                0x10004af8                RSV46_IRQHandler
                0x10004afa                RSV47_IRQHandler
                0x10004afc                RSV48_IRQHandler
                0x10004afe                RSV49_IRQHandler
                0x10004b00                RSV50_IRQHandler
                0x10004b02                RSV51_IRQHandler
                0x10004b04                RSV52_IRQHandler
                0x10004b08                GPIOWAKE_IRQHandler
                0x10004b0a                RSV55_IRQHandler
                0x10004b0c                SPI0_IRQHandler
                0x10004b0e                WDT1_IRQHandler
                0x10004b10                RSV58_IRQHandler
                0x10004b12                PT_IRQHandler
                0x10004b14                RSV60_IRQHandler
                0x10004b16                RSV61_IRQHandler
                0x10004b18                I2C2_IRQHandler
                0x10004b1a                RISCV_IRQHandler
                0x10004b1c                RSV64_IRQHandler
                0x10004b1e                RSV65_IRQHandler
                0x10004b20                RSV66_IRQHandler
                0x10004b22                OWM_IRQHandler
                0x10004b24                RSV68_IRQHandler
                0x10004b26                RSV69_IRQHandler
                0x10004b28                RSV70_IRQHandler
                0x10004b2a                RSV71_IRQHandler
                0x10004b2c                RSV72_IRQHandler
                0x10004b2e                RSV73_IRQHandler
                0x10004b30                RSV74_IRQHandler
                0x10004b32                RSV75_IRQHandler
                0x10004b34                RSV76_IRQHandler
                0x10004b36                RSV77_IRQHandler
                0x10004b38                RSV78_IRQHandler
                0x10004b3a                RSV79_IRQHandler
                0x10004b3c                RSV80_IRQHandler
                0x10004b3e                RSV81_IRQHandler
                0x10004b40                ECC_IRQHandler
                0x10004b42                DVS_IRQHandler
                0x10004b44                SIMO_IRQHandler
                0x10004b46                RSV85_IRQHandler
                0x10004b48                RSV86_IRQHandler
                0x10004b4a                RSV87_IRQHandler
                0x10004b4c                UART3_IRQHandler
                0x10004b4e                RSV89_IRQHandler
                0x10004b50                RSV90_IRQHandler
                0x10004b52                PCIF_IRQHandler
                0x10004b54                RSV92_IRQHandler
                0x10004b56                RSV93_IRQHandler
                0x10004b58                RSV94_IRQHandler
                0x10004b5a                RSV95_IRQHandler
                0x10004b5c                RSV96_IRQHandler
                0x10004b5e                AES_IRQHandler
                0x10004b60                RSV98_IRQHandler
                0x10004b62                I2S_IRQHandler
                0x10004b64                CNN_FIFO_IRQHandler
                0x10004b66                CNN_IRQHandler
                0x10004b68                RSV102_IRQHandler
                0x10004b6a                LPCMP_IRQHandler
 .text._sbrk    0x10004b94       0x3c C:/MaximSDK/Examples/MAX78000/CNN/faceid_evkit/build/heap.o
                0x10004b94                _sbrk
 .text.SystemCoreClockUpdate
                0x10004bd0       0x68 C:/MaximSDK/Examples/MAX78000/CNN/faceid_evkit/build/system_max78000.o
                0x10004bd0                SystemCoreClockUpdate
 .text.PreInit  0x10004c38        0x4 C:/MaximSDK/Examples/MAX78000/CNN/faceid_evkit/build/system_max78000.o
                0x10004c38                PreInit
 .text.SystemInit
                0x10004c3c       0x38 C:/MaximSDK/Examples/MAX78000/CNN/faceid_evkit/build/system_max78000.o
                0x10004c3c                SystemInit
 .text.MXC_DelayInit
                0x10004c74       0x7c C:/MaximSDK/Libraries/PeriphDrivers/bin/MAX78000/softfp/libPeriphDriver_softfp.a(mxc_delay.o)
 .text.MXC_DelayAsync
                0x10004cf0       0x3c C:/MaximSDK/Libraries/PeriphDrivers/bin/MAX78000/softfp/libPeriphDriver_softfp.a(mxc_delay.o)
                0x10004cf0                MXC_DelayAsync
 .text.MXC_DelayCheck
                0x10004d2c       0x70 C:/MaximSDK/Libraries/PeriphDrivers/bin/MAX78000/softfp/libPeriphDriver_softfp.a(mxc_delay.o)
                0x10004d2c                MXC_DelayCheck
 .text.MXC_DelayAbort
                0x10004d9c       0x34 C:/MaximSDK/Libraries/PeriphDrivers/bin/MAX78000/softfp/libPeriphDriver_softfp.a(mxc_delay.o)
                0x10004d9c                MXC_DelayAbort
 .text.MXC_Delay
                0x10004dd0       0x74 C:/MaximSDK/Libraries/PeriphDrivers/bin/MAX78000/softfp/libPeriphDriver_softfp.a(mxc_delay.o)
                0x10004dd0                MXC_Delay
 .text.MXC_SYS_IsClockEnabled
                0x10004e44       0x44 C:/MaximSDK/Libraries/PeriphDrivers/bin/MAX78000/softfp/libPeriphDriver_softfp.a(sys_ai85.o)
                0x10004e44                MXC_SYS_IsClockEnabled
 .text.MXC_SYS_ClockDisable
                0x10004e88       0x44 C:/MaximSDK/Libraries/PeriphDrivers/bin/MAX78000/softfp/libPeriphDriver_softfp.a(sys_ai85.o)
                0x10004e88                MXC_SYS_ClockDisable
 .text.MXC_SYS_ClockEnable
                0x10004ecc       0x4c C:/MaximSDK/Libraries/PeriphDrivers/bin/MAX78000/softfp/libPeriphDriver_softfp.a(sys_ai85.o)
                0x10004ecc                MXC_SYS_ClockEnable
 .text.MXC_SYS_ClockSourceEnable
                0x10004f18       0xec C:/MaximSDK/Libraries/PeriphDrivers/bin/MAX78000/softfp/libPeriphDriver_softfp.a(sys_ai85.o)
                0x10004f18                MXC_SYS_ClockSourceEnable
 .text.MXC_SYS_Clock_Select
                0x10005004      0x17c C:/MaximSDK/Libraries/PeriphDrivers/bin/MAX78000/softfp/libPeriphDriver_softfp.a(sys_ai85.o)
                0x10005004                MXC_SYS_Clock_Select
 .text.MXC_SYS_Reset_Periph
                0x10005180       0x50 C:/MaximSDK/Libraries/PeriphDrivers/bin/MAX78000/softfp/libPeriphDriver_softfp.a(sys_ai85.o)
                0x10005180                MXC_SYS_Reset_Periph
 .text.NVIC_SetVector
                0x100051d0       0x4c C:/MaximSDK/Libraries/PeriphDrivers/bin/MAX78000/softfp/libPeriphDriver_softfp.a(nvic_table.o)
                0x100051d0                NVIC_SetVector
 .text.MXC_PCIF_Init
                0x1000521c       0x6c C:/MaximSDK/Libraries/PeriphDrivers/bin/MAX78000/softfp/libPeriphDriver_softfp.a(cameraif_ai85.o)
                0x1000521c                MXC_PCIF_Init
 .text.MXC_PCIF_SetDataWidth
                0x10005288        0xc C:/MaximSDK/Libraries/PeriphDrivers/bin/MAX78000/softfp/libPeriphDriver_softfp.a(cameraif_ai85.o)
                0x10005288                MXC_PCIF_SetDataWidth
 .text.MXC_PCIF_SetTimingSel
                0x10005294        0xc C:/MaximSDK/Libraries/PeriphDrivers/bin/MAX78000/softfp/libPeriphDriver_softfp.a(cameraif_ai85.o)
                0x10005294                MXC_PCIF_SetTimingSel
 .text.MXC_PCIF_SetThreshold
                0x100052a0        0xc C:/MaximSDK/Libraries/PeriphDrivers/bin/MAX78000/softfp/libPeriphDriver_softfp.a(cameraif_ai85.o)
                0x100052a0                MXC_PCIF_SetThreshold
 .text.MXC_PCIF_EnableInt
                0x100052ac        0xc C:/MaximSDK/Libraries/PeriphDrivers/bin/MAX78000/softfp/libPeriphDriver_softfp.a(cameraif_ai85.o)
                0x100052ac                MXC_PCIF_EnableInt
 .text.MXC_PCIF_DisableInt
                0x100052b8        0xc C:/MaximSDK/Libraries/PeriphDrivers/bin/MAX78000/softfp/libPeriphDriver_softfp.a(cameraif_ai85.o)
                0x100052b8                MXC_PCIF_DisableInt
 .text.MXC_PCIF_Start
                0x100052c4        0xc C:/MaximSDK/Libraries/PeriphDrivers/bin/MAX78000/softfp/libPeriphDriver_softfp.a(cameraif_ai85.o)
                0x100052c4                MXC_PCIF_Start
 .text.MXC_PCIF_RevA_SetDatawidth
                0x100052d0       0x14 C:/MaximSDK/Libraries/PeriphDrivers/bin/MAX78000/softfp/libPeriphDriver_softfp.a(cameraif_reva.o)
                0x100052d0                MXC_PCIF_RevA_SetDatawidth
 .text.MXC_PCIF_RevA_SetTimingSel
                0x100052e4       0x14 C:/MaximSDK/Libraries/PeriphDrivers/bin/MAX78000/softfp/libPeriphDriver_softfp.a(cameraif_reva.o)
                0x100052e4                MXC_PCIF_RevA_SetTimingSel
 .text.MXC_PCIF_RevA_SetThreshold
                0x100052f8       0x18 C:/MaximSDK/Libraries/PeriphDrivers/bin/MAX78000/softfp/libPeriphDriver_softfp.a(cameraif_reva.o)
                0x100052f8                MXC_PCIF_RevA_SetThreshold
 .text.MXC_PCIF_RevA_EnableInt
                0x10005310        0xc C:/MaximSDK/Libraries/PeriphDrivers/bin/MAX78000/softfp/libPeriphDriver_softfp.a(cameraif_reva.o)
                0x10005310                MXC_PCIF_RevA_EnableInt
 .text.MXC_PCIF_RevA_DisableInt
                0x1000531c       0x10 C:/MaximSDK/Libraries/PeriphDrivers/bin/MAX78000/softfp/libPeriphDriver_softfp.a(cameraif_reva.o)
                0x1000531c                MXC_PCIF_RevA_DisableInt
 .text.MXC_PCIF_RevA_Start
                0x1000532c       0x14 C:/MaximSDK/Libraries/PeriphDrivers/bin/MAX78000/softfp/libPeriphDriver_softfp.a(cameraif_reva.o)
                0x1000532c                MXC_PCIF_RevA_Start
 .text.MXC_DMA_Init
                0x10005340       0x30 C:/MaximSDK/Libraries/PeriphDrivers/bin/MAX78000/softfp/libPeriphDriver_softfp.a(dma_me17.o)
                0x10005340                MXC_DMA_Init
 .text.MXC_DMA_AcquireChannel
                0x10005370        0xc C:/MaximSDK/Libraries/PeriphDrivers/bin/MAX78000/softfp/libPeriphDriver_softfp.a(dma_me17.o)
                0x10005370                MXC_DMA_AcquireChannel
 .text.MXC_DMA_SetCallback
                0x1000537c        0x4 C:/MaximSDK/Libraries/PeriphDrivers/bin/MAX78000/softfp/libPeriphDriver_softfp.a(dma_me17.o)
                0x1000537c                MXC_DMA_SetCallback
 .text.MXC_DMA_ChannelClearFlags
                0x10005380        0x4 C:/MaximSDK/Libraries/PeriphDrivers/bin/MAX78000/softfp/libPeriphDriver_softfp.a(dma_me17.o)
                0x10005380                MXC_DMA_ChannelClearFlags
 .text.MXC_DMA_Handler
                0x10005384        0xc C:/MaximSDK/Libraries/PeriphDrivers/bin/MAX78000/softfp/libPeriphDriver_softfp.a(dma_me17.o)
                0x10005384                MXC_DMA_Handler
 .text.MXC_DMA_RevA_Init
                0x10005390       0x94 C:/MaximSDK/Libraries/PeriphDrivers/bin/MAX78000/softfp/libPeriphDriver_softfp.a(dma_reva.o)
                0x10005390                MXC_DMA_RevA_Init
 .text.MXC_DMA_RevA_AcquireChannel
                0x10005424       0x74 C:/MaximSDK/Libraries/PeriphDrivers/bin/MAX78000/softfp/libPeriphDriver_softfp.a(dma_reva.o)
                0x10005424                MXC_DMA_RevA_AcquireChannel
 .text.MXC_DMA_RevA_SetCallback
                0x10005498       0x24 C:/MaximSDK/Libraries/PeriphDrivers/bin/MAX78000/softfp/libPeriphDriver_softfp.a(dma_reva.o)
                0x10005498                MXC_DMA_RevA_SetCallback
 .text.MXC_DMA_RevA_ChannelClearFlags
                0x100054bc       0x2c C:/MaximSDK/Libraries/PeriphDrivers/bin/MAX78000/softfp/libPeriphDriver_softfp.a(dma_reva.o)
                0x100054bc                MXC_DMA_RevA_ChannelClearFlags
 .text.MXC_DMA_RevA_Handler
                0x100054e8       0x80 C:/MaximSDK/Libraries/PeriphDrivers/bin/MAX78000/softfp/libPeriphDriver_softfp.a(dma_reva.o)
                0x100054e8                MXC_DMA_RevA_Handler
 .text.MXC_LP_EnterSleepMode
                0x10005568       0x28 C:/MaximSDK/Libraries/PeriphDrivers/bin/MAX78000/softfp/libPeriphDriver_softfp.a(lp_ai85.o)
                0x10005568                MXC_LP_EnterSleepMode
 .text.MXC_LP_EnterLowPowerMode
                0x10005590       0x40 C:/MaximSDK/Libraries/PeriphDrivers/bin/MAX78000/softfp/libPeriphDriver_softfp.a(lp_ai85.o)
                0x10005590                MXC_LP_EnterLowPowerMode
 .text.MXC_LP_EnterStandbyMode
                0x100055d0       0x40 C:/MaximSDK/Libraries/PeriphDrivers/bin/MAX78000/softfp/libPeriphDriver_softfp.a(lp_ai85.o)
                0x100055d0                MXC_LP_EnterStandbyMode
 .text.MXC_LP_EnableWUTAlarmWakeup
                0x10005610       0x10 C:/MaximSDK/Libraries/PeriphDrivers/bin/MAX78000/softfp/libPeriphDriver_softfp.a(lp_ai85.o)
                0x10005610                MXC_LP_EnableWUTAlarmWakeup
 .text.MXC_GPIO_Config
                0x10005620      0x204 C:/MaximSDK/Libraries/PeriphDrivers/bin/MAX78000/softfp/libPeriphDriver_softfp.a(gpio_ai85.o)
                0x10005620                MXC_GPIO_Config
 .text.MXC_GPIO_OutSet
                0x10005824       0x34 C:/MaximSDK/Libraries/PeriphDrivers/bin/MAX78000/softfp/libPeriphDriver_softfp.a(gpio_ai85.o)
                0x10005824                MXC_GPIO_OutSet
 .text.MXC_GPIO_OutClr
                0x10005858       0x34 C:/MaximSDK/Libraries/PeriphDrivers/bin/MAX78000/softfp/libPeriphDriver_softfp.a(gpio_ai85.o)
                0x10005858                MXC_GPIO_OutClr
 .text.MXC_GPIO_Handler
                0x1000588c        0x4 C:/MaximSDK/Libraries/PeriphDrivers/bin/MAX78000/softfp/libPeriphDriver_softfp.a(gpio_ai85.o)
                0x1000588c                MXC_GPIO_Handler
 .text.MXC_GPIO_ClearFlags
                0x10005890        0x4 C:/MaximSDK/Libraries/PeriphDrivers/bin/MAX78000/softfp/libPeriphDriver_softfp.a(gpio_ai85.o)
                0x10005890                MXC_GPIO_ClearFlags
 .text.MXC_GPIO_GetFlags
                0x10005894        0x4 C:/MaximSDK/Libraries/PeriphDrivers/bin/MAX78000/softfp/libPeriphDriver_softfp.a(gpio_ai85.o)
                0x10005894                MXC_GPIO_GetFlags
 .text.MXC_GPIO_SetVSSEL
                0x10005898        0x4 C:/MaximSDK/Libraries/PeriphDrivers/bin/MAX78000/softfp/libPeriphDriver_softfp.a(gpio_ai85.o)
                0x10005898                MXC_GPIO_SetVSSEL
 .text.MXC_GPIO_RevA_OutSet
                0x1000589c        0x4 C:/MaximSDK/Libraries/PeriphDrivers/bin/MAX78000/softfp/libPeriphDriver_softfp.a(gpio_reva.o)
                0x1000589c                MXC_GPIO_RevA_OutSet
 .text.MXC_GPIO_RevA_OutClr
                0x100058a0        0x4 C:/MaximSDK/Libraries/PeriphDrivers/bin/MAX78000/softfp/libPeriphDriver_softfp.a(gpio_reva.o)
                0x100058a0                MXC_GPIO_RevA_OutClr
 .text.MXC_GPIO_RevA_ClearFlags
                0x100058a4        0x4 C:/MaximSDK/Libraries/PeriphDrivers/bin/MAX78000/softfp/libPeriphDriver_softfp.a(gpio_reva.o)
                0x100058a4                MXC_GPIO_RevA_ClearFlags
 .text.MXC_GPIO_RevA_GetFlags
                0x100058a8        0x4 C:/MaximSDK/Libraries/PeriphDrivers/bin/MAX78000/softfp/libPeriphDriver_softfp.a(gpio_reva.o)
                0x100058a8                MXC_GPIO_RevA_GetFlags
 .text.MXC_GPIO_RevA_SetVSSEL
                0x100058ac       0x30 C:/MaximSDK/Libraries/PeriphDrivers/bin/MAX78000/softfp/libPeriphDriver_softfp.a(gpio_reva.o)
                0x100058ac                MXC_GPIO_RevA_SetVSSEL
 .text.MXC_GPIO_RevA_SetAF
                0x100058dc       0x5c C:/MaximSDK/Libraries/PeriphDrivers/bin/MAX78000/softfp/libPeriphDriver_softfp.a(gpio_reva.o)
                0x100058dc                MXC_GPIO_RevA_SetAF
 .text.MXC_I2C_SetSlaveAddr
                0x10005938        0x4 C:/MaximSDK/Libraries/PeriphDrivers/bin/MAX78000/softfp/libPeriphDriver_softfp.a(i2c_me17.o)
                0x10005938                MXC_I2C_SetSlaveAddr
 .text.MXC_I2C_Shutdown
                0x1000593c       0x58 C:/MaximSDK/Libraries/PeriphDrivers/bin/MAX78000/softfp/libPeriphDriver_softfp.a(i2c_me17.o)
                0x1000593c                MXC_I2C_Shutdown
 .text.MXC_I2C_Init
                0x10005994       0x94 C:/MaximSDK/Libraries/PeriphDrivers/bin/MAX78000/softfp/libPeriphDriver_softfp.a(i2c_me17.o)
                0x10005994                MXC_I2C_Init
 .text.MXC_I2C_SetFrequency
                0x10005a28       0x14 C:/MaximSDK/Libraries/PeriphDrivers/bin/MAX78000/softfp/libPeriphDriver_softfp.a(i2c_me17.o)
                0x10005a28                MXC_I2C_SetFrequency
 .text.MXC_I2C_GetFrequency
                0x10005a3c        0x4 C:/MaximSDK/Libraries/PeriphDrivers/bin/MAX78000/softfp/libPeriphDriver_softfp.a(i2c_me17.o)
                0x10005a3c                MXC_I2C_GetFrequency
 .text.MXC_I2C_ClearRXFIFO
                0x10005a40        0x4 C:/MaximSDK/Libraries/PeriphDrivers/bin/MAX78000/softfp/libPeriphDriver_softfp.a(i2c_me17.o)
                0x10005a40                MXC_I2C_ClearRXFIFO
 .text.MXC_I2C_ClearTXFIFO
                0x10005a44        0x4 C:/MaximSDK/Libraries/PeriphDrivers/bin/MAX78000/softfp/libPeriphDriver_softfp.a(i2c_me17.o)
                0x10005a44                MXC_I2C_ClearTXFIFO
 .text.MXC_I2C_Recover
                0x10005a48        0x4 C:/MaximSDK/Libraries/PeriphDrivers/bin/MAX78000/softfp/libPeriphDriver_softfp.a(i2c_me17.o)
                0x10005a48                MXC_I2C_Recover
 .text.MXC_I2C_SetRXThreshold
                0x10005a4c        0x4 C:/MaximSDK/Libraries/PeriphDrivers/bin/MAX78000/softfp/libPeriphDriver_softfp.a(i2c_me17.o)
                0x10005a4c                MXC_I2C_SetRXThreshold
 .text.MXC_I2C_SetTXThreshold
                0x10005a50        0x4 C:/MaximSDK/Libraries/PeriphDrivers/bin/MAX78000/softfp/libPeriphDriver_softfp.a(i2c_me17.o)
                0x10005a50                MXC_I2C_SetTXThreshold
 .text.MXC_I2C_RevA_Init
                0x10005a54       0xd0 C:/MaximSDK/Libraries/PeriphDrivers/bin/MAX78000/softfp/libPeriphDriver_softfp.a(i2c_reva.o)
                0x10005a54                MXC_I2C_RevA_Init
 .text.MXC_I2C_RevA_SetSlaveAddr
                0x10005b24       0x34 C:/MaximSDK/Libraries/PeriphDrivers/bin/MAX78000/softfp/libPeriphDriver_softfp.a(i2c_reva.o)
                0x10005b24                MXC_I2C_RevA_SetSlaveAddr
 .text.MXC_I2C_RevA_SetFrequency
                0x10005b58       0x78 C:/MaximSDK/Libraries/PeriphDrivers/bin/MAX78000/softfp/libPeriphDriver_softfp.a(i2c_reva.o)
                0x10005b58                MXC_I2C_RevA_SetFrequency
 .text.MXC_I2C_RevA_GetFrequency
                0x10005bd0       0x20 C:/MaximSDK/Libraries/PeriphDrivers/bin/MAX78000/softfp/libPeriphDriver_softfp.a(i2c_reva.o)
                0x10005bd0                MXC_I2C_RevA_GetFrequency
 .text.MXC_I2C_RevA_ClearRXFIFO
                0x10005bf0       0x10 C:/MaximSDK/Libraries/PeriphDrivers/bin/MAX78000/softfp/libPeriphDriver_softfp.a(i2c_reva.o)
                0x10005bf0                MXC_I2C_RevA_ClearRXFIFO
 .text.MXC_I2C_RevA_ClearTXFIFO
                0x10005c00       0x10 C:/MaximSDK/Libraries/PeriphDrivers/bin/MAX78000/softfp/libPeriphDriver_softfp.a(i2c_reva.o)
                0x10005c00                MXC_I2C_RevA_ClearTXFIFO
 .text.MXC_I2C_RevA_Recover
                0x10005c10       0xd8 C:/MaximSDK/Libraries/PeriphDrivers/bin/MAX78000/softfp/libPeriphDriver_softfp.a(i2c_reva.o)
                0x10005c10                MXC_I2C_RevA_Recover
 .text.MXC_I2C_RevA_SetRXThreshold
                0x10005ce8       0x20 C:/MaximSDK/Libraries/PeriphDrivers/bin/MAX78000/softfp/libPeriphDriver_softfp.a(i2c_reva.o)
                0x10005ce8                MXC_I2C_RevA_SetRXThreshold
 .text.MXC_I2C_RevA_SetTXThreshold
                0x10005d08       0x24 C:/MaximSDK/Libraries/PeriphDrivers/bin/MAX78000/softfp/libPeriphDriver_softfp.a(i2c_reva.o)
                0x10005d08                MXC_I2C_RevA_SetTXThreshold
 .text.MXC_ICC_Enable
                0x10005d2c        0x4 C:/MaximSDK/Libraries/PeriphDrivers/bin/MAX78000/softfp/libPeriphDriver_softfp.a(icc_me17.o)
                0x10005d2c                MXC_ICC_Enable
 .text.MXC_ICC_RevA_Enable
                0x10005d30       0x30 C:/MaximSDK/Libraries/PeriphDrivers/bin/MAX78000/softfp/libPeriphDriver_softfp.a(icc_reva.o)
                0x10005d30                MXC_ICC_RevA_Enable
 .text.MXC_PT_Init
                0x10005d60      0x128 C:/MaximSDK/Libraries/PeriphDrivers/bin/MAX78000/softfp/libPeriphDriver_softfp.a(pt_me17.o)
                0x10005d60                MXC_PT_Init
 .text.MXC_PT_Config
                0x10005e88       0x5c C:/MaximSDK/Libraries/PeriphDrivers/bin/MAX78000/softfp/libPeriphDriver_softfp.a(pt_me17.o)
                0x10005e88                MXC_PT_Config
 .text.MXC_PT_SqrWaveConfig
                0x10005ee4       0x20 C:/MaximSDK/Libraries/PeriphDrivers/bin/MAX78000/softfp/libPeriphDriver_softfp.a(pt_me17.o)
                0x10005ee4                MXC_PT_SqrWaveConfig
 .text.MXC_PT_Start
                0x10005f04        0xc C:/MaximSDK/Libraries/PeriphDrivers/bin/MAX78000/softfp/libPeriphDriver_softfp.a(pt_me17.o)
                0x10005f04                MXC_PT_Start
 .text.MXC_PT_IsActive
                0x10005f10        0xc C:/MaximSDK/Libraries/PeriphDrivers/bin/MAX78000/softfp/libPeriphDriver_softfp.a(pt_me17.o)
                0x10005f10                MXC_PT_IsActive
 .text.MXC_PT_RevA_Init
                0x10005f1c        0xc C:/MaximSDK/Libraries/PeriphDrivers/bin/MAX78000/softfp/libPeriphDriver_softfp.a(pt_reva.o)
                0x10005f1c                MXC_PT_RevA_Init
 .text.MXC_PT_RevA_Config
                0x10005f28       0xc4 C:/MaximSDK/Libraries/PeriphDrivers/bin/MAX78000/softfp/libPeriphDriver_softfp.a(pt_reva.o)
                0x10005f28                MXC_PT_RevA_Config
 .text.MXC_PT_RevA_SqrWaveConfig
                0x10005fec       0x18 C:/MaximSDK/Libraries/PeriphDrivers/bin/MAX78000/softfp/libPeriphDriver_softfp.a(pt_reva.o)
                0x10005fec                MXC_PT_RevA_SqrWaveConfig
 .text.MXC_PT_RevA_Start
                0x10006004       0x10 C:/MaximSDK/Libraries/PeriphDrivers/bin/MAX78000/softfp/libPeriphDriver_softfp.a(pt_reva.o)
                0x10006004                MXC_PT_RevA_Start
 .text.MXC_PT_RevA_IsActive
                0x10006014        0xc C:/MaximSDK/Libraries/PeriphDrivers/bin/MAX78000/softfp/libPeriphDriver_softfp.a(pt_reva.o)
                0x10006014                MXC_PT_RevA_IsActive
 .text.MXC_RTC_Start
                0x10006020        0xc C:/MaximSDK/Libraries/PeriphDrivers/bin/MAX78000/softfp/libPeriphDriver_softfp.a(rtc_me17.o)
                0x10006020                MXC_RTC_Start
 .text.MXC_RTC_Init
                0x1000602c       0x28 C:/MaximSDK/Libraries/PeriphDrivers/bin/MAX78000/softfp/libPeriphDriver_softfp.a(rtc_me17.o)
                0x1000602c                MXC_RTC_Init
 .text.MXC_RTC_GetSubSecond
                0x10006054        0x4 C:/MaximSDK/Libraries/PeriphDrivers/bin/MAX78000/softfp/libPeriphDriver_softfp.a(rtc_me17.o)
                0x10006054                MXC_RTC_GetSubSecond
 .text.MXC_RTC_GetSecond
                0x10006058        0x4 C:/MaximSDK/Libraries/PeriphDrivers/bin/MAX78000/softfp/libPeriphDriver_softfp.a(rtc_me17.o)
                0x10006058                MXC_RTC_GetSecond
 .text.MXC_RTC_RevA_Start
                0x1000605c       0x40 C:/MaximSDK/Libraries/PeriphDrivers/bin/MAX78000/softfp/libPeriphDriver_softfp.a(rtc_reva.o)
                0x1000605c                MXC_RTC_RevA_Start
 .text.MXC_RTC_RevA_Init
                0x1000609c       0x64 C:/MaximSDK/Libraries/PeriphDrivers/bin/MAX78000/softfp/libPeriphDriver_softfp.a(rtc_reva.o)
                0x1000609c                MXC_RTC_RevA_Init
 .text.MXC_RTC_RevA_GetSubSecond
                0x10006100       0x14 C:/MaximSDK/Libraries/PeriphDrivers/bin/MAX78000/softfp/libPeriphDriver_softfp.a(rtc_reva.o)
                0x10006100                MXC_RTC_RevA_GetSubSecond
 .text.MXC_RTC_RevA_GetSecond
                0x10006114       0x14 C:/MaximSDK/Libraries/PeriphDrivers/bin/MAX78000/softfp/libPeriphDriver_softfp.a(rtc_reva.o)
                0x10006114                MXC_RTC_RevA_GetSecond
 .text.MXC_TMR_Init
                0x10006128      0x344 C:/MaximSDK/Libraries/PeriphDrivers/bin/MAX78000/softfp/libPeriphDriver_softfp.a(tmr_ai85.o)
                0x10006128                MXC_TMR_Init
 .text.MXC_TMR_Start
                0x1000646c        0x4 C:/MaximSDK/Libraries/PeriphDrivers/bin/MAX78000/softfp/libPeriphDriver_softfp.a(tmr_ai85.o)
                0x1000646c                MXC_TMR_Start
 .text.MXC_TMR_Stop
                0x10006470        0x4 C:/MaximSDK/Libraries/PeriphDrivers/bin/MAX78000/softfp/libPeriphDriver_softfp.a(tmr_ai85.o)
                0x10006470                MXC_TMR_Stop
 .text.MXC_TMR_ClearFlags
                0x10006474        0x4 C:/MaximSDK/Libraries/PeriphDrivers/bin/MAX78000/softfp/libPeriphDriver_softfp.a(tmr_ai85.o)
                0x10006474                MXC_TMR_ClearFlags
 .text.MXC_TMR_SetCount
                0x10006478        0x4 C:/MaximSDK/Libraries/PeriphDrivers/bin/MAX78000/softfp/libPeriphDriver_softfp.a(tmr_ai85.o)
                0x10006478                MXC_TMR_SetCount
 .text.MXC_TMR_TO_Start
                0x1000647c        0x4 C:/MaximSDK/Libraries/PeriphDrivers/bin/MAX78000/softfp/libPeriphDriver_softfp.a(tmr_ai85.o)
                0x1000647c                MXC_TMR_TO_Start
 .text.MXC_TMR_TO_Stop
                0x10006480        0x4 C:/MaximSDK/Libraries/PeriphDrivers/bin/MAX78000/softfp/libPeriphDriver_softfp.a(tmr_ai85.o)
                0x10006480                MXC_TMR_TO_Stop
 .text.MXC_TMR_TO_Elapsed
                0x10006484        0x4 C:/MaximSDK/Libraries/PeriphDrivers/bin/MAX78000/softfp/libPeriphDriver_softfp.a(tmr_ai85.o)
                0x10006484                MXC_TMR_TO_Elapsed
 .text.MXC_TMR_SW_Start
                0x10006488        0x4 C:/MaximSDK/Libraries/PeriphDrivers/bin/MAX78000/softfp/libPeriphDriver_softfp.a(tmr_ai85.o)
                0x10006488                MXC_TMR_SW_Start
 .text.MXC_TMR_SW_Stop
                0x1000648c        0x4 C:/MaximSDK/Libraries/PeriphDrivers/bin/MAX78000/softfp/libPeriphDriver_softfp.a(tmr_ai85.o)
                0x1000648c                MXC_TMR_SW_Stop
 .text.MXC_TMR_GetTime
                0x10006490        0x4 C:/MaximSDK/Libraries/PeriphDrivers/bin/MAX78000/softfp/libPeriphDriver_softfp.a(tmr_ai85.o)
                0x10006490                MXC_TMR_GetTime
 .text.MXC_TMR_RevB_ConfigGeneric
                0x10006494       0xe8 C:/MaximSDK/Libraries/PeriphDrivers/bin/MAX78000/softfp/libPeriphDriver_softfp.a(tmr_revb.o)
                0x10006494                MXC_TMR_RevB_ConfigGeneric
 .text.MXC_TMR_RevB_Init
                0x1000657c       0xc8 C:/MaximSDK/Libraries/PeriphDrivers/bin/MAX78000/softfp/libPeriphDriver_softfp.a(tmr_revb.o)
                0x1000657c                MXC_TMR_RevB_Init
 .text.MXC_TMR_RevB_Start
                0x10006644       0x5c C:/MaximSDK/Libraries/PeriphDrivers/bin/MAX78000/softfp/libPeriphDriver_softfp.a(tmr_revb.o)
                0x10006644                MXC_TMR_RevB_Start
 .text.MXC_TMR_RevB_Stop
                0x100066a0       0x58 C:/MaximSDK/Libraries/PeriphDrivers/bin/MAX78000/softfp/libPeriphDriver_softfp.a(tmr_revb.o)
                0x100066a0                MXC_TMR_RevB_Stop
 .text.MXC_TMR_RevB_ClearFlags
                0x100066f8       0x58 C:/MaximSDK/Libraries/PeriphDrivers/bin/MAX78000/softfp/libPeriphDriver_softfp.a(tmr_revb.o)
                0x100066f8                MXC_TMR_RevB_ClearFlags
 .text.MXC_TMR_RevB_SetCount
                0x10006750       0x5c C:/MaximSDK/Libraries/PeriphDrivers/bin/MAX78000/softfp/libPeriphDriver_softfp.a(tmr_revb.o)
                0x10006750                MXC_TMR_RevB_SetCount
 .text.MXC_TMR_RevB_TO_Start
                0x100067ac       0xe4 C:/MaximSDK/Libraries/PeriphDrivers/bin/MAX78000/softfp/libPeriphDriver_softfp.a(tmr_revb.o)
                0x100067ac                MXC_TMR_RevB_TO_Start
 .text.MXC_TMR_RevB_GetTime
                0x10006890      0x138 C:/MaximSDK/Libraries/PeriphDrivers/bin/MAX78000/softfp/libPeriphDriver_softfp.a(tmr_revb.o)
                0x10006890                MXC_TMR_RevB_GetTime
 .text.MXC_UART_GetFrequency.part.0
                0x100069c8       0x64 C:/MaximSDK/Libraries/PeriphDrivers/bin/MAX78000/softfp/libPeriphDriver_softfp.a(uart_ai85.o)
 .text.MXC_UART_Shutdown
                0x10006a2c       0x70 C:/MaximSDK/Libraries/PeriphDrivers/bin/MAX78000/softfp/libPeriphDriver_softfp.a(uart_ai85.o)
                0x10006a2c                MXC_UART_Shutdown
 .text.MXC_UART_Init
                0x10006a9c       0xb8 C:/MaximSDK/Libraries/PeriphDrivers/bin/MAX78000/softfp/libPeriphDriver_softfp.a(uart_ai85.o)
                0x10006a9c                MXC_UART_Init
 .text.MXC_UART_SetFrequency
                0x10006b54       0xc4 C:/MaximSDK/Libraries/PeriphDrivers/bin/MAX78000/softfp/libPeriphDriver_softfp.a(uart_ai85.o)
                0x10006b54                MXC_UART_SetFrequency
 .text.MXC_UART_GetFrequency
                0x10006c18       0x30 C:/MaximSDK/Libraries/PeriphDrivers/bin/MAX78000/softfp/libPeriphDriver_softfp.a(uart_ai85.o)
                0x10006c18                MXC_UART_GetFrequency
 .text.MXC_UART_SetDataSize
                0x10006c48        0x4 C:/MaximSDK/Libraries/PeriphDrivers/bin/MAX78000/softfp/libPeriphDriver_softfp.a(uart_ai85.o)
                0x10006c48                MXC_UART_SetDataSize
 .text.MXC_UART_SetStopBits
                0x10006c4c        0x4 C:/MaximSDK/Libraries/PeriphDrivers/bin/MAX78000/softfp/libPeriphDriver_softfp.a(uart_ai85.o)
                0x10006c4c                MXC_UART_SetStopBits
 .text.MXC_UART_SetParity
                0x10006c50        0x4 C:/MaximSDK/Libraries/PeriphDrivers/bin/MAX78000/softfp/libPeriphDriver_softfp.a(uart_ai85.o)
                0x10006c50                MXC_UART_SetParity
 .text.MXC_UART_ReadCharacterRaw
                0x10006c54        0x4 C:/MaximSDK/Libraries/PeriphDrivers/bin/MAX78000/softfp/libPeriphDriver_softfp.a(uart_ai85.o)
                0x10006c54                MXC_UART_ReadCharacterRaw
 .text.MXC_UART_WriteCharacterRaw
                0x10006c58        0x4 C:/MaximSDK/Libraries/PeriphDrivers/bin/MAX78000/softfp/libPeriphDriver_softfp.a(uart_ai85.o)
                0x10006c58                MXC_UART_WriteCharacterRaw
 .text.MXC_UART_ReadCharacter
                0x10006c5c        0x4 C:/MaximSDK/Libraries/PeriphDrivers/bin/MAX78000/softfp/libPeriphDriver_softfp.a(uart_ai85.o)
                0x10006c5c                MXC_UART_ReadCharacter
 .text.MXC_UART_WriteCharacter
                0x10006c60        0x4 C:/MaximSDK/Libraries/PeriphDrivers/bin/MAX78000/softfp/libPeriphDriver_softfp.a(uart_ai85.o)
                0x10006c60                MXC_UART_WriteCharacter
 .text.MXC_UART_GetRXFIFOAvailable
                0x10006c64        0x4 C:/MaximSDK/Libraries/PeriphDrivers/bin/MAX78000/softfp/libPeriphDriver_softfp.a(uart_ai85.o)
                0x10006c64                MXC_UART_GetRXFIFOAvailable
 .text.MXC_UART_GetTXFIFOAvailable
                0x10006c68        0x4 C:/MaximSDK/Libraries/PeriphDrivers/bin/MAX78000/softfp/libPeriphDriver_softfp.a(uart_ai85.o)
                0x10006c68                MXC_UART_GetTXFIFOAvailable
 .text.MXC_UART_SetRXThreshold
                0x10006c6c        0x4 C:/MaximSDK/Libraries/PeriphDrivers/bin/MAX78000/softfp/libPeriphDriver_softfp.a(uart_ai85.o)
                0x10006c6c                MXC_UART_SetRXThreshold
 .text.MXC_UART_Common_ReadCharacter
                0x10006c70       0x18 C:/MaximSDK/Libraries/PeriphDrivers/bin/MAX78000/softfp/libPeriphDriver_softfp.a(uart_common.o)
                0x10006c70                MXC_UART_Common_ReadCharacter
 .text.MXC_UART_Common_WriteCharacter
                0x10006c88       0x1c C:/MaximSDK/Libraries/PeriphDrivers/bin/MAX78000/softfp/libPeriphDriver_softfp.a(uart_common.o)
                0x10006c88                MXC_UART_Common_WriteCharacter
 .text.MXC_UART_RevB_Init
                0x10006ca4       0x70 C:/MaximSDK/Libraries/PeriphDrivers/bin/MAX78000/softfp/libPeriphDriver_softfp.a(uart_revb.o)
                0x10006ca4                MXC_UART_RevB_Init
 .text.MXC_UART_RevB_SetFrequency
                0x10006d14       0x9c C:/MaximSDK/Libraries/PeriphDrivers/bin/MAX78000/softfp/libPeriphDriver_softfp.a(uart_revb.o)
                0x10006d14                MXC_UART_RevB_SetFrequency
 .text.MXC_UART_RevB_GetFrequency
                0x10006db0       0x74 C:/MaximSDK/Libraries/PeriphDrivers/bin/MAX78000/softfp/libPeriphDriver_softfp.a(uart_revb.o)
                0x10006db0                MXC_UART_RevB_GetFrequency
 .text.MXC_UART_RevB_SetDataSize
                0x10006e24       0x40 C:/MaximSDK/Libraries/PeriphDrivers/bin/MAX78000/softfp/libPeriphDriver_softfp.a(uart_revb.o)
                0x10006e24                MXC_UART_RevB_SetDataSize
 .text.MXC_UART_RevB_SetStopBits
                0x10006e64       0x4c C:/MaximSDK/Libraries/PeriphDrivers/bin/MAX78000/softfp/libPeriphDriver_softfp.a(uart_revb.o)
                0x10006e64                MXC_UART_RevB_SetStopBits
 .text.MXC_UART_RevB_SetParity
                0x10006eb0       0xb4 C:/MaximSDK/Libraries/PeriphDrivers/bin/MAX78000/softfp/libPeriphDriver_softfp.a(uart_revb.o)
                0x10006eb0                MXC_UART_RevB_SetParity
 .text.MXC_UART_RevB_ReadCharacterRaw
                0x10006f64       0x38 C:/MaximSDK/Libraries/PeriphDrivers/bin/MAX78000/softfp/libPeriphDriver_softfp.a(uart_revb.o)
                0x10006f64                MXC_UART_RevB_ReadCharacterRaw
 .text.MXC_UART_RevB_WriteCharacterRaw
                0x10006f9c       0x3c C:/MaximSDK/Libraries/PeriphDrivers/bin/MAX78000/softfp/libPeriphDriver_softfp.a(uart_revb.o)
                0x10006f9c                MXC_UART_RevB_WriteCharacterRaw
 .text.MXC_UART_RevB_GetRXFIFOAvailable
                0x10006fd8        0x8 C:/MaximSDK/Libraries/PeriphDrivers/bin/MAX78000/softfp/libPeriphDriver_softfp.a(uart_revb.o)
                0x10006fd8                MXC_UART_RevB_GetRXFIFOAvailable
 .text.MXC_UART_RevB_GetTXFIFOAvailable
                0x10006fe0        0xc C:/MaximSDK/Libraries/PeriphDrivers/bin/MAX78000/softfp/libPeriphDriver_softfp.a(uart_revb.o)
                0x10006fe0                MXC_UART_RevB_GetTXFIFOAvailable
 .text.MXC_UART_RevB_SetRXThreshold
                0x10006fec       0x40 C:/MaximSDK/Libraries/PeriphDrivers/bin/MAX78000/softfp/libPeriphDriver_softfp.a(uart_revb.o)
                0x10006fec                MXC_UART_RevB_SetRXThreshold
 .text.MXC_WUT_Init
                0x1000702c       0x20 C:/MaximSDK/Libraries/PeriphDrivers/bin/MAX78000/softfp/libPeriphDriver_softfp.a(wut_me17.o)
                0x1000702c                MXC_WUT_Init
 .text.MXC_WUT_Enable
                0x1000704c        0xc C:/MaximSDK/Libraries/PeriphDrivers/bin/MAX78000/softfp/libPeriphDriver_softfp.a(wut_me17.o)
                0x1000704c                MXC_WUT_Enable
 .text.MXC_WUT_Config
                0x10007058        0xc C:/MaximSDK/Libraries/PeriphDrivers/bin/MAX78000/softfp/libPeriphDriver_softfp.a(wut_me17.o)
                0x10007058                MXC_WUT_Config
 .text.MXC_WUT_IntClear
                0x10007064        0xc C:/MaximSDK/Libraries/PeriphDrivers/bin/MAX78000/softfp/libPeriphDriver_softfp.a(wut_me17.o)
                0x10007064                MXC_WUT_IntClear
 .text.MXC_WUT_GetTicks
                0x10007070       0x20 C:/MaximSDK/Libraries/PeriphDrivers/bin/MAX78000/softfp/libPeriphDriver_softfp.a(wut_me17.o)
                0x10007070                MXC_WUT_GetTicks
 .text.MXC_WUT_RevA_Init
                0x10007090       0x2c C:/MaximSDK/Libraries/PeriphDrivers/bin/MAX78000/softfp/libPeriphDriver_softfp.a(wut_reva.o)
                0x10007090                MXC_WUT_RevA_Init
 .text.MXC_WUT_RevA_Enable
                0x100070bc        0xc C:/MaximSDK/Libraries/PeriphDrivers/bin/MAX78000/softfp/libPeriphDriver_softfp.a(wut_reva.o)
                0x100070bc                MXC_WUT_RevA_Enable
 .text.MXC_WUT_RevA_Config
                0x100070c8       0x24 C:/MaximSDK/Libraries/PeriphDrivers/bin/MAX78000/softfp/libPeriphDriver_softfp.a(wut_reva.o)
                0x100070c8                MXC_WUT_RevA_Config
 .text.MXC_WUT_RevA_IntClear
                0x100070ec        0x8 C:/MaximSDK/Libraries/PeriphDrivers/bin/MAX78000/softfp/libPeriphDriver_softfp.a(wut_reva.o)
                0x100070ec                MXC_WUT_RevA_IntClear
 .text.MXC_WUT_RevA_GetTicks
                0x100070f4       0x64 C:/MaximSDK/Libraries/PeriphDrivers/bin/MAX78000/softfp/libPeriphDriver_softfp.a(wut_reva.o)
                0x100070f4                MXC_WUT_RevA_GetTicks
 .text.MXC_GetLock
                0x10007158       0x1c C:/MaximSDK/Libraries/PeriphDrivers/bin/MAX78000/softfp/libPeriphDriver_softfp.a(mxc_lock.o)
                0x10007158                MXC_GetLock
 .text.MXC_FreeLock
                0x10007174        0xc C:/MaximSDK/Libraries/PeriphDrivers/bin/MAX78000/softfp/libPeriphDriver_softfp.a(mxc_lock.o)
                0x10007174                MXC_FreeLock
 .text.MXC_GPIO_Common_Init
                0x10007180       0x24 C:/MaximSDK/Libraries/PeriphDrivers/bin/MAX78000/softfp/libPeriphDriver_softfp.a(gpio_common.o)
                0x10007180                MXC_GPIO_Common_Init
 .text.MXC_GPIO_Common_Handler
                0x100071a4       0x88 C:/MaximSDK/Libraries/PeriphDrivers/bin/MAX78000/softfp/libPeriphDriver_softfp.a(gpio_common.o)
                0x100071a4                MXC_GPIO_Common_Handler
 .text.MXC_TMR_Common_TO_Stop
                0x1000722c       0x14 C:/MaximSDK/Libraries/PeriphDrivers/bin/MAX78000/softfp/libPeriphDriver_softfp.a(tmr_common.o)
                0x1000722c                MXC_TMR_Common_TO_Stop
 .text.MXC_TMR_Common_SW_Start
                0x10007240        0x8 C:/MaximSDK/Libraries/PeriphDrivers/bin/MAX78000/softfp/libPeriphDriver_softfp.a(tmr_common.o)
                0x10007240                MXC_TMR_Common_SW_Start
 .text.MXC_TMR_Common_SW_Stop
                0x10007248       0x14 C:/MaximSDK/Libraries/PeriphDrivers/bin/MAX78000/softfp/libPeriphDriver_softfp.a(tmr_common.o)
                0x10007248                MXC_TMR_Common_SW_Stop
 .text.MXC_TMR_Common_TO_Elapsed
                0x1000725c       0x54 C:/MaximSDK/Libraries/PeriphDrivers/bin/MAX78000/softfp/libPeriphDriver_softfp.a(tmr_common.o)
                0x1000725c                MXC_TMR_Common_TO_Elapsed
 .text.__errno  0x100072b0        0xc c:/maximsdk/tools/gnutools/10.3/bin/../lib/gcc/arm-none-eabi/10.3.1/../../../../arm-none-eabi/lib/thumb/v7e-m+fp/softfp\libc.a(lib_a-errno.o)
                0x100072b0                __errno
 .text.__libc_init_array
                0x100072bc       0x48 c:/maximsdk/tools/gnutools/10.3/bin/../lib/gcc/arm-none-eabi/10.3.1/../../../../arm-none-eabi/lib/thumb/v7e-m+fp/softfp\libc.a(lib_a-init.o)
                0x100072bc                __libc_init_array
 .text.malloc   0x10007304       0x10 c:/maximsdk/tools/gnutools/10.3/bin/../lib/gcc/arm-none-eabi/10.3.1/../../../../arm-none-eabi/lib/thumb/v7e-m+fp/softfp\libc.a(lib_a-malloc.o)
                0x10007304                malloc
 .text.free     0x10007314       0x10 c:/maximsdk/tools/gnutools/10.3/bin/../lib/gcc/arm-none-eabi/10.3.1/../../../../arm-none-eabi/lib/thumb/v7e-m+fp/softfp\libc.a(lib_a-malloc.o)
                0x10007314                free
 .text._malloc_r
                0x10007324      0x560 c:/maximsdk/tools/gnutools/10.3/bin/../lib/gcc/arm-none-eabi/10.3.1/../../../../arm-none-eabi/lib/thumb/v7e-m+fp/softfp\libc.a(lib_a-mallocr.o)
                0x10007324                _malloc_r
 .text          0x10007884      0x134 c:/maximsdk/tools/gnutools/10.3/bin/../lib/gcc/arm-none-eabi/10.3.1/../../../../arm-none-eabi/lib/thumb/v7e-m+fp/softfp\libc.a(lib_a-memcpy.o)
                0x10007884                memcpy
 .text.memset   0x100079b8       0xa4 c:/maximsdk/tools/gnutools/10.3/bin/../lib/gcc/arm-none-eabi/10.3.1/../../../../arm-none-eabi/lib/thumb/v7e-m+fp/softfp\libc.a(lib_a-memset.o)
                0x100079b8                memset
 .text.__malloc_lock
                0x10007a5c        0xc c:/maximsdk/tools/gnutools/10.3/bin/../lib/gcc/arm-none-eabi/10.3.1/../../../../arm-none-eabi/lib/thumb/v7e-m+fp/softfp\libc.a(lib_a-mlock.o)
                0x10007a5c                __malloc_lock
 .text.__malloc_unlock
                0x10007a68        0xc c:/maximsdk/tools/gnutools/10.3/bin/../lib/gcc/arm-none-eabi/10.3.1/../../../../arm-none-eabi/lib/thumb/v7e-m+fp/softfp\libc.a(lib_a-mlock.o)
                0x10007a68                __malloc_unlock
 .text.printf   0x10007a74       0x28 c:/maximsdk/tools/gnutools/10.3/bin/../lib/gcc/arm-none-eabi/10.3.1/../../../../arm-none-eabi/lib/thumb/v7e-m+fp/softfp\libc.a(lib_a-printf.o)
                0x10007a74                printf
 .text._puts_r  0x10007a9c       0x9c c:/maximsdk/tools/gnutools/10.3/bin/../lib/gcc/arm-none-eabi/10.3.1/../../../../arm-none-eabi/lib/thumb/v7e-m+fp/softfp\libc.a(lib_a-puts.o)
                0x10007a9c                _puts_r
 .text.puts     0x10007b38       0x10 c:/maximsdk/tools/gnutools/10.3/bin/../lib/gcc/arm-none-eabi/10.3.1/../../../../arm-none-eabi/lib/thumb/v7e-m+fp/softfp\libc.a(lib_a-puts.o)
                0x10007b38                puts
 .text._sbrk_r  0x10007b48       0x24 c:/maximsdk/tools/gnutools/10.3/bin/../lib/gcc/arm-none-eabi/10.3.1/../../../../arm-none-eabi/lib/thumb/v7e-m+fp/softfp\libc.a(lib_a-sbrkr.o)
                0x10007b48                _sbrk_r
 .text.sprintf  0x10007b6c       0x40 c:/maximsdk/tools/gnutools/10.3/bin/../lib/gcc/arm-none-eabi/10.3.1/../../../../arm-none-eabi/lib/thumb/v7e-m+fp/softfp\libc.a(lib_a-sprintf.o)
                0x10007b6c                sprintf
 *fill*         0x10007bac       0x14 
 .text          0x10007bc0       0xdc c:/maximsdk/tools/gnutools/10.3/bin/../lib/gcc/arm-none-eabi/10.3.1/../../../../arm-none-eabi/lib/thumb/v7e-m+fp/softfp\libc.a(lib_a-strlen.o)
                0x10007bc0                strlen
 *fill*         0x10007c9c        0x4 
 .text._svfprintf_r
                0x10007ca0     0x1ac8 c:/maximsdk/tools/gnutools/10.3/bin/../lib/gcc/arm-none-eabi/10.3.1/../../../../arm-none-eabi/lib/thumb/v7e-m+fp/softfp\libc.a(lib_a-svfprintf.o)
                0x10007ca0                _svfprintf_r
 .text._vfprintf_r
                0x10009768     0x1b8c c:/maximsdk/tools/gnutools/10.3/bin/../lib/gcc/arm-none-eabi/10.3.1/../../../../arm-none-eabi/lib/thumb/v7e-m+fp/softfp\libc.a(lib_a-vfprintf.o)
                0x10009768                _vfprintf_r
 .text.__sbprintf
                0x1000b2f4       0x80 c:/maximsdk/tools/gnutools/10.3/bin/../lib/gcc/arm-none-eabi/10.3.1/../../../../arm-none-eabi/lib/thumb/v7e-m+fp/softfp\libc.a(lib_a-vfprintf.o)
 .text.__swsetup_r
                0x1000b374       0xd4 c:/maximsdk/tools/gnutools/10.3/bin/../lib/gcc/arm-none-eabi/10.3.1/../../../../arm-none-eabi/lib/thumb/v7e-m+fp/softfp\libc.a(lib_a-wsetup.o)
                0x1000b374                __swsetup_r
 .text.startup.register_fini
                0x1000b448       0x14 c:/maximsdk/tools/gnutools/10.3/bin/../lib/gcc/arm-none-eabi/10.3.1/../../../../arm-none-eabi/lib/thumb/v7e-m+fp/softfp\libc.a(lib_a-__call_atexit.o)
 .text.atexit   0x1000b45c        0xc c:/maximsdk/tools/gnutools/10.3/bin/../lib/gcc/arm-none-eabi/10.3.1/../../../../arm-none-eabi/lib/thumb/v7e-m+fp/softfp\libc.a(lib_a-atexit.o)
                0x1000b45c                atexit
 .text.quorem   0x1000b468      0x128 c:/maximsdk/tools/gnutools/10.3/bin/../lib/gcc/arm-none-eabi/10.3.1/../../../../arm-none-eabi/lib/thumb/v7e-m+fp/softfp\libc.a(lib_a-dtoa.o)
 .text._dtoa_r  0x1000b590      0xf34 c:/maximsdk/tools/gnutools/10.3/bin/../lib/gcc/arm-none-eabi/10.3.1/../../../../arm-none-eabi/lib/thumb/v7e-m+fp/softfp\libc.a(lib_a-dtoa.o)
                0x1000b590                _dtoa_r
 .text.__sflush_r
                0x1000c4c4      0x130 c:/maximsdk/tools/gnutools/10.3/bin/../lib/gcc/arm-none-eabi/10.3.1/../../../../arm-none-eabi/lib/thumb/v7e-m+fp/softfp\libc.a(lib_a-fflush.o)
                0x1000c4c4                __sflush_r
 .text._fflush_r
                0x1000c5f4       0x5c c:/maximsdk/tools/gnutools/10.3/bin/../lib/gcc/arm-none-eabi/10.3.1/../../../../arm-none-eabi/lib/thumb/v7e-m+fp/softfp\libc.a(lib_a-fflush.o)
                0x1000c5f4                _fflush_r
 .text._cleanup_r
                0x1000c650        0xc c:/maximsdk/tools/gnutools/10.3/bin/../lib/gcc/arm-none-eabi/10.3.1/../../../../arm-none-eabi/lib/thumb/v7e-m+fp/softfp\libc.a(lib_a-findfp.o)
                0x1000c650                _cleanup_r
 .text.__sinit  0x1000c65c      0x10c c:/maximsdk/tools/gnutools/10.3/bin/../lib/gcc/arm-none-eabi/10.3.1/../../../../arm-none-eabi/lib/thumb/v7e-m+fp/softfp\libc.a(lib_a-findfp.o)
                0x1000c65c                __sinit
 .text.__sfp_lock_acquire
                0x1000c768        0xc c:/maximsdk/tools/gnutools/10.3/bin/../lib/gcc/arm-none-eabi/10.3.1/../../../../arm-none-eabi/lib/thumb/v7e-m+fp/softfp\libc.a(lib_a-findfp.o)
                0x1000c768                __sfp_lock_acquire
 .text.__sfp_lock_release
                0x1000c774        0xc c:/maximsdk/tools/gnutools/10.3/bin/../lib/gcc/arm-none-eabi/10.3.1/../../../../arm-none-eabi/lib/thumb/v7e-m+fp/softfp\libc.a(lib_a-findfp.o)
                0x1000c774                __sfp_lock_release
 .text.__libc_fini_array
                0x1000c780       0x2c c:/maximsdk/tools/gnutools/10.3/bin/../lib/gcc/arm-none-eabi/10.3.1/../../../../arm-none-eabi/lib/thumb/v7e-m+fp/softfp\libc.a(lib_a-fini.o)
                0x1000c780                __libc_fini_array
 .text._malloc_trim_r
                0x1000c7ac       0xa0 c:/maximsdk/tools/gnutools/10.3/bin/../lib/gcc/arm-none-eabi/10.3.1/../../../../arm-none-eabi/lib/thumb/v7e-m+fp/softfp\libc.a(lib_a-freer.o)
                0x1000c7ac                _malloc_trim_r
 .text._free_r  0x1000c84c      0x20c c:/maximsdk/tools/gnutools/10.3/bin/../lib/gcc/arm-none-eabi/10.3.1/../../../../arm-none-eabi/lib/thumb/v7e-m+fp/softfp\libc.a(lib_a-freer.o)
                0x1000c84c                _free_r
 .text.__sfvwrite_r
                0x1000ca58      0x2f0 c:/maximsdk/tools/gnutools/10.3/bin/../lib/gcc/arm-none-eabi/10.3.1/../../../../arm-none-eabi/lib/thumb/v7e-m+fp/softfp\libc.a(lib_a-fvwrite.o)
                0x1000ca58                __sfvwrite_r
 .text._fwalk_reent
                0x1000cd48       0x48 c:/maximsdk/tools/gnutools/10.3/bin/../lib/gcc/arm-none-eabi/10.3.1/../../../../arm-none-eabi/lib/thumb/v7e-m+fp/softfp\libc.a(lib_a-fwalk.o)
                0x1000cd48                _fwalk_reent
 .text._localeconv_r
                0x1000cd90        0x8 c:/maximsdk/tools/gnutools/10.3/bin/../lib/gcc/arm-none-eabi/10.3.1/../../../../arm-none-eabi/lib/thumb/v7e-m+fp/softfp\libc.a(lib_a-localeconv.o)
                0x1000cd90                _localeconv_r
 .text.__retarget_lock_init_recursive
                0x1000cd98        0x4 c:/maximsdk/tools/gnutools/10.3/bin/../lib/gcc/arm-none-eabi/10.3.1/../../../../arm-none-eabi/lib/thumb/v7e-m+fp/softfp\libc.a(lib_a-lock.o)
                0x1000cd98                __retarget_lock_init_recursive
 .text.__retarget_lock_close_recursive
                0x1000cd9c        0x4 c:/maximsdk/tools/gnutools/10.3/bin/../lib/gcc/arm-none-eabi/10.3.1/../../../../arm-none-eabi/lib/thumb/v7e-m+fp/softfp\libc.a(lib_a-lock.o)
                0x1000cd9c                __retarget_lock_close_recursive
 .text.__retarget_lock_acquire_recursive
                0x1000cda0        0x4 c:/maximsdk/tools/gnutools/10.3/bin/../lib/gcc/arm-none-eabi/10.3.1/../../../../arm-none-eabi/lib/thumb/v7e-m+fp/softfp\libc.a(lib_a-lock.o)
                0x1000cda0                __retarget_lock_acquire_recursive
 .text.__retarget_lock_release_recursive
                0x1000cda4        0x4 c:/maximsdk/tools/gnutools/10.3/bin/../lib/gcc/arm-none-eabi/10.3.1/../../../../arm-none-eabi/lib/thumb/v7e-m+fp/softfp\libc.a(lib_a-lock.o)
                0x1000cda4                __retarget_lock_release_recursive
 .text.__smakebuf_r
                0x1000cda8       0xe0 c:/maximsdk/tools/gnutools/10.3/bin/../lib/gcc/arm-none-eabi/10.3.1/../../../../arm-none-eabi/lib/thumb/v7e-m+fp/softfp\libc.a(lib_a-makebuf.o)
                0x1000cda8                __smakebuf_r
 *fill*         0x1000ce88        0x8 
 .text          0x1000ce90       0xa0 c:/maximsdk/tools/gnutools/10.3/bin/../lib/gcc/arm-none-eabi/10.3.1/../../../../arm-none-eabi/lib/thumb/v7e-m+fp/softfp\libc.a(lib_a-memchr.o)
                0x1000ce90                memchr
 .text.memmove  0x1000cf30       0xf8 c:/maximsdk/tools/gnutools/10.3/bin/../lib/gcc/arm-none-eabi/10.3.1/../../../../arm-none-eabi/lib/thumb/v7e-m+fp/softfp\libc.a(lib_a-memmove.o)
                0x1000cf30                memmove
 .text._Balloc  0x1000d028       0x4c c:/maximsdk/tools/gnutools/10.3/bin/../lib/gcc/arm-none-eabi/10.3.1/../../../../arm-none-eabi/lib/thumb/v7e-m+fp/softfp\libc.a(lib_a-mprec.o)
                0x1000d028                _Balloc
 .text._Bfree   0x1000d074       0x14 c:/maximsdk/tools/gnutools/10.3/bin/../lib/gcc/arm-none-eabi/10.3.1/../../../../arm-none-eabi/lib/thumb/v7e-m+fp/softfp\libc.a(lib_a-mprec.o)
                0x1000d074                _Bfree
 .text.__multadd
                0x1000d088       0xa8 c:/maximsdk/tools/gnutools/10.3/bin/../lib/gcc/arm-none-eabi/10.3.1/../../../../arm-none-eabi/lib/thumb/v7e-m+fp/softfp\libc.a(lib_a-mprec.o)
                0x1000d088                __multadd
 .text.__hi0bits
                0x1000d130       0x40 c:/maximsdk/tools/gnutools/10.3/bin/../lib/gcc/arm-none-eabi/10.3.1/../../../../arm-none-eabi/lib/thumb/v7e-m+fp/softfp\libc.a(lib_a-mprec.o)
                0x1000d130                __hi0bits
 .text.__lo0bits
                0x1000d170       0x60 c:/maximsdk/tools/gnutools/10.3/bin/../lib/gcc/arm-none-eabi/10.3.1/../../../../arm-none-eabi/lib/thumb/v7e-m+fp/softfp\libc.a(lib_a-mprec.o)
                0x1000d170                __lo0bits
 .text.__i2b    0x1000d1d0       0x5c c:/maximsdk/tools/gnutools/10.3/bin/../lib/gcc/arm-none-eabi/10.3.1/../../../../arm-none-eabi/lib/thumb/v7e-m+fp/softfp\libc.a(lib_a-mprec.o)
                0x1000d1d0                __i2b
 .text.__multiply
                0x1000d22c      0x15c c:/maximsdk/tools/gnutools/10.3/bin/../lib/gcc/arm-none-eabi/10.3.1/../../../../arm-none-eabi/lib/thumb/v7e-m+fp/softfp\libc.a(lib_a-mprec.o)
                0x1000d22c                __multiply
 .text.__pow5mult
                0x1000d388       0xc0 c:/maximsdk/tools/gnutools/10.3/bin/../lib/gcc/arm-none-eabi/10.3.1/../../../../arm-none-eabi/lib/thumb/v7e-m+fp/softfp\libc.a(lib_a-mprec.o)
                0x1000d388                __pow5mult
 .text.__lshift
                0x1000d448       0xf0 c:/maximsdk/tools/gnutools/10.3/bin/../lib/gcc/arm-none-eabi/10.3.1/../../../../arm-none-eabi/lib/thumb/v7e-m+fp/softfp\libc.a(lib_a-mprec.o)
                0x1000d448                __lshift
 .text.__mcmp   0x1000d538       0x44 c:/maximsdk/tools/gnutools/10.3/bin/../lib/gcc/arm-none-eabi/10.3.1/../../../../arm-none-eabi/lib/thumb/v7e-m+fp/softfp\libc.a(lib_a-mprec.o)
                0x1000d538                __mcmp
 .text.__mdiff  0x1000d57c      0x14c c:/maximsdk/tools/gnutools/10.3/bin/../lib/gcc/arm-none-eabi/10.3.1/../../../../arm-none-eabi/lib/thumb/v7e-m+fp/softfp\libc.a(lib_a-mprec.o)
                0x1000d57c                __mdiff
 .text.__d2b    0x1000d6c8       0xc4 c:/maximsdk/tools/gnutools/10.3/bin/../lib/gcc/arm-none-eabi/10.3.1/../../../../arm-none-eabi/lib/thumb/v7e-m+fp/softfp\libc.a(lib_a-mprec.o)
                0x1000d6c8                __d2b
 .text._realloc_r
                0x1000d78c      0x3d8 c:/maximsdk/tools/gnutools/10.3/bin/../lib/gcc/arm-none-eabi/10.3.1/../../../../arm-none-eabi/lib/thumb/v7e-m+fp/softfp\libc.a(lib_a-reallocr.o)
                0x1000d78c                _realloc_r
 .text.frexp    0x1000db64       0x70 c:/maximsdk/tools/gnutools/10.3/bin/../lib/gcc/arm-none-eabi/10.3.1/../../../../arm-none-eabi/lib/thumb/v7e-m+fp/softfp\libc.a(lib_a-s_frexp.o)
                0x1000db64                frexp
 .text.__sread  0x1000dbd4       0x24 c:/maximsdk/tools/gnutools/10.3/bin/../lib/gcc/arm-none-eabi/10.3.1/../../../../arm-none-eabi/lib/thumb/v7e-m+fp/softfp\libc.a(lib_a-stdio.o)
                0x1000dbd4                __sread
 .text.__swrite
                0x1000dbf8       0x40 c:/maximsdk/tools/gnutools/10.3/bin/../lib/gcc/arm-none-eabi/10.3.1/../../../../arm-none-eabi/lib/thumb/v7e-m+fp/softfp\libc.a(lib_a-stdio.o)
                0x1000dbf8                __swrite
 .text.__sseek  0x1000dc38       0x20 c:/maximsdk/tools/gnutools/10.3/bin/../lib/gcc/arm-none-eabi/10.3.1/../../../../arm-none-eabi/lib/thumb/v7e-m+fp/softfp\libc.a(lib_a-stdio.o)
                0x1000dc38                __sseek
 .text.__sclose
                0x1000dc58        0x8 c:/maximsdk/tools/gnutools/10.3/bin/../lib/gcc/arm-none-eabi/10.3.1/../../../../arm-none-eabi/lib/thumb/v7e-m+fp/softfp\libc.a(lib_a-stdio.o)
                0x1000dc58                __sclose
 .text.strncpy  0x1000dc60       0x64 c:/maximsdk/tools/gnutools/10.3/bin/../lib/gcc/arm-none-eabi/10.3.1/../../../../arm-none-eabi/lib/thumb/v7e-m+fp/softfp\libc.a(lib_a-strncpy.o)
                0x1000dc60                strncpy
 .text.__ssprint_r
                0x1000dcc4       0xf8 c:/maximsdk/tools/gnutools/10.3/bin/../lib/gcc/arm-none-eabi/10.3.1/../../../../arm-none-eabi/lib/thumb/v7e-m+fp/softfp\libc.a(lib_a-svfiprintf.o)
                0x1000dcc4                __ssprint_r
 .text.__sprint_r.part.0
                0x1000ddbc       0x78 c:/maximsdk/tools/gnutools/10.3/bin/../lib/gcc/arm-none-eabi/10.3.1/../../../../arm-none-eabi/lib/thumb/v7e-m+fp/softfp\libc.a(lib_a-vfiprintf.o)
 .text.__sprint_r
                0x1000de34       0x18 c:/maximsdk/tools/gnutools/10.3/bin/../lib/gcc/arm-none-eabi/10.3.1/../../../../arm-none-eabi/lib/thumb/v7e-m+fp/softfp\libc.a(lib_a-vfiprintf.o)
                0x1000de34                __sprint_r
 .text._vfiprintf_r
                0x1000de4c      0xdfc c:/maximsdk/tools/gnutools/10.3/bin/../lib/gcc/arm-none-eabi/10.3.1/../../../../arm-none-eabi/lib/thumb/v7e-m+fp/softfp\libc.a(lib_a-vfiprintf.o)
                0x1000de4c                _vfiprintf_r
 .text.__sbprintf
                0x1000ec48       0x80 c:/maximsdk/tools/gnutools/10.3/bin/../lib/gcc/arm-none-eabi/10.3.1/../../../../arm-none-eabi/lib/thumb/v7e-m+fp/softfp\libc.a(lib_a-vfiprintf.o)
 .text.__swbuf_r
                0x1000ecc8       0xb0 c:/maximsdk/tools/gnutools/10.3/bin/../lib/gcc/arm-none-eabi/10.3.1/../../../../arm-none-eabi/lib/thumb/v7e-m+fp/softfp\libc.a(lib_a-wbuf.o)
                0x1000ecc8                __swbuf_r
 .text._write_r
                0x1000ed78       0x2c c:/maximsdk/tools/gnutools/10.3/bin/../lib/gcc/arm-none-eabi/10.3.1/../../../../arm-none-eabi/lib/thumb/v7e-m+fp/softfp\libc.a(lib_a-writer.o)
                0x1000ed78                _write_r
 .text.__register_exitproc
                0x1000eda4       0x8c c:/maximsdk/tools/gnutools/10.3/bin/../lib/gcc/arm-none-eabi/10.3.1/../../../../arm-none-eabi/lib/thumb/v7e-m+fp/softfp\libc.a(lib_a-__atexit.o)
                0x1000eda4                __register_exitproc
 .text.__assert_func
                0x1000ee30       0x40 c:/maximsdk/tools/gnutools/10.3/bin/../lib/gcc/arm-none-eabi/10.3.1/../../../../arm-none-eabi/lib/thumb/v7e-m+fp/softfp\libc.a(lib_a-assert.o)
                0x1000ee30                __assert_func
 .text._calloc_r
                0x1000ee70       0x78 c:/maximsdk/tools/gnutools/10.3/bin/../lib/gcc/arm-none-eabi/10.3.1/../../../../arm-none-eabi/lib/thumb/v7e-m+fp/softfp\libc.a(lib_a-callocr.o)
                0x1000ee70                _calloc_r
 .text._close_r
                0x1000eee8       0x24 c:/maximsdk/tools/gnutools/10.3/bin/../lib/gcc/arm-none-eabi/10.3.1/../../../../arm-none-eabi/lib/thumb/v7e-m+fp/softfp\libc.a(lib_a-closer.o)
                0x1000eee8                _close_r
 .text._fclose_r
                0x1000ef0c       0xcc c:/maximsdk/tools/gnutools/10.3/bin/../lib/gcc/arm-none-eabi/10.3.1/../../../../arm-none-eabi/lib/thumb/v7e-m+fp/softfp\libc.a(lib_a-fclose.o)
                0x1000ef0c                _fclose_r
 .text.fiprintf
                0x1000efd8       0x28 c:/maximsdk/tools/gnutools/10.3/bin/../lib/gcc/arm-none-eabi/10.3.1/../../../../arm-none-eabi/lib/thumb/v7e-m+fp/softfp\libc.a(lib_a-fiprintf.o)
                0x1000efd8                fiprintf
 .text.__fputwc
                0x1000f000       0xa8 c:/maximsdk/tools/gnutools/10.3/bin/../lib/gcc/arm-none-eabi/10.3.1/../../../../arm-none-eabi/lib/thumb/v7e-m+fp/softfp\libc.a(lib_a-fputwc.o)
                0x1000f000                __fputwc
 .text._fputwc_r
                0x1000f0a8       0x68 c:/maximsdk/tools/gnutools/10.3/bin/../lib/gcc/arm-none-eabi/10.3.1/../../../../arm-none-eabi/lib/thumb/v7e-m+fp/softfp\libc.a(lib_a-fputwc.o)
                0x1000f0a8                _fputwc_r
 .text._fstat_r
                0x1000f110       0x2c c:/maximsdk/tools/gnutools/10.3/bin/../lib/gcc/arm-none-eabi/10.3.1/../../../../arm-none-eabi/lib/thumb/v7e-m+fp/softfp\libc.a(lib_a-fstatr.o)
                0x1000f110                _fstat_r
 .text._isatty_r
                0x1000f13c       0x24 c:/maximsdk/tools/gnutools/10.3/bin/../lib/gcc/arm-none-eabi/10.3.1/../../../../arm-none-eabi/lib/thumb/v7e-m+fp/softfp\libc.a(lib_a-isattyr.o)
                0x1000f13c                _isatty_r
 .text.__locale_mb_cur_max
                0x1000f160        0xc c:/maximsdk/tools/gnutools/10.3/bin/../lib/gcc/arm-none-eabi/10.3.1/../../../../arm-none-eabi/lib/thumb/v7e-m+fp/softfp\libc.a(lib_a-locale.o)
                0x1000f160                __locale_mb_cur_max
 .text._lseek_r
                0x1000f16c       0x2c c:/maximsdk/tools/gnutools/10.3/bin/../lib/gcc/arm-none-eabi/10.3.1/../../../../arm-none-eabi/lib/thumb/v7e-m+fp/softfp\libc.a(lib_a-lseekr.o)
                0x1000f16c                _lseek_r
 .text.__ascii_mbtowc
                0x1000f198       0x2c c:/maximsdk/tools/gnutools/10.3/bin/../lib/gcc/arm-none-eabi/10.3.1/../../../../arm-none-eabi/lib/thumb/v7e-m+fp/softfp\libc.a(lib_a-mbtowc_r.o)
                0x1000f198                __ascii_mbtowc
 .text._read_r  0x1000f1c4       0x2c c:/maximsdk/tools/gnutools/10.3/bin/../lib/gcc/arm-none-eabi/10.3.1/../../../../arm-none-eabi/lib/thumb/v7e-m+fp/softfp\libc.a(lib_a-readr.o)
                0x1000f1c4                _read_r
 .text._wcrtomb_r
                0x1000f1f0       0x3c c:/maximsdk/tools/gnutools/10.3/bin/../lib/gcc/arm-none-eabi/10.3.1/../../../../arm-none-eabi/lib/thumb/v7e-m+fp/softfp\libc.a(lib_a-wcrtomb.o)
                0x1000f1f0                _wcrtomb_r
 .text.__ascii_wctomb
                0x1000f22c       0x1c c:/maximsdk/tools/gnutools/10.3/bin/../lib/gcc/arm-none-eabi/10.3.1/../../../../arm-none-eabi/lib/thumb/v7e-m+fp/softfp\libc.a(lib_a-wctomb_r.o)
                0x1000f22c                __ascii_wctomb
 .text.abort    0x1000f248       0x10 c:/maximsdk/tools/gnutools/10.3/bin/../lib/gcc/arm-none-eabi/10.3.1/../../../../arm-none-eabi/lib/thumb/v7e-m+fp/softfp\libc.a(lib_a-abort.o)
                0x1000f248                abort
 .text.raise    0x1000f258       0x5c c:/maximsdk/tools/gnutools/10.3/bin/../lib/gcc/arm-none-eabi/10.3.1/../../../../arm-none-eabi/lib/thumb/v7e-m+fp/softfp\libc.a(lib_a-signal.o)
                0x1000f258                raise
 .text._kill_r  0x1000f2b4       0x2c c:/maximsdk/tools/gnutools/10.3/bin/../lib/gcc/arm-none-eabi/10.3.1/../../../../arm-none-eabi/lib/thumb/v7e-m+fp/softfp\libc.a(lib_a-signalr.o)
                0x1000f2b4                _kill_r
 .text._getpid_r
                0x1000f2e0        0x4 c:/maximsdk/tools/gnutools/10.3/bin/../lib/gcc/arm-none-eabi/10.3.1/../../../../arm-none-eabi/lib/thumb/v7e-m+fp/softfp\libc.a(lib_a-signalr.o)
                0x1000f2e0                _getpid_r
 .text._getpid  0x1000f2e4       0x10 c:/maximsdk/tools/gnutools/10.3/bin/../lib/gcc/arm-none-eabi/10.3.1/../../../../arm-none-eabi/lib/thumb/v7e-m+fp/softfp\libnosys.a(getpid.o)
                0x1000f2e4                _getpid
 .text._kill    0x1000f2f4       0x10 c:/maximsdk/tools/gnutools/10.3/bin/../lib/gcc/arm-none-eabi/10.3.1/../../../../arm-none-eabi/lib/thumb/v7e-m+fp/softfp\libnosys.a(kill.o)
                0x1000f2f4                _kill
 .text._exit    0x1000f304        0x4 c:/maximsdk/tools/gnutools/10.3/bin/../lib/gcc/arm-none-eabi/10.3.1/../../../../arm-none-eabi/lib/thumb/v7e-m+fp/softfp\libnosys.a(_exit.o)
                0x1000f304                _exit
 .text          0x1000f308      0x378 c:/maximsdk/tools/gnutools/10.3/bin/../lib/gcc/arm-none-eabi/10.3.1/thumb/v7e-m+fp/softfp\libgcc.a(_arm_addsubdf3.o)
                0x1000f308                __aeabi_drsub
                0x1000f310                __aeabi_dsub
                0x1000f310                __subdf3
                0x1000f314                __aeabi_dadd
                0x1000f314                __adddf3
                0x1000f58c                __floatunsidf
                0x1000f58c                __aeabi_ui2d
                0x1000f5ac                __floatsidf
                0x1000f5ac                __aeabi_i2d
                0x1000f5d0                __aeabi_f2d
                0x1000f5d0                __extendsfdf2
                0x1000f614                __floatundidf
                0x1000f614                __aeabi_ul2d
                0x1000f624                __floatdidf
                0x1000f624                __aeabi_l2d
 .text          0x1000f680      0x424 c:/maximsdk/tools/gnutools/10.3/bin/../lib/gcc/arm-none-eabi/10.3.1/thumb/v7e-m+fp/softfp\libgcc.a(_arm_muldivdf3.o)
                0x1000f680                __aeabi_dmul
                0x1000f680                __muldf3
                0x1000f8d4                __divdf3
                0x1000f8d4                __aeabi_ddiv
 .text          0x1000faa4      0x110 c:/maximsdk/tools/gnutools/10.3/bin/../lib/gcc/arm-none-eabi/10.3.1/thumb/v7e-m+fp/softfp\libgcc.a(_arm_cmpdf2.o)
                0x1000faa4                __gtdf2
                0x1000faa4                __gedf2
                0x1000faac                __ltdf2
                0x1000faac                __ledf2
                0x1000fab4                __nedf2
                0x1000fab4                __eqdf2
                0x1000fab4                __cmpdf2
                0x1000fb30                __aeabi_cdrcmple
                0x1000fb40                __aeabi_cdcmpeq
                0x1000fb40                __aeabi_cdcmple
                0x1000fb50                __aeabi_dcmpeq
                0x1000fb64                __aeabi_dcmplt
                0x1000fb78                __aeabi_dcmple
                0x1000fb8c                __aeabi_dcmpge
                0x1000fba0                __aeabi_dcmpgt
 .text          0x1000fbb4       0x2c c:/maximsdk/tools/gnutools/10.3/bin/../lib/gcc/arm-none-eabi/10.3.1/thumb/v7e-m+fp/softfp\libgcc.a(_arm_unorddf2.o)
                0x1000fbb4                __unorddf2
                0x1000fbb4                __aeabi_dcmpun
 .text          0x1000fbe0       0x50 c:/maximsdk/tools/gnutools/10.3/bin/../lib/gcc/arm-none-eabi/10.3.1/thumb/v7e-m+fp/softfp\libgcc.a(_arm_fixdfsi.o)
                0x1000fbe0                __aeabi_d2iz
                0x1000fbe0                __fixdfsi
 .text          0x1000fc30       0x30 c:/maximsdk/tools/gnutools/10.3/bin/../lib/gcc/arm-none-eabi/10.3.1/thumb/v7e-m+fp/softfp\libgcc.a(_aeabi_uldivmod.o)
                0x1000fc30                __aeabi_uldivmod
 .text          0x1000fc60      0x2d0 c:/maximsdk/tools/gnutools/10.3/bin/../lib/gcc/arm-none-eabi/10.3.1/thumb/v7e-m+fp/softfp\libgcc.a(_udivmoddi4.o)
                0x1000fc60                __udivmoddi4
 .text          0x1000ff30        0x4 c:/maximsdk/tools/gnutools/10.3/bin/../lib/gcc/arm-none-eabi/10.3.1/thumb/v7e-m+fp/softfp\libgcc.a(_dvmd_tls.o)
                0x1000ff30                __aeabi_idiv0
                0x1000ff30                __aeabi_ldiv0
 *(.rodata*)
 .rodata.main.str1.4
                0x1000ff34      0x174 C:/MaximSDK/Examples/MAX78000/CNN/faceid_evkit/build/main.o
 .rodata.str1.4
                0x100100a8        0xc C:/MaximSDK/Examples/MAX78000/CNN/faceid_evkit/build/state_home.o
 .rodata.run_cnn.str1.4
                0x100100b4       0x96 C:/MaximSDK/Examples/MAX78000/CNN/faceid_evkit/build/state_faceID.o
                                 0x9a (size before relaxing)
 *fill*         0x1001014a        0x2 
 .rodata.init.str1.4
                0x1001014c       0x41 C:/MaximSDK/Examples/MAX78000/CNN/faceid_evkit/build/state_faceID.o
 *fill*         0x1001018d        0x3 
 .rodata.str1.4
                0x10010190        0x7 C:/MaximSDK/Examples/MAX78000/CNN/faceid_evkit/build/state_faceID.o
 *fill*         0x10010197        0x1 
 .rodata.kernels_0
                0x10010198      0xb04 C:/MaximSDK/Examples/MAX78000/CNN/faceid_evkit/build/cnn.o
 .rodata.kernels_1
                0x10010c9c      0xb04 C:/MaximSDK/Examples/MAX78000/CNN/faceid_evkit/build/cnn.o
 .rodata.kernels_10
                0x100117a0      0xb04 C:/MaximSDK/Examples/MAX78000/CNN/faceid_evkit/build/cnn.o
 .rodata.kernels_11
                0x100122a4      0xb04 C:/MaximSDK/Examples/MAX78000/CNN/faceid_evkit/build/cnn.o
 .rodata.kernels_12
                0x10012da8      0xb04 C:/MaximSDK/Examples/MAX78000/CNN/faceid_evkit/build/cnn.o
 .rodata.kernels_13
                0x100138ac      0xb04 C:/MaximSDK/Examples/MAX78000/CNN/faceid_evkit/build/cnn.o
 .rodata.kernels_14
                0x100143b0      0xb04 C:/MaximSDK/Examples/MAX78000/CNN/faceid_evkit/build/cnn.o
 .rodata.kernels_15
                0x10014eb4      0xb04 C:/MaximSDK/Examples/MAX78000/CNN/faceid_evkit/build/cnn.o
 .rodata.kernels_16
                0x100159b8      0xb04 C:/MaximSDK/Examples/MAX78000/CNN/faceid_evkit/build/cnn.o
 .rodata.kernels_17
                0x100164bc      0xb04 C:/MaximSDK/Examples/MAX78000/CNN/faceid_evkit/build/cnn.o
 .rodata.kernels_18
                0x10016fc0      0xb04 C:/MaximSDK/Examples/MAX78000/CNN/faceid_evkit/build/cnn.o
 .rodata.kernels_19
                0x10017ac4      0xb04 C:/MaximSDK/Examples/MAX78000/CNN/faceid_evkit/build/cnn.o
 .rodata.kernels_2
                0x100185c8      0xb04 C:/MaximSDK/Examples/MAX78000/CNN/faceid_evkit/build/cnn.o
 .rodata.kernels_20
                0x100190cc      0x9e4 C:/MaximSDK/Examples/MAX78000/CNN/faceid_evkit/build/cnn.o
 .rodata.kernels_21
                0x10019ab0      0x9e4 C:/MaximSDK/Examples/MAX78000/CNN/faceid_evkit/build/cnn.o
 .rodata.kernels_22
                0x1001a494      0x9e4 C:/MaximSDK/Examples/MAX78000/CNN/faceid_evkit/build/cnn.o
 .rodata.kernels_23
                0x1001ae78      0x9e4 C:/MaximSDK/Examples/MAX78000/CNN/faceid_evkit/build/cnn.o
 .rodata.kernels_24
                0x1001b85c      0x9e4 C:/MaximSDK/Examples/MAX78000/CNN/faceid_evkit/build/cnn.o
 .rodata.kernels_25
                0x1001c240      0x9e4 C:/MaximSDK/Examples/MAX78000/CNN/faceid_evkit/build/cnn.o
 .rodata.kernels_26
                0x1001cc24      0x9e4 C:/MaximSDK/Examples/MAX78000/CNN/faceid_evkit/build/cnn.o
 .rodata.kernels_27
                0x1001d608      0x9e4 C:/MaximSDK/Examples/MAX78000/CNN/faceid_evkit/build/cnn.o
 .rodata.kernels_28
                0x1001dfec      0x9e4 C:/MaximSDK/Examples/MAX78000/CNN/faceid_evkit/build/cnn.o
 .rodata.kernels_29
                0x1001e9d0      0x9e4 C:/MaximSDK/Examples/MAX78000/CNN/faceid_evkit/build/cnn.o
 .rodata.kernels_3
                0x1001f3b4      0x9e4 C:/MaximSDK/Examples/MAX78000/CNN/faceid_evkit/build/cnn.o
 .rodata.kernels_30
                0x1001fd98      0x9e4 C:/MaximSDK/Examples/MAX78000/CNN/faceid_evkit/build/cnn.o
 .rodata.kernels_31
                0x1002077c      0x9e4 C:/MaximSDK/Examples/MAX78000/CNN/faceid_evkit/build/cnn.o
 .rodata.kernels_32
                0x10021160      0xb04 C:/MaximSDK/Examples/MAX78000/CNN/faceid_evkit/build/cnn.o
 .rodata.kernels_33
                0x10021c64      0xb04 C:/MaximSDK/Examples/MAX78000/CNN/faceid_evkit/build/cnn.o
 .rodata.kernels_34
                0x10022768      0xb04 C:/MaximSDK/Examples/MAX78000/CNN/faceid_evkit/build/cnn.o
 .rodata.kernels_35
                0x1002326c      0xb04 C:/MaximSDK/Examples/MAX78000/CNN/faceid_evkit/build/cnn.o
 .rodata.kernels_36
                0x10023d70      0xb04 C:/MaximSDK/Examples/MAX78000/CNN/faceid_evkit/build/cnn.o
 .rodata.kernels_37
                0x10024874      0xb04 C:/MaximSDK/Examples/MAX78000/CNN/faceid_evkit/build/cnn.o
 .rodata.kernels_38
                0x10025378      0xb04 C:/MaximSDK/Examples/MAX78000/CNN/faceid_evkit/build/cnn.o
 .rodata.kernels_39
                0x10025e7c      0xb04 C:/MaximSDK/Examples/MAX78000/CNN/faceid_evkit/build/cnn.o
 .rodata.kernels_4
                0x10026980      0xb04 C:/MaximSDK/Examples/MAX78000/CNN/faceid_evkit/build/cnn.o
 .rodata.kernels_40
                0x10027484      0xb04 C:/MaximSDK/Examples/MAX78000/CNN/faceid_evkit/build/cnn.o
 .rodata.kernels_41
                0x10027f88      0xb04 C:/MaximSDK/Examples/MAX78000/CNN/faceid_evkit/build/cnn.o
 .rodata.kernels_42
                0x10028a8c      0xb04 C:/MaximSDK/Examples/MAX78000/CNN/faceid_evkit/build/cnn.o
 .rodata.kernels_43
                0x10029590      0xb04 C:/MaximSDK/Examples/MAX78000/CNN/faceid_evkit/build/cnn.o
 .rodata.kernels_44
                0x1002a094      0xb04 C:/MaximSDK/Examples/MAX78000/CNN/faceid_evkit/build/cnn.o
 .rodata.kernels_45
                0x1002ab98      0xb04 C:/MaximSDK/Examples/MAX78000/CNN/faceid_evkit/build/cnn.o
 .rodata.kernels_46
                0x1002b69c      0xb04 C:/MaximSDK/Examples/MAX78000/CNN/faceid_evkit/build/cnn.o
 .rodata.kernels_47
                0x1002c1a0      0xb04 C:/MaximSDK/Examples/MAX78000/CNN/faceid_evkit/build/cnn.o
 .rodata.kernels_48
                0x1002cca4      0xb04 C:/MaximSDK/Examples/MAX78000/CNN/faceid_evkit/build/cnn.o
 .rodata.kernels_49
                0x1002d7a8      0xb04 C:/MaximSDK/Examples/MAX78000/CNN/faceid_evkit/build/cnn.o
 .rodata.kernels_5
                0x1002e2ac      0xb04 C:/MaximSDK/Examples/MAX78000/CNN/faceid_evkit/build/cnn.o
 .rodata.kernels_50
                0x1002edb0      0xb04 C:/MaximSDK/Examples/MAX78000/CNN/faceid_evkit/build/cnn.o
 .rodata.kernels_51
                0x1002f8b4      0xb04 C:/MaximSDK/Examples/MAX78000/CNN/faceid_evkit/build/cnn.o
 .rodata.kernels_52
                0x100303b8      0xb04 C:/MaximSDK/Examples/MAX78000/CNN/faceid_evkit/build/cnn.o
 .rodata.kernels_53
                0x10030ebc      0xb04 C:/MaximSDK/Examples/MAX78000/CNN/faceid_evkit/build/cnn.o
 .rodata.kernels_54
                0x100319c0      0xb04 C:/MaximSDK/Examples/MAX78000/CNN/faceid_evkit/build/cnn.o
 .rodata.kernels_55
                0x100324c4      0xb04 C:/MaximSDK/Examples/MAX78000/CNN/faceid_evkit/build/cnn.o
 .rodata.kernels_56
                0x10032fc8      0xb04 C:/MaximSDK/Examples/MAX78000/CNN/faceid_evkit/build/cnn.o
 .rodata.kernels_57
                0x10033acc      0xb04 C:/MaximSDK/Examples/MAX78000/CNN/faceid_evkit/build/cnn.o
 .rodata.kernels_58
                0x100345d0      0xb04 C:/MaximSDK/Examples/MAX78000/CNN/faceid_evkit/build/cnn.o
 .rodata.kernels_59
                0x100350d4      0xb04 C:/MaximSDK/Examples/MAX78000/CNN/faceid_evkit/build/cnn.o
 .rodata.kernels_6
                0x10035bd8      0xb04 C:/MaximSDK/Examples/MAX78000/CNN/faceid_evkit/build/cnn.o
 .rodata.kernels_60
                0x100366dc      0xb04 C:/MaximSDK/Examples/MAX78000/CNN/faceid_evkit/build/cnn.o
 .rodata.kernels_61
                0x100371e0      0xb04 C:/MaximSDK/Examples/MAX78000/CNN/faceid_evkit/build/cnn.o
 .rodata.kernels_62
                0x10037ce4      0xb04 C:/MaximSDK/Examples/MAX78000/CNN/faceid_evkit/build/cnn.o
 .rodata.kernels_63
                0x100387e8      0xb04 C:/MaximSDK/Examples/MAX78000/CNN/faceid_evkit/build/cnn.o
 .rodata.kernels_7
                0x100392ec      0xb04 C:/MaximSDK/Examples/MAX78000/CNN/faceid_evkit/build/cnn.o
 .rodata.kernels_8
                0x10039df0      0xb04 C:/MaximSDK/Examples/MAX78000/CNN/faceid_evkit/build/cnn.o
 .rodata.kernels_9
                0x1003a8f4      0xb04 C:/MaximSDK/Examples/MAX78000/CNN/faceid_evkit/build/cnn.o
 .rodata.embeddings
                0x1003b3f8     0x2a28 C:/MaximSDK/Examples/MAX78000/CNN/faceid_evkit/build/embedding_process.o
 .rodata.mxc_assert.str1.4
                0x1003de20       0x19 C:/MaximSDK/Examples/MAX78000/CNN/faceid_evkit/build/board.o
 *fill*         0x1003de39        0x3 
 .rodata.Board_Init.str1.4
                0x1003de3c       0x45 C:/MaximSDK/Examples/MAX78000/CNN/faceid_evkit/build/board.o
 *fill*         0x1003de81        0x3 
 .rodata.led_pin
                0x1003de84       0x24 C:/MaximSDK/Examples/MAX78000/CNN/faceid_evkit/build/board.o
                0x1003de84                led_pin
 .rodata.num_leds
                0x1003dea8        0x4 C:/MaximSDK/Examples/MAX78000/CNN/faceid_evkit/build/board.o
                0x1003dea8                num_leds
 .rodata.num_pbs
                0x1003deac        0x4 C:/MaximSDK/Examples/MAX78000/CNN/faceid_evkit/build/board.o
                0x1003deac                num_pbs
 .rodata.pb_pin
                0x1003deb0       0x18 C:/MaximSDK/Examples/MAX78000/CNN/faceid_evkit/build/board.o
                0x1003deb0                pb_pin
 .rodata.LED_On.str1.4
                0x1003dec8       0x5f C:/MaximSDK/Examples/MAX78000/CNN/faceid_evkit/build/led.o
 *fill*         0x1003df27        0x1 
 .rodata.camera_setup.str1.4
                0x1003df28       0x1b C:/MaximSDK/Examples/MAX78000/CNN/faceid_evkit/build/camera.o
 *fill*         0x1003df43        0x1 
 .rodata.dump_registers.str1.4
                0x1003df44       0x12 C:/MaximSDK/Examples/MAX78000/CNN/faceid_evkit/build/ov7692.o
 *fill*         0x1003df56        0x2 
 .rodata.default_regs
                0x1003df58       0x5e C:/MaximSDK/Examples/MAX78000/CNN/faceid_evkit/build/ov7692.o
 *fill*         0x1003dfb6        0x2 
 .rodata.gpio_cfg_scl
                0x1003dfb8        0xc C:/MaximSDK/Examples/MAX78000/CNN/faceid_evkit/build/sccb.o
 .rodata.gpio_cfg_sda